
 Start         Length     Name                   Class
 0001:00000000 0001F5D8H .text                   CODE
 0002:00000000 000005ACH .data                   DATA
 0002:000005AC 00002C19H .bss                    BSS


Detailed map of segments

 0001:00000000 00004EBF C=CODE     S=.text    G=(none)   M=System   ACBP=A9
 0001:00004EC0 00000140 C=CODE     S=.text    G=(none)   M=SysInit  ACBP=A9
 0001:00005000 00000038 C=CODE     S=.text    G=(none)   M=fastmm4  ACBP=A9
 0001:00005038 00000038 C=CODE     S=.text    G=(none)   M=Types    ACBP=A9
 0001:00005070 000001F8 C=CODE     S=.text    G=(none)   M=Windows  ACBP=A9
 0001:00005268 00000038 C=CODE     S=.text    G=(none)   M=Messages ACBP=A9
 0001:000052A0 00000308 C=CODE     S=.text    G=(none)   M=SysConst ACBP=A9
 0001:000055A8 00005F1C C=CODE     S=.text    G=(none)   M=SysUtils ACBP=A9
 0001:0000B4C4 000007FB C=CODE     S=.text    G=(none)   M=VarUtils ACBP=A9
 0001:0000BCC0 0000280E C=CODE     S=.text    G=(none)   M=Variants ACBP=A9
 0001:0000E4D0 000000A8 C=CODE     S=.text    G=(none)   M=RTLConsts ACBP=A9
 0001:0000E578 00000084 C=CODE     S=.text    G=(none)   M=TypInfo  ACBP=A9
 0001:0000E5FC 00000038 C=CODE     S=.text    G=(none)   M=ActiveX  ACBP=A9
 0001:0000E634 00003466 C=CODE     S=.text    G=(none)   M=Classes  ACBP=A9
 0001:00011A9C 00000038 C=CODE     S=.text    G=(none)   M=ShellAPI ACBP=A9
 0001:00011AD4 00000038 C=CODE     S=.text    G=(none)   M=Wildcard ACBP=A9
 0001:00011B0C 00000038 C=CODE     S=.text    G=(none)   M=CommCtrl ACBP=A9
 0001:00011B44 00000038 C=CODE     S=.text    G=(none)   M=RegStr   ACBP=A9
 0001:00011B7C 00000038 C=CODE     S=.text    G=(none)   M=WinInet  ACBP=A9
 0001:00011BB4 00000038 C=CODE     S=.text    G=(none)   M=UrlMon   ACBP=A9
 0001:00011BEC 00000038 C=CODE     S=.text    G=(none)   M=ShlObj   ACBP=A9
 0001:00011C24 00000038 C=CODE     S=.text    G=(none)   M=StrUtils ACBP=A9
 0001:00011C5C 00000068 C=CODE     S=.text    G=(none)   M=IniFiles ACBP=A9
 0001:00011CC4 000002E4 C=CODE     S=.text    G=(none)   M=mUtils   ACBP=A9
 0001:00011FA8 000005C8 C=CODE     S=.text    G=(none)   M=Registry ACBP=A9
 0001:00012570 0000B5F8 C=CODE     S=.text    G=(none)   M=uLocalize ACBP=A9
 0001:0001DB68 000006D4 C=CODE     S=.text    G=(none)   M=mMist    ACBP=A9
 0001:0001E23C 0000139C C=CODE     S=.text    G=(none)   M=mcrar    ACBP=A9
 0002:00000000 0000009C C=DATA     S=.data    G=DGROUP   M=System   ACBP=A9
 0002:0000009C 0000001C C=DATA     S=.data    G=DGROUP   M=SysInit  ACBP=A9
 0002:000000B8 00000250 C=DATA     S=.data    G=DGROUP   M=SysUtils ACBP=A9
 0002:00000308 00000008 C=DATA     S=.data    G=DGROUP   M=VarUtils ACBP=A9
 0002:00000310 00000076 C=DATA     S=.data    G=DGROUP   M=Variants ACBP=A9
 0002:00000388 0000000C C=DATA     S=.data    G=DGROUP   M=TypInfo  ACBP=A9
 0002:00000394 00000004 C=DATA     S=.data    G=DGROUP   M=Classes  ACBP=A9
 0002:00000398 00000008 C=DATA     S=.data    G=DGROUP   M=IniFiles ACBP=A9
 0002:000003A0 00000008 C=DATA     S=.data    G=DGROUP   M=Registry ACBP=A9
 0002:000003A8 00000008 C=DATA     S=.data    G=DGROUP   M=uLocalize ACBP=A9
 0002:00001000 0000065C C=BSS      S=.bss     G=DGROUP   M=System   ACBP=A9
 0002:0000165C 00000010 C=BSS      S=.bss     G=DGROUP   M=SysInit  ACBP=A9
 0002:0000166C 00000004 C=BSS      S=.bss     G=DGROUP   M=fastmm4  ACBP=A9
 0002:00001670 00000004 C=BSS      S=.bss     G=DGROUP   M=Types    ACBP=A9
 0002:00001674 00000004 C=BSS      S=.bss     G=DGROUP   M=Windows  ACBP=A9
 0002:00001678 00000004 C=BSS      S=.bss     G=DGROUP   M=Messages ACBP=A9
 0002:0000167C 00000004 C=BSS      S=.bss     G=DGROUP   M=SysConst ACBP=A9
 0002:00001680 00000120 C=BSS      S=.bss     G=DGROUP   M=SysUtils ACBP=A9
 0002:000017A0 0000005C C=BSS      S=.bss     G=DGROUP   M=VarUtils ACBP=A9
 0002:000017FC 00000040 C=BSS      S=.bss     G=DGROUP   M=Variants ACBP=A9
 0002:0000183C 00000004 C=BSS      S=.bss     G=DGROUP   M=RTLConsts ACBP=A9
 0002:00001840 00000004 C=BSS      S=.bss     G=DGROUP   M=TypInfo  ACBP=A9
 0002:00001844 00000004 C=BSS      S=.bss     G=DGROUP   M=ActiveX  ACBP=A9
 0002:00001848 00000034 C=BSS      S=.bss     G=DGROUP   M=Classes  ACBP=A9
 0002:0000187C 00000004 C=BSS      S=.bss     G=DGROUP   M=ShellAPI ACBP=A9
 0002:00001880 00000004 C=BSS      S=.bss     G=DGROUP   M=Wildcard ACBP=A9
 0002:00001884 00000004 C=BSS      S=.bss     G=DGROUP   M=CommCtrl ACBP=A9
 0002:00001888 00000004 C=BSS      S=.bss     G=DGROUP   M=RegStr   ACBP=A9
 0002:0000188C 00000004 C=BSS      S=.bss     G=DGROUP   M=WinInet  ACBP=A9
 0002:00001890 00000004 C=BSS      S=.bss     G=DGROUP   M=UrlMon   ACBP=A9
 0002:00001894 00000004 C=BSS      S=.bss     G=DGROUP   M=ShlObj   ACBP=A9
 0002:00001898 00000004 C=BSS      S=.bss     G=DGROUP   M=StrUtils ACBP=A9
 0002:0000189C 00000004 C=BSS      S=.bss     G=DGROUP   M=IniFiles ACBP=A9
 0002:000018A0 00000014 C=BSS      S=.bss     G=DGROUP   M=mUtils   ACBP=A9
 0002:000018B4 00000004 C=BSS      S=.bss     G=DGROUP   M=Registry ACBP=A9
 0002:000018B8 00001F94 C=BSS      S=.bss     G=DGROUP   M=uLocalize ACBP=A9
 0002:0000384C 00000004 C=BSS      S=.bss     G=DGROUP   M=mMist    ACBP=A9
 0002:00003850 000003C8 C=BSS      S=.bss     G=DGROUP   M=mcrar    ACBP=A9


  Address         Publics by Name

 0002:0000166C       .1
 0002:00001664       .1
 0002:0000183C       .1
 0002:00003844       .1
 0002:0000187C       .1
 0002:00001880       .1
 0002:00001884       .1
 0002:0000167C       .1
 0002:00001888       .1
 0002:00001670       .1
 0002:0000384C       .1
 0002:0000188C       .1
 0002:00001678       .1
 0002:00001890       .1
 0002:00001894       .1
 0002:00001898       .1
 0002:000018B0       .1
 0002:00001674       .3
 0002:00001844       .3
 0002:00001790       .35
 0002:00001850       .45
 0002:000015B4       .5
 0002:000018B4       .5
 0002:000017F8       .5
 0002:00001840       .6
 0002:0000189C       .8
 0002:0000181C       .81
 0001:00001A3C       @AbstractError
 0001:00002ABC       @AfterConstruction
 0001:00001D20       @Assign
 0001:00002ACC       @BeforeDestruction
 0001:000029FC       @CallDynaInst
 0001:00002A64       @ClassCreate
 0001:00002AB4       @ClassDestroy
 0001:00001DE8       @Close
 0001:000017D4       @Copy
 0001:00003EB8       @CopyArray
 0001:00003D9C       @CopyRecord
 0001:00003FAC       @DispCallByIDError
 0001:0000C760       @DispInvokeError
 0001:00002DAC       @DoneExcept
 0001:000041DC       @DynArrayAsg
 0001:000041A0       @DynArrayClear
 0001:00003FE0       @DynArrayHigh
 0001:00003FD8       @DynArrayLength
 0001:00004194       @DynArraySetLength
 0001:00001E5C       @EofText
 0001:00002E94       @ExceptionHandler
 0001:00001E94       @FillChar
 0001:00003D78       @Finalize
 0001:00003C8C       @FinalizeArray
 0001:00003C40       @FinalizeRecord
 0001:00001DDC       @Flush
 0001:00002780       @FpuInit
 0001:000026BC       @FpuMaskInit
 0001:00001698       @FreeMem
 0001:00001678       @GetMem
 0001:00004F38       @GetTls
 0001:000032B8       @Halt
 0001:000031E0       @Halt0
 0001:00002BCC       @HandleAnyException
 0001:00002CF8       @HandleFinally
 0001:00004F84       @InitExe
 0001:000030A4       @InitImports
 0001:0000307C       @InitResStringImports
 0001:00004844       @IntfClear
 0001:0000485C       @IntfCopy
 0001:000029A8       @IsClass
 0001:0000268C       @isNECWindows
 0001:00001818       @LGetDir
 0001:0000375C       @LStrAddRef
 0001:000032F4       @LStrArrayClr
 0001:00003324       @LStrAsg
 0001:00003574       @LStrCat
 0001:000035B8       @LStrCat3
 0001:0000362C       @LStrCatN
 0001:000032D0       @LStrClr
 0001:000036B8       @LStrCmp
 0001:000037CC       @LStrCopy
 0001:0000380C       @LStrDelete
 0001:00003540       @LStrFromArray
 0001:000034B8       @LStrFromChar
 0001:000034C8       @LStrFromPChar
 0001:000033C0       @LStrFromPCharLen
 0001:000034F8       @LStrFromPWChar
 0001:0000342C       @LStrFromPWCharLen
 0001:00003534       @LStrFromString
 0001:00003558       @LStrFromWStr
 0001:00003854       @LStrInsert
 0001:00003368       @LStrLAsg
 0001:0000356C       @LStrLen
 0001:000038B0       @LStrPos
 0001:000038F8       @LStrSetLength
 0001:0000376C       @LStrToPChar
 0001:00003394       @NewAnsiString
 0001:0000398C       @NewWideString
 0001:000023A0       @Pow10
 0001:00001E40       @PStrNCpy
 0001:00002D58       @RaiseAgain
 0001:00002D30       @RaiseExcept
 0001:00001EF0       @ReadChar
 0001:00002054       @ReadLn
 0001:00001FE8       @ReadLString
 0001:00001FDC       @ReadString
 0001:000016B8       @ReallocMem
 0001:00001AB0       @ResetText
 0001:00001ABC       @RewritText
 0001:000032C4       @RunError
 0001:00002384       @SetEq
 0001:0000303C       @StartExe
 0001:00000250       @strlen
 0001:00002084       @StrLong
 0001:00002DDC       @TryFinallyExit
 0001:000037C4       @UniqueStringA
 0001:000020E4       @ValLong
 0001:0000DD14       @VarAddRef
 0001:0000CA38       @VarClear
 0001:0000CA4C       @VarClr
 0001:00003C74       @VarClr
 0001:00003D84       @VarCopy
 0001:0000CD60       @VarCopy
 0001:0000D08C       @VarToLStr
 0001:0000D7B4       @VarToWStr
 0001:0000230C       @Write0Long
 0001:0000395C       @Write0LString
 0001:000021FC       @WriteBytes
 0001:0000233C       @WriteLn
 0001:000022CC       @WriteLong
 0001:00003964       @WriteLString
 0001:00002250       @WriteSpaces
 0001:00002314       @WriteString
 0001:000039CC       @WStrArrayClr
 0001:000039F0       @WStrAsg
 0001:000039B4       @WStrClr
 0001:00003B2C       @WStrCmp
 0001:00003BB0       @WStrCopy
 0001:00003B00       @WStrFromLStr
 0001:00003A14       @WStrFromPCharLen
 0001:00003AC4       @WStrFromPWChar
 0001:00003AA0       @WStrFromPWCharLen
 0001:00003B20       @WStrLen
 0001:00003BFC       @WStrSetLength
 0001:00003B10       @WStrToPWChar
 0001:0000176C       @_IOTest
 0001:00003FB4       @_llmul
 0001:00009B1C       AbstractErrorHandler
 0002:00001028       AbstractErrorProc
 0002:00000138       AccessMode
 0001:0000E62C       ActiveX
 0001:00000384       AddBlockAfter
 0001:000046E8       AddModuleUnloadProc
 0001:000046D8       AddModuleUnloadProc
 0001:00006184       AllocMem
 0002:000015AC       AllocMemCount
 0002:000015B0       AllocMemSize
 0001:00004EE0       AllocTlsBuffer
 0001:00006294       AnsiCompareStr
 0001:000062CC       AnsiCompareText
 0001:0000A384       AnsiPos
 0001:00006304       AnsiSameText
 0001:0000A3BC       AnsiStrPos
 0001:0000A45C       AnsiStrRScan
 0001:0000A484       AnsiStrScan
 0001:00004C7C       AnsiToUtf8
 0002:00002EF0       api0
 0002:00002EF4       api1
 0002:00002F54       api10
 0002:00002F58       api11
 0002:00002F5C       api12
 0002:00002F60       api13
 0002:00002F64       api14
 0002:00002F68       api15
 0002:00002F6C       api16
 0002:00002F70       api17
 0002:00002F74       api18
 0002:00002F78       api19
 0002:00002EF8       api2
 0002:00002F7C       api20
 0002:00002F80       api21
 0002:00002F84       api22
 0002:00002F88       api23
 0002:00002F8C       api24
 0002:00002F90       api25
 0002:00002F94       api26
 0002:00002F98       api27
 0002:00002F9C       api28
 0002:00002FA0       api29
 0002:00002EFC       api3
 0002:00002FA4       api30
 0002:00002FA8       api31
 0002:00002FAC       api32
 0002:00002FB0       api33
 0002:00002FB4       api34
 0002:00002FB8       api35
 0002:00002FBC       api36
 0002:00002FC0       api37
 0002:00002FC4       api38
 0002:00002FC8       api39
 0002:00002F00       api4
 0002:00002FCC       api40
 0002:00002FD0       api41
 0002:00002FD4       api42
 0002:00002FD8       api43
 0002:0000309C       api44
 0002:000030A0       api45
 0002:000030A4       api46
 0002:000030A8       api47
 0002:000030AC       api48
 0002:00002F04       api5
 0002:00002F08       api6
 0002:00002F0C       api7
 0002:00002F4C       api8
 0002:00002F50       api9
 0002:00003004       apiAbout0
 0002:00003008       apiAbout1
 0002:0000300C       apiAbout2
 0002:00003010       apiAbout3
 0002:00002F30       apiCompress
 0002:00002F38       apiCompressEmail
 0002:00002F44       apiCompressEmailHint
 0002:00002F3C       apiCompressHint
 0002:00002F34       apiCompressNow
 0002:00002F40       apiCompressNowHint
 0002:00002F48       apiCompressShellHint
 0002:00002F10       apiExtract
 0002:00002F18       apiExtractFolder
 0002:00002F2C       apiExtractFolderHint
 0002:00002F14       apiExtractHere
 0002:00002F28       apiExtractHereHint
 0002:00002F24       apiExtractHint
 0002:000030CC       apiGenFail
 0002:00003050       apiLic0
 0002:00003054       apiLic1
 0002:00003078       apiLic10
 0002:0000307C       apiLic11
 0002:00003080       apiLic12
 0002:00003084       apiLic13
 0002:00003088       apiLic14
 0002:0000308C       apiLic15
 0002:00003090       apiLic16
 0002:00003094       apiLic17
 0002:00003098       apiLic18
 0002:000030B0       apiLic19
 0002:00003058       apiLic2
 0002:000030B4       apiLic20
 0002:000030B8       apiLic21
 0002:000030BC       apiLic22
 0002:000030C0       apiLic23
 0002:000030C4       apiLic24
 0002:000030C8       apiLic25
 0002:0000305C       apiLic3
 0002:00003060       apiLic4
 0002:00003064       apiLic5
 0002:00003068       apiLic6
 0002:0000306C       apiLic7
 0002:00003070       apiLic8
 0002:00003074       apiLic9
 0002:00002F1C       apiNoOpen
 0002:00002F20       apiReInstall
 0002:00002FDC       apiSheet0
 0002:00002FE0       apiSheet1
 0002:00002FE4       apiSheet2
 0002:00002FE8       apiSheet3
 0002:00002FEC       apiSheet4
 0002:00002FF0       apiSheet5
 0002:00002FF4       apiSheet6
 0002:00002FF8       apiSheet7
 0002:00002FFC       apiSheet8
 0002:00003000       apiSheet9
 0002:00003014       apiTip0
 0002:00003018       apiTip1
 0002:0000303C       apiTip10
 0002:00003040       apiTip11
 0002:00003044       apiTip12
 0002:00003048       apiTip13
 0002:0000304C       apiTip14
 0002:0000301C       apiTip2
 0002:00003020       apiTip3
 0002:00003024       apiTip4
 0002:00003028       apiTip5
 0002:0000302C       apiTip6
 0002:00003030       apiTip7
 0002:00003034       apiTip8
 0002:00003038       apiTip9
 0001:00007B10       AppendChars
 0001:00007ED4       AppendFormat
 0001:00007B74       AppendNumber
 0001:00007B54       AppendString
 0001:00011CC4       AssertDir
 0001:00011D10       AssertDirectoryFormat
 0001:00009B00       AssertErrorHandler
 0002:00001020       AssertErrorProc
 0002:00001604       avail
 0001:0000693C       BackfillGetDiskFreeSpaceEx
 0001:0000B754       BackupVarBoolFromStr
 0001:0000B8B4       BackupVarBStrFromBool
 0001:0000B7D4       BackupVarBStrFromCy
 0001:0000B844       BackupVarBStrFromDate
 0001:0000B6E8       BackupVarCyFromStr
 0001:0000B67C       BackupVarDateFromStr
 0001:0000B538       BackupVarI4FromStr
 0001:0000B4E4       BackupVariantChangeTypeEx
 0001:0000B5A4       BackupVarR4FromStr
 0001:0000B610       BackupVarR8FromStr
 0001:0000B520       BiUnimplemented
 0002:000015DC       blockDescBlockList
 0002:000015E0       blockDescFreeList
 0002:00000388       BooleanIdents
 0002:00000318       BooleanToStringRule
 0001:00006694       BoolToStr
 0001:0000CE14       BoolToWStrViaOS
 0001:00018BBC       BrandName
 0002:000003A8       BraZipFix
 0001:0000A0C4       ByteToCharIndex
 0001:0000A09C       ByteToCharLen
 0001:0000A060       ByteType
 0001:00009FE8       ByteTypeTest
 0002:00001D54       cab1
 0002:00001D50       cab512
 0002:00001D6C       cabAutoFolder
 0002:00001D38       cabBadHeader
 0002:00001D5C       cabBytes
 0002:00001D64       cabBytesEach
 0002:00001D24       cabCabinetExists
 0002:00001D28       cabDiskette
 0002:00001D30       cabDiskSpace
 0002:00001D74       cabEXEDOS
 0002:00001D70       cabEXEWin
 0002:00001D88       cabFileAbsent
 0002:00001D48       cabHistory
 0002:00001D84       cabInsertContainingDisk
 0002:00001D34       cabInsertDisk
 0002:00001D40       cabLZX
 0002:00001D3C       cabMSZIP
 0002:00001D68       cabMultiNote
 0002:00001D60       cabMultiple
 0002:00001D2C       cabNewDisk
 0002:00001D80       cabNextPartMissing
 0002:00001D4C       cabNote
 0002:00001D78       cabPlatformID
 0002:00001D58       cabReserve
 0002:00001D7C       cabSeaText
 0002:00001D44       cabStrength
 0002:00001D8C       cabvEXE
 0002:00001D94       cabvEXEHint
 0002:00001D90       cabvTest
 0002:00001D98       cabvTestHint
 0002:00001B9C       cAction
 0002:00001B60       cActionError
 0002:000019E8       cAddFiles
 0002:00001928       cAlgorithm
 0002:00001A10       cAllArchives
 0002:000019F8       cAllCompressedFiles
 0002:00001970       cAllFiles
 0002:000018F4       cApply
 0002:00001A6C       cArchive
 0002:00001A88       cArchiveDone
 0002:00001B14       cArchiveOp
 0002:00001A14       cArchiveQuote
 0002:00001A08       cArcsSupported
 0002:0000193C       cAutoFolder
 0002:00001B34       cAV0
 0002:00001B38       cAV1
 0002:00001B3C       cAV2
 0002:00001B40       cAV3
 0002:000019A8       cBack
 0002:00001B1C       cBadAV1
 0002:00001B20       cBadAV2
 0002:00001A60       cBadCompEngine
 0002:00001B70       cBadDelete
 0002:00001BE0       cBadDir
 0002:00001A64       cBadExtEngine
 0002:00001B4C       cBadExtract
 0002:00001AB8       cBadIconSubsystem
 0002:00001D08       cBadLic
 0002:00001A8C       cBadMenu
 0002:00001B6C       cBadMulti
 0002:00001A78       cBadToolEngine
 0002:00001AE0       cBadUpdateSubsystem
 0002:000019C8       cBasedOn
 0002:000019E4       cBrowse
 0002:000018B8       cCancel
 0002:00001AD8       cCheckingOut
 0002:00001AE4       cCheckOutDone
 0002:000019F0       cClear
 0002:000019C4       cClickNext
 0002:00001968       cClickToConvert
 0002:000019A4       cClose
 0002:00001A04       cCodexGetNewPlug
 0002:000019FC       cCodexNoPlug
 0002:00001A00       cCodexPlugUpdate
 0002:00001BF4       cCodexUnableToOpen
 0002:00001BB8       cComments
 0002:00001BBC       cCommentsHint
 0002:00001B88       cCompFast
 0002:00001B80       cCompMax
 0002:00001B84       cCompNorm
 0002:000018E4       cCompress
 0002:00001B54       cCompressed
 0002:00001D20       cCompressedX
 0002:00001B50       cCompressing
 0002:00001B74       cCompressionCancelled
 0002:00001B7C       cCompressionKind
 0002:00001A54       cCompressPhase
 0002:00001B8C       cCompSuper
 0002:00001A74       cConvertDone
 0002:0000196C       cConverting
 0002:00001A4C       cConvertingTitle
 0002:00001C28       cCopy
 0002:00001C30       cCopyHint
 0002:00001ADC       cCreatingIcons
 0002:00001C44       cD1
 0002:00001C68       cD10
 0002:00001C6C       cD11
 0002:00001C70       cD12
 0002:00001C74       cD13
 0002:00001C78       cD14
 0002:00001C7C       cD15
 0002:00001C80       cD16
 0002:00001C84       cD17
 0002:00001C88       cD18
 0002:00001C8C       cD19
 0002:00001C48       cD2
 0002:00001C90       cD20
 0002:00001C94       cD21
 0002:00001C98       cD22
 0002:00001C9C       cD23
 0002:00001CA0       cD24
 0002:00001CA4       cD25
 0002:00001CA8       cD26
 0002:00001CAC       cD27
 0002:00001CB0       cD28
 0002:00001CB4       cD29
 0002:00001C4C       cD3
 0002:00001CB8       cD30
 0002:00001CBC       cD31
 0002:00001CC0       cD32
 0002:00001CC4       cD33
 0002:00001CC8       cD34
 0002:00001CCC       cD35
 0002:00001CD0       cD36
 0002:00001CD4       cD37
 0002:00001CD8       cD38
 0002:00001CDC       cD39
 0002:00001C50       cD4
 0002:00001CE0       cD40
 0002:00001CE4       cD41
 0002:00001CE8       cD42
 0002:00001CEC       cD43
 0002:00001CF0       cD44
 0002:00001CF4       cD45
 0002:00001CF8       cD46
 0002:00001CFC       cD47
 0002:00001D00       cD48
 0002:00001C54       cD5
 0002:00001C58       cD6
 0002:00001C5C       cD7
 0002:00001C60       cD8
 0002:00001C64       cD9
 0002:00001B64       cDecryptPassword
 0002:00001BA0       cDefault
 0002:00001B90       cDelAfterComp
 0002:00001B94       cDelete
 0002:00001A30       cDeleteProfile
 0002:000019B4       cDesignedAt
 0002:00001C24       cEdit
 0002:00001A2C       cEditProfile
 0002:00001BAC       cEncrypt
 0002:000018C8       cError
 0002:00001974       cEXEFiles
 0002:00001954       cEXEMaker
 0002:00001958       cEXEMakerExplanation
 0002:0000195C       cEXEMakerKind
 0002:00001BD4       cExtract
 0002:00001B48       cExtracted
 0002:00001B44       cExtracting
 0002:00001B68       cExtractNewFolder
 0002:00001A50       cExtractPhase
 0002:00001B58       cFailConfComp
 0002:00001B5C       cFailConfExt
 0002:00001B0C       cFailedRun
 0002:00001B10       cFailedRun_
 0002:00001BA8       cFasterTighter
 0002:000018D0       cFatalError
 0002:000019BC       cFeaturing
 0002:00001BCC       cFile
 0002:00001930       cFolder
 0002:00001934       cFolderRelative
 0002:00001B08       cForOp
 0002:00001A7C       cForPlugIn
 0002:000018E0       cGeneral
 0002:00001814       ChangeAnyProc
 0001:000033F0       CharFromWChar
 0001:0000A298       CharLength
 0001:000001C0       CharNext
 0001:000051F8       CharNext
 0001:0000A1AC       CharToByteIndex
 0001:0000A210       CharToByteLen
 0001:00005200       CharToOem
 0001:00005208       CharToOemA
 0001:00012758       CharToOEMEx
 0002:00001B78       cHasOccured
 0001:000017A8       ChDir
 0001:000017BC       ChDir
 0001:00002B48       CheckJmp
 0002:000019B0       cHelp
 0002:00001908       cHigher
 0002:00001904       cHighest
 0002:00001918       cIdle
 0002:00001BF8       cIllustration
 0002:00001AF0       cIn
 0002:00001AB0       cInArchive
 0002:00001AE8       cInstalling
 0002:00001920       cInteractive
 0002:00001BDC       cInternal
 0002:0000031C       CInvalidCustomVariantType
 0002:00001984       cInvalidSaveName
 0002:00001C3C       cInvalidSplitSize
 0002:00001BB4       cKB
 0001:00011A08       Classes
 0002:00001810       ClearAnyProc
 0001:0000E050       ClearVariantTypeList
 0002:00001BE4       cLock
 0002:00001980       cLogDialogSaveAs
 0002:00001924       cLogged
 0001:00000160       CloseHandle
 0001:00005090       CloseHandle
 0002:00001944       clOverwrite
 0002:00001910       cLower
 0002:00001914       cLowest
 0002:000018F8       clPriority
 0002:000018FC       clUserMode
 0002:00001D04       cMaxLic
 0002:00001A34       cMB
 0002:0000103C       CmdLine
 0002:00001038       CmdShow
 0002:00001BA4       cMinMax
 0002:00001BB0       cMist
 0001:0000B52C       CmpUnimplemented
 0002:000018EC       cMultiPart
 0002:0000191C       cNew
 0002:00001A28       cNewProfile
 0002:000019AC       cNext
 0002:00001994       cNo
 0002:00001BFC       cNoArchivable
 0002:00001A38       cNoArchiveSelected
 0002:00001AFC       cNoAutoSetup1
 0002:00001B00       cNoAutoSetup2
 0002:00001AC0       cNoCheckOutRights1
 0002:00001AC4       cNoCheckOutRights2
 0002:00001B24       cNoPlugAV
 0002:00001AD0       cNoPlugCheckOut
 0002:00001A44       cNoPlugCompConv1
 0002:00001A48       cNoPlugCompConv2
 0002:00001AC8       cNoPlugExt
 0002:00001A3C       cNoPlugExtConv1
 0002:00001A40       cNoPlugExtConv2
 0002:00001AF4       cNoPlugOp
 0002:00001A90       cNoPlugTools
 0002:00001A94       cNoPlugToolsHint
 0002:00001AA4       cNoPlugView1
 0002:00001AA8       cNoPlugView2
 0002:0000190C       cNormal
 0002:00001998       cNoToAll
 0002:000019D4       cNoWriteReg
 0002:00001A5C       cOf
 0002:000018F0       cOK
 0002:00001DAC       comA
 0002:00001DB0       comAR
 0002:00001E14       comArcSpecTools
 0002:00001DF8       comBYTES
 0002:00001E40       comBYTES_
 0002:00001DC0       comC
 0002:00001DA8       comCommands
 0002:00001DEC       comComplete
 0002:00001E4C       comCompressing
 0002:00001E1C       comConvertEffect
 0002:00001E38       comDirList
 0002:00001DB8       comE
 0002:00001E0C       comErrNoPlug
 0002:00001E34       comExtracting
 0002:00001DE8       comFailed
 0002:00001DF4       comFILES
 0002:00001DE0       comFileSupport
 0002:00001E3C       comFILES_
 0002:00001E2C       comFindExtract
 0002:00001E04       comFindingFilesForTool
 0002:00001DFC       comFindingTool
 0002:00001E00       comForArchive
 0002:00001E28       comInArchive
 0002:00001DB4       comL
 0002:00001DDC       comLoadPlugs
 0002:00003868       Command
 0002:00003C10       CommandList
 0001:00011B3C       CommCtrl
 0001:00000664       Commit
 0002:00001620       committedRoot
 0002:00001E44       comNoCompPlug
 0002:00001E18       comNoTools
 0002:00001DF0       comOpening
 0002:00001DCC       comPA
 0001:00005098       CompareString
 0001:0000621C       CompareText
 0001:000065BC       CompareWith
 0002:00001DE4       comParsing
 0002:00001DD0       comPE
 0002:00001DC8       comPI
 0002:00001E50       comPIExec
 0002:00001DD4       comPT
 0002:00001DA0       comSmart
 0002:00001E48       comStartComp
 0002:00001E20       comStartConvert
 0002:00001E30       comStartExtract
 0002:00001E08       comStartingTool
 0002:00001E10       comStartWeb
 0002:00001DC4       comT
 0002:00001D9C       comTitle
 0002:00001DA4       comUsage
 0002:00001DBC       comV
 0002:00001E24       comViewUpdate
 0002:00001DD8       comW
 0002:00001C40       cOnlineUpdate
 0001:0000955C       ConvertAddr
 0001:00007C64       ConvertEraString
 0001:00006160       ConvertErrorFmt
 0001:00007DCC       ConvertYearString
 0001:00003FE8       CopyArray
 0001:0000A11C       CountChars
 0002:000018D4       cOverwrite
 0002:00001948       cOverwriteAlways
 0002:0000194C       cOverwriteAsk
 0002:00001950       cOverwriteNever
 0002:0000199C       cOverwriteQuery
 0002:000019A0       cOverwriteQueryCaption
 0002:00002AC4       coxAdd0
 0002:00002AC8       coxAdd1
 0002:00002ACC       coxAdd2
 0002:00002AD0       coxAdd3
 0002:00002AD4       coxAdd4
 0002:00002AD8       coxAdd5
 0002:00002ADC       coxAdd6
 0002:00002AE0       coxAdd7
 0002:00002AE4       coxAdd8
 0002:00002A84       coxAlt0
 0002:00002A8C       coxAlt1
 0002:00002AB0       coxAlt10
 0002:00002AB4       coxAlt11
 0002:00002AB8       coxAlt12
 0002:00002A90       coxAlt2
 0002:00002A94       coxAlt3
 0002:00002A98       coxAlt4
 0002:00002A9C       coxAlt5
 0002:00002AA0       coxAlt6
 0002:00002AA4       coxAlt7
 0002:00002AA8       coxAlt8
 0002:00002AAC       coxAlt9
 0002:00002B38       coxChk0
 0002:00002B3C       coxChk1
 0002:00002B40       coxChk2
 0002:00002B44       coxChk3
 0002:00002B48       coxChk4
 0002:00002B4C       coxChk5
 0002:00002B50       coxChk6
 0002:00002B54       coxChk7
 0002:00002B58       coxChk8
 0002:00002B5C       coxChk9
 0002:00002B6C       coxConf0
 0002:00002B70       coxConf1
 0002:00002B94       coxConf10
 0002:00002B98       coxConf11
 0002:00002B9C       coxConf12
 0002:00002BA0       coxConf13
 0002:00002BA4       coxConf14
 0002:00002BA8       coxConf15
 0002:00002BAC       coxConf16
 0002:00002BB0       coxConf17
 0002:00002BB4       coxConf18
 0002:00002BB8       coxConf19
 0002:00002B74       coxConf2
 0002:00002BBC       coxConf20
 0002:00002BC0       coxConf21
 0002:00002BC4       coxConf22
 0002:00002BC8       coxConf23
 0002:00002BCC       coxConf24
 0002:00002BD0       coxConf25
 0002:00002BD4       coxConf26
 0002:00002BD8       coxConf27
 0002:00002BDC       coxConf28
 0002:00002BE0       coxConf29
 0002:00002B78       coxConf3
 0002:00002BE4       coxConf30
 0002:00002BE8       coxConf31
 0002:00002BEC       coxConf32
 0002:00002BF0       coxConf33
 0002:00002BF4       coxConf34
 0002:00002BF8       coxConf35
 0002:00002BFC       coxConf36
 0002:00002C00       coxConf37
 0002:00002C04       coxConf38
 0002:00002C08       coxConf39
 0002:00002B7C       coxConf4
 0002:00002C0C       coxConf40
 0002:00002C10       coxConf41
 0002:00002C14       coxConf42
 0002:00002C18       coxConf43
 0002:00002C1C       coxConf44
 0002:00002C20       coxConf45
 0002:00002C24       coxConf46
 0002:00002C28       coxConf47
 0002:00002C2C       coxConf48
 0002:00002C30       coxConf49
 0002:00002B80       coxConf5
 0002:00002B84       coxConf6
 0002:00002B88       coxConf7
 0002:00002B8C       coxConf8
 0002:00002B90       coxConf9
 0002:00002A78       coxDlg0
 0002:00002A7C       coxDlg1
 0002:00002A80       coxDlg2
 0002:00002AE8       coxEx0
 0002:00002AEC       coxEx1
 0002:00002B10       coxEx10
 0002:00002B14       coxEx11
 0002:00002AF0       coxEx2
 0002:00002AF4       coxEx3
 0002:00002AF8       coxEx4
 0002:00002AFC       coxEx5
 0002:00002B00       coxEx6
 0002:00002B04       coxEx7
 0002:00002B08       coxEx8
 0002:00002B0C       coxEx9
 0002:00002A5C       coxList0
 0002:00002A60       coxList1
 0002:00002A64       coxList2
 0002:00002A68       coxList3
 0002:00002A6C       coxList4
 0002:00002A70       coxList5
 0002:00002A74       coxList6
 0002:00002B60       coxMail0
 0002:00002B64       coxMail1
 0002:00002B68       coxMail2
 0002:00002ABC       coxMap0
 0002:00002AC0       coxMap1
 0002:000029A0       coxMenu0
 0002:000029A4       coxMenu1
 0002:000029C8       coxMenu10
 0002:000029CC       coxMenu11
 0002:000029D0       coxMenu12
 0002:000029D4       coxMenu13
 0002:000029D8       coxMenu14
 0002:000029DC       coxMenu15
 0002:000029E0       coxMenu16
 0002:000029E4       coxMenu17
 0002:000029E8       coxMenu18
 0002:000029EC       coxMenu19
 0002:000029A8       coxMenu2
 0002:000029F0       coxMenu20
 0002:000029F4       coxMenu21
 0002:000029F8       coxMenu22
 0002:000029FC       coxMenu23
 0002:00002A00       coxMenu24
 0002:00002A04       coxMenu25
 0002:00002A08       coxMenu26
 0002:00002A0C       coxMenu27
 0002:00002A10       coxMenu28
 0002:00002A14       coxMenu29
 0002:000029AC       coxMenu3
 0002:00002A18       coxMenu30
 0002:00002A1C       coxMenu31
 0002:00002A20       coxMenu32
 0002:00002A24       coxMenu33
 0002:00002A28       coxMenu34
 0002:00002A30       coxMenu35
 0002:00002A34       coxMenu36
 0002:00002A38       coxMenu37
 0002:000029B0       coxMenu4
 0002:000029B4       coxMenu5
 0002:000029B8       coxMenu6
 0002:000029BC       coxMenu7
 0002:000029C0       coxMenu8
 0002:000029C4       coxMenu9
 0002:00002B18       coxOut0
 0002:00002B1C       coxOut1
 0002:00002B20       coxOut2
 0002:00002B24       coxOut3
 0002:00002B28       coxOut4
 0002:00002B2C       coxOut5
 0002:00002B30       coxOut6
 0002:00002B34       coxOut7
 0002:00002A2C       coxPlugBeg
 0002:00002A3C       coxTool0
 0002:00002A40       coxTool1
 0002:00002A44       coxTool2
 0002:00002A48       coxTool3
 0002:00002A4C       coxTool4
 0002:00002A50       coxTool5
 0002:00002A54       coxTool6
 0002:00002A58       coxTool7
 0002:00002A88       coxTool8
 0002:00001C2C       cPaste
 0002:00001C34       cPasteHint
 0002:000018BC       cPause
 0002:00002E18       cpl0
 0002:00002E1C       cpl1
 0002:00002E20       cpl2
 0002:00002E24       cpl3
 0002:00002E28       cpl4
 0002:00002E2C       cpl5
 0002:00002E30       cpl6
 0002:00002E34       cpl7
 0002:00002E38       cplCaption
 0002:00002E44       cplCodex
 0002:00002E40       cplContext
 0002:00002E3C       cplHelpText
 0002:00001AD4       cPlugCheckOutReq
 0002:00001ACC       cPlugExtReq
 0002:000019D0       cPlugIn
 0002:00001A1C       cPlugInLibBad
 0002:00001A24       cPlugInLibNoDec
 0002:00001A20       cPlugInLibNoEnc
 0002:00001AF8       cPlugOpReq
 0002:000019CC       cPlugRegFailure
 0002:000019D8       cPlugRegSuccess
 0002:00001A68       cPlugReInstall
 0002:00001A80       cPlugReInstallAlt
 0002:00001B28       cPlugReqAV
 0002:00001A0C       cPlugsSupported
 0002:000019DC       cPlugUnRegFailure
 0002:000019E0       cPlugUnRegSuccess
 0002:00001BF0       cPortionsBy
 0002:00001B04       cPreparing
 0002:00001AAC       cPrepView
 0002:00001940       cPreservePath
 0002:00001BEC       cProfile
 0002:00001BE8       cProtect
 0002:00001C18       cQComp
 0002:00001C1C       cQDec
 0002:00001B2C       cQuarantine
 0002:00001A18       cQuoteExtracted
 0001:00009A44       CreateAssertException
 0001:00009BCC       CreateAVObject
 0001:000050A0       CreateEvent
 0001:000050A8       CreateFile
 0001:00000168       CreateFileA
 0001:00009970       CreateInOutError
 0001:000050B0       CreateProcess
 0002:00000374       CRelationshipToBoolean
 0002:000019EC       cRemove
 0002:00001BC0       cRepair
 0002:00001BD0       cRepaired
 0002:00001BC4       cRepairHint
 0002:00001BC8       cRepairProgress
 0002:000019B8       cResearchLabs
 0002:00000308       CResult
 0002:000018C0       cResume
 0002:000018CC       cRetry
 0002:00001AEC       cRunning
 0002:00001964       cSaveAs
 0002:00001960       cSEAAs
 0002:00001978       cSEADialogSaveAs
 0002:00000130       cSimpleBoolStrs
 0002:00001988       cSkipFile
 0002:00001D18       cSlowDown
 0002:00001B98       cSpan
 0002:00001D1C       cSpeedUp
 0002:00001C38       cSplit
 0002:00001B18       cStartOrFinish
 0002:00001A58       cStep
 0002:00001BD8       cStop
 0002:000018E8       cSwitches
 0002:000018D8       cTest
 0002:000018DC       cTestComplete
 0002:00000320       CText
 0002:0000197C       cTextFiles
 0002:00001900       cTimeCritical
 0002:00001C00       cTipCaption
 0002:00001C0C       cTipNext
 0002:00001C08       cTipShow
 0002:00001C04       cTipTitle
 0002:00001A84       cTool
 0002:0000192C       cTradeOff
 0002:000019F4       cTryAgain
 0002:00001C20       cUltra
 0002:00001D0C       cUpdate1
 0002:00001D10       cUpdate2
 0002:00001D14       cUpdate3
 0002:00001618       curAlloc
 0002:00001688       CurrencyDecimals
 0002:00001684       CurrencyFormat
 0002:00001680       CurrencyString
 0001:00007AFC       CurrentYear
 0001:00007694       CurrToStr
 0001:0000CDA4       CurrToWStrViaOS
 0002:00001A70       cUsingArchiveType
 0002:00001C10       cVAS
 0002:000019C0       cVersion
 0002:00001A98       cViewEXE0
 0002:00001A9C       cViewEXE1
 0002:00001AA0       cViewEXE2
 0002:00001ABC       cViewUpdateDone
 0002:00001AB4       cViewUpdating
 0002:00001B30       cVirusScan
 0001:0000636C       CvtInt
 0001:000063D8       CvtInt64
 0002:0000341C       cw0
 0002:00003420       cw1
 0002:00003424       cw2
 0002:00003428       cw3
 0002:000018C4       cWait
 0002:00001C14       cWinCox
 0002:00000170       CWNear
 0002:00001938       cxOverwrite
 0002:0000198C       cYes
 0002:00001990       cYesToAll
 0001:000120B0       DataTypeToRegData
 0002:00001689       DateSeparator
 0001:000086E4       DateTimeToStr
 0001:00008688       DateTimeToString
 0001:00007754       DateTimeToTimeStamp
 0001:0000CDDC       DateToWStrViaOS
 0001:00007AD4       DayOfWeek
 0002:0000016C       DCon10
 0001:00011D98       DeAssertDir
 0001:00011DE4       DeAssertDirectoryFormat
 0002:00000024       DebugHook
 0002:00001687       DecimalSeparator
 0001:00007AB4       DecodeDate
 0001:00007968       DecodeDateFully
 0001:00007808       DecodeTime
 0001:000006F8       Decommit
 0001:00000D14       DecommitFree
 0002:000015F4       decommittedRoot
 0002:00000020       Default8087CW
 0002:00000030       DefaultTextLineBreakStyle
 0002:000015B8       DefaultUserCodePage
 0002:000001FC       DefLongDayNames
 0002:000001B0       DefLongMonthNames
 0002:000001E0       DefShortDayNames
 0002:00000180       DefShortMonthNames
 0001:0000422C       DelayLoadResourceModule
 0001:000003B4       DeleteBlock
 0001:000050B8       DeleteCriticalSection
 0001:00000324       DeleteCriticalSection
 0001:000050C0       DeleteFile
 0001:00000B5C       DeleteFree
 0002:0000008C       dig
 0002:00003860       Dirs
 0002:00001000       DispCallByIDProc
 0001:00006144       DivMod
 0002:00003858       doLog
 0001:00009EF8       DoneExceptions
 0001:000118CC       DoneThreadSynchronization
 0002:00000390       DotSep
 0001:0000F954       DoWrite
 0001:00004000       DynArrayClear
 0001:00004008       DynArraySetLength
 0001:00009944       EHeapException.FreeInstance
 0002:000017FC       EmptyParam
 0002:000000B8       EmptyStr
 0002:000000BC       EmptyWideStr
 0001:000050C8       EnterCriticalSection
 0001:00000314       EnterCriticalSection
 0001:000050D0       EnumCalendarInfoA
 0001:000091D0       EnumEraNames
 0001:0000920C       EnumEraYearOffsets
 0002:00001750       EraNames
 0001:0000895C       EraToYear
 0002:0000176C       EraYearOffsets
 0002:00000064       errCaption
 0001:00001760       Error
 0002:00000004       ErrorAddr
 0001:00001714       ErrorAt
 0001:000099F0       ErrorHandler
 0002:00000218       ErrorMap
 0002:00001008       ErrorProc
 0002:000013E0       ErrOutput
 0002:0000100C       ExceptClsProc
 0001:00009E64       ExceptHandler
 0001:00012BE8       ExceptHandler
 0001:000097B8       Exception.Create
 0001:000097F4       Exception.CreateFmt
 0001:00009874       Exception.CreateRes
 0001:000098B0       Exception.CreateResFmt
 0002:0000101C       ExceptionClass
 0001:00009568       ExceptionErrorMessage
 0002:00000250       ExceptMap
 0002:00001010       ExceptObjProc
 0002:00001004       ExceptProc
 0002:00000000       ExitCode
 0001:00003124       ExitDll
 0002:00001040       ExitProc
 0001:000001C8       ExitProcess
 0002:00001024       ExitProcessProc
 0001:00006900       ExpandFileName
 0001:000068B8       ExtractFileExt
 0001:00006880       ExtractFileName
 0001:0000684C       ExtractFilePath
 0002:0000178C       FalseBoolStrs
 0001:00005030       fastmm4
 0002:00000160       FCon1E18
 0001:00012668       FileAge
 0001:000067F4       FileClose
 0001:0000675C       FileCreate
 0001:00006738       FileCreate
 0001:00012708       FileExists
 0002:00000008       FileMode
 0001:00001B04       FileNOPProc
 0001:000066E0       FileOpen
 0001:00006764       FileRead
 0001:000067BC       FileSeek
 0001:000050D8       FileTimeToDosDateTime
 0001:000050E0       FileTimeToLocalFileTime
 0001:00006790       FileWrite
 0001:00000C44       FillAfterGap
 0001:00000BF0       FillBeforeGap
 0001:00000CDC       FillerSizeAfterGap
 0001:00000C6C       FillerSizeBeforeGap
 0001:00011C24       Finalization
 0001:00004FC8       Finalization
 0001:0000BC80       Finalization
 0001:00011BEC       Finalization
 0001:00011BB4       Finalization
 0001:00004D98       Finalization
 0001:00011B7C       Finalization
 0001:0000E540       Finalization
 0001:00012520       Finalization
 0001:00011B44       Finalization
 0001:0000E5FC       Finalization
 0001:00005230       Finalization
 0001:00011B0C       Finalization
 0001:00011AD4       Finalization
 0001:00011A9C       Finalization
 0001:00011958       Finalization
 0001:00005268       Finalization
 0001:00005570       Finalization
 0001:0001E204       Finalization
 0001:00018BE8       Finalization
 0001:00005000       Finalization
 0001:00005038       Finalization
 0001:0000B2C4       Finalization
 0001:0001E23C       Finalization
 0001:00011C74       Finalization
 0001:00011E68       Finalization
 0001:0000E5A4       Finalization
 0001:0000E3AC       Finalization
 0001:00003FF8       FinalizeArray
 0001:00002F7C       FinalizeUnits
 0001:0000429C       FindBS
 0001:000050E8       FindClose
 0001:000001D8       FindClose
 0001:00000BC0       FindCommitted
 0001:0000E2F4       FindCustomVariantType
 0001:000050F0       FindFirstFile
 0001:000001E0       FindFirstFile
 0002:0000185C       FindGlobalComponentProcs
 0001:00004204       FindHInstance
 0001:0000B948       FindProc
 0001:00004274       FindResourceHInstance
 0002:0000179C       FLanguages
 0001:00007324       FloatToDecimal
 0001:00007664       FloatToStr
 0001:00007050       FloatToText
 0001:00001DD0       Flush
 0002:00000174       FMSecsPerDay
 0001:00006F4C       FmtStr
 0001:00006F38       Format
 0002:0000017C       Format
 0001:00006B80       FormatBuf
 0001:00006B74       FormatClearStr
 0001:00006AF8       FormatError
 0002:00000158       FormatErrorStrs
 0001:000050F8       FormatMessage
 0001:00006B50       FormatVarToStr
 0001:00002398       FPower10
 0001:0000AFE4       FreeAndNil
 0001:0000092C       FreeCommitted
 0001:00000E4C       FreeCurAlloc
 0001:000118E4       FreeIntConstList
 0001:000001E8       FreeLibrary
 0001:000005AC       FreeSpace
 0001:0000AB50       FreeTerminateProcs
 0001:00005100       GetACP
 0001:0000032C       GetBlockDesc
 0001:000002C8       GetCmdShow
 0001:000001F0       GetCommandLine
 0001:00000778       GetCommitted
 0001:00000808       GetCommittedAt
 0001:00007BC0       GetCount
 0001:00005108       GetCPInfo
 0001:000001F8       GetCurrentDirectory
 0001:000002B8       GetCurrentThreadId
 0001:00005110       GetCurrentThreadId
 0001:00007BEC       GetDate
 0001:00005118       GetDateFormat
 0001:00008874       GetDateOrder
 0001:00005120       GetDiskFreeSpaceA
 0002:0000012C       GetDiskFreeSpaceEx
 0001:000029CC       GetDynaMethod
 0001:00009284       GetEraNamesAndYearOffsets
 0001:00008908       GetEraYearOffset
 0001:00009BB4       GetExceptionClass
 0001:00009D98       GetExceptionObject
 0001:00000178       GetFileSize
 0001:00000170       GetFileType
 0001:0000A724       GetFormatSettings
 0001:00005128       GetFullPathName
 0001:00002684       GetKeyboardType
 0001:00005130       GetLastError
 0001:00000200       GetLastError
 0001:00009048       GetLocaleChar
 0001:00000208       GetLocaleInfo
 0001:00005140       GetLocaleInfo
 0001:00008FFC       GetLocaleStr
 0001:00005138       GetLocalTime
 0001:00000210       GetModuleFileName
 0001:00005148       GetModuleFileName
 0001:00005150       GetModuleHandle
 0001:00000218       GetModuleHandle
 0001:00004EC0       GetModuleHandle
 0001:000090AC       GetMonthDayNames
 0001:000018F0       GetParamStr
 0001:00000220       GetProcAddress
 0001:00005158       GetProcAddress
 0001:000004D0       GetSpace
 0001:00000534       GetSpaceAt
 0001:00000228       GetStartupInfo
 0001:00005160       GetStdHandle
 0001:00000180       GetStdHandle
 0001:00005168       GetStringTypeEx
 0001:00005170       GetSystemDirectory
 0001:00005210       GetSystemMetrics
 0001:00005178       GetTempFileName
 0001:00005180       GetTempPath
 0001:00000230       GetThreadLocale
 0001:00005188       GetThreadLocale
 0001:00007C24       GetTime
 0001:00004EEC       GetTlsSize
 0001:00012588       GetUACDir
 0001:000002C0       GetVersion
 0001:00005190       GetVersionEx
 0001:00005198       GetWindowsDirectory
 0002:00001860       GlobalFixupList
 0002:00001848       GlobalNameSpace
 0002:000015C0       heapErrorCode
 0002:000015C4       heapLock
 0002:00000128       HexDisplayPrefix
 0002:00001660       HInstance
 0002:00000178       IMSecsPerDay
 0001:0000CA54       InBounds
 0001:0000C7B4       InBounds
 0001:0000A344       IncludeTrailingPathDelimiter
 0001:0000CA84       Increment
 0001:0000C7E4       Increment
 0001:00011CBC       IniFiles
 0001:000009B8       InitAllocator
 0002:00001630       InitContext
 0001:0000AB70       InitDriveSpacePtr
 0001:00009E74       InitExceptions
 0001:0000030C       InitializeCriticalSection
 0001:000051A0       InitializeCriticalSection
 0002:000015BC       initialized
 0001:00012BEC       InitializeLocalization
 0001:00004F78       InitializeModule
 0001:0000B974       InitializeVarUtils
 0001:0000A538       InitLeadBytes
 0001:00009F78       InitPlatformId
 0001:0000A5B0       InitSysLocale
 0001:00011898       InitThreadSynchronization
 0001:00004EF4       InitThreadTLS
 0001:00002FDC       InitUnits
 0001:0000179C       InOutError
 0002:00001048       Input
 0001:00000DC4       InsertFree
 0002:00001854       IntConstList
 0001:000002B0       InterlockedDecrement
 0001:0000ABD8       InterlockedDecrement
 0001:0000ABE4       InterlockedExchange
 0001:0000ABEC       InterlockedExchangeAdd
 0001:000002A8       InterlockedIncrement
 0001:0000ABCC       InterlockedIncrement
 0001:00001B44       InternalClose
 0001:00001D88       InternalFlush
 0001:00000C20       InternalFreeMem
 0001:00003778       InternalUniqueString
 0001:000064CC       IntToHex
 0001:000064A4       IntToStr
 0001:000063B8       IntToStr
 0002:00001798       InvalidPointer
 0001:000028A0       InvokeImplGetter
 0001:00001890       IOResult
 0002:00001044       IsConsole
 0001:00007864       IsLeapYear
 0002:00001034       IsLibrary
 0002:00001045       IsMultiThread
 0001:0000A310       IsPathDelimiter
 0001:0001209C       IsRelative
 0001:0000A598       IsWesternGroup
 0002:00000028       JITEnable
 0001:000067FC       LastDelimiter
 0001:0000A4C4       LCIDToCodePage
 0001:00004D24       LCIDToCodePage
 0002:00000108       LeadBytes
 0001:0000031C       LeaveCriticalSection
 0001:000051A8       LeaveCriticalSection
 0002:00002EA8       lib0
 0002:00002EAC       lib1
 0002:00002ED0       lib10
 0002:00002ED4       lib11
 0002:00002ED8       lib12
 0002:00002EDC       lib13
 0002:00002EE0       lib14
 0002:00002EE4       lib15
 0002:00002EE8       lib16
 0002:00002EEC       lib17
 0002:00002EB0       lib2
 0002:00002EB4       lib3
 0002:00002EB8       lib4
 0002:00002EBC       lib5
 0002:00002EC0       lib6
 0002:00002EC4       lib7
 0002:00002EC8       lib8
 0002:00002ECC       lib9
 0002:00000034       LibModuleList
 0002:0000174E       ListSeparator
 0001:00000238       LoadLibraryEx
 0001:00004468       LoadResourceModule
 0001:00004CCC       LoadResString
 0001:00000240       LoadString
 0001:00005218       LoadString
 0001:000002EC       LocalAlloc
 0001:00004EC8       LocalAlloc
 0001:000002F4       LocalFree
 0001:00009070       LocalGetLocaleStr
 0002:0000385C       LogFile
 0002:00001690       LongDateFormat
 0002:00001724       LongDayNames
 0002:000016D8       LongMonthNames
 0002:000016A4       LongTimeFormat
 0001:000061E0       LowerCase
 0001:00000248       lstrcpyn
 0002:00001820       LVarTypes
 0002:00001824       LVarTypeSync
 0002:000003AC       MagicKey
 0002:0000102C       MainInstance
 0002:00001030       MainThreadID
 0001:0000037C       MakeEmpty
 0001:000030C8       MakeErrorMessage
 0001:00009B34       MapException
 0001:00002DF4       MapToRunError
 0001:0001E34C       mcrar
 0002:0000003C       MemoryManager
 0001:000003CC       MergeBlockAfter
 0001:00000E98       MergeCommit
 0001:00005220       MessageBox
 0001:000001D0       MessageBox
 0001:00005298       Messages
 0001:0001DB68       MimarSinanMist
 0001:0001DE58       MimarSinanMist
 0002:00003850       Mist
 0001:0001E234       mMist
 0002:000000A0       Module
 0002:0000165D       ModuleIsCpp
 0002:0000165C       ModuleIsLib
 0001:00011950       ModuleUnload
 0002:00000038       ModuleUnloadList
 0002:000000D8       MonthDays
 0001:000018B0       Move
 0002:000018A4       mSysDir
 0002:000018A8       mTempDir
 0002:000027D8       mtvAce0
 0002:000027DC       mtvAce1
 0002:000027E0       mtvAce2
 0002:000027E4       mtvAce3
 0002:000027E8       mtvAce4
 0002:000027EC       mtvAce5
 0002:00002808       mtvAceEx0
 0002:0000280C       mtvAceEx1
 0002:00002830       mtvAceEx10
 0002:00002834       mtvAceEx11
 0002:00002838       mtvAceEx12
 0002:0000283C       mtvAceEx13
 0002:00002840       mtvAceEx14
 0002:00002844       mtvAceEx15
 0002:00002848       mtvAceEx16
 0002:0000284C       mtvAceEx17
 0002:00002850       mtvAceEx18
 0002:00002854       mtvAceEx19
 0002:00002810       mtvAceEx2
 0002:00002858       mtvAceEx20
 0002:0000285C       mtvAceEx21
 0002:00002860       mtvAceEx22
 0002:00002864       mtvAceEx23
 0002:00002868       mtvAceEx24
 0002:0000286C       mtvAceEx25
 0002:00002870       mtvAceEx26
 0002:00002874       mtvAceEx27
 0002:00002878       mtvAceEx28
 0002:0000287C       mtvAceEx29
 0002:00002814       mtvAceEx3
 0002:00002880       mtvAceEx30
 0002:00002884       mtvAceEx31
 0002:00002888       mtvAceEx32
 0002:0000288C       mtvAceEx33
 0002:00002890       mtvAceEx34
 0002:00002894       mtvAceEx35
 0002:00002898       mtvAceEx36
 0002:0000289C       mtvAceEx37
 0002:00002818       mtvAceEx4
 0002:0000281C       mtvAceEx5
 0002:00002820       mtvAceEx6
 0002:00002824       mtvAceEx7
 0002:00002828       mtvAceEx8
 0002:0000282C       mtvAceEx9
 0002:000027F0       mtvAceRepair0
 0002:000027F4       mtvAceRepair1
 0002:000027F8       mtvAceRepair2
 0002:000027FC       mtvAceRepair3
 0002:00002800       mtvAceRepair4
 0002:00002804       mtvAceRepair5
 0002:00002718       mtvAlg
 0002:000026E4       mtvArcHeaderBad
 0002:000026DC       mtvBadFile
 0002:00002704       mtvClickOK
 0002:000027A8       mtvComm
 0002:000027AC       mtvCommHint
 0002:0000272C       mtvCompLevel
 0002:000026E0       mtvContinueTest
 0002:0000292C       mtvContOp
 0002:000026A8       mtvCorruptHeader
 0002:000026CC       mtvCurrentArchive
 0002:000026D0       mtvCurrentFile
 0002:00002934       mtvDecode0
 0002:00002938       mtvDecode1
 0002:0000293C       mtvDecode2
 0002:00002780       mtvDelete
 0002:00002784       mtvDeleteHint
 0002:00002730       mtvDictSize
 0002:000026FC       mtvDiskError
 0002:0000274C       mtvEnableSpan
 0002:00002748       mtvEraseAll
 0002:000026D4       mtvError
 0002:000027A0       mtvEXEAdv
 0002:000027A4       mtvEXEAdvHint
 0002:000026F0       mtvEXEError
 0002:00002774       mtvEXEMakerHint
 0002:000026E8       mtvExtract
 0002:00002770       mtvFileAbsent
 0002:00002700       mtvFormattedDisk
 0002:00002930       mtvGenFail
 0002:00002710       mtvGetDisk
 0002:000026B8       mtvGetDiskNumber
 0002:000026B4       mtvGetDiskVolume
 0002:000026AC       mtvGetFirstDisk
 0002:000026B0       mtvGetLastDisk
 0002:000026F8       mtvGZipExists
 0002:000026F4       mtvGZipMulti
 0002:0000275C       mtvIndepSolid
 0002:000026A4       mtvInsertVolume
 0002:000026C8       mtvInsertVolumeCont
 0002:00002744       mtvLeaveAsIs
 0002:00002788       mtvLock
 0002:0000278C       mtvLockHint
 0002:00002714       mtvlPassword
 0002:00002740       mtvMediaPrepare
 0002:000026D8       mtvMessage
 0002:000027B8       mtvPass
 0002:000027BC       mtvPassHint
 0002:000026C4       mtvPassword
 0002:00002790       mtvProtect
 0002:00002794       mtvProtectHint
 0002:0000271C       mtvRarAct0
 0002:00002720       mtvRarAct1
 0002:00002724       mtvRarAct2
 0002:00002728       mtvRarAct3
 0002:00002768       mtvRarDos
 0002:00002760       mtvRarGraphWin
 0002:00002988       mtvRarLic0
 0002:0000298C       mtvRarLic1
 0002:00002990       mtvRarLic2
 0002:00002994       mtvRarLic3
 0002:00002998       mtvRarLic4
 0002:0000299C       mtvRarLic5
 0002:0000276C       mtvRarOS2
 0002:000027C0       mtvRarRepair0
 0002:000027C4       mtvRarRepair1
 0002:000027C8       mtvRarRepair2
 0002:000027CC       mtvRarRepair3
 0002:00002764       mtvRarWin
 0002:0000273C       mtvRecoveryInfo
 0002:0000270C       mtvRemoveWriteProtect
 0002:000027B0       mtvRepair
 0002:000027D0       mtvRepairHigh
 0002:000027B4       mtvRepairHint
 0002:000027D4       mtvRepairLow
 0002:000026EC       mtvSetup
 0002:00002734       mtvSolid
 0002:00002738       mtvSolidHint
 0002:00002754       mtvSpanAuto
 0002:00002750       mtvSpanSetup
 0002:00002758       mtvSpanSize
 0002:00002940       mtvSplitZip
 0002:00002948       mtvSplitZip0
 0002:0000294C       mtvSplitZip1
 0002:00002970       mtvSplitZip10
 0002:00002974       mtvSplitZip11
 0002:00002978       mtvSplitZip12
 0002:0000297C       mtvSplitZip13
 0002:00002980       mtvSplitZip14
 0002:00002984       mtvSplitZip15
 0002:00002950       mtvSplitZip2
 0002:00002954       mtvSplitZip3
 0002:00002958       mtvSplitZip4
 0002:0000295C       mtvSplitZip5
 0002:00002960       mtvSplitZip6
 0002:00002964       mtvSplitZip7
 0002:00002968       mtvSplitZip8
 0002:0000296C       mtvSplitZip9
 0002:00002944       mtvSplitZipHint
 0002:00002778       mtvTest
 0002:00002798       mtvTestAdv
 0002:0000279C       mtvTestAdvHint
 0002:000026C0       mtvTestDone
 0002:0000277C       mtvTestHint
 0002:000026BC       mtvTestTitle
 0002:00002708       mtvWriteProtect
 0002:000028A0       mtvZipFix0
 0002:000028A4       mtvZipFix1
 0002:000028C8       mtvZipFix10
 0002:000028CC       mtvZipFix11
 0002:000028D0       mtvZipFix12
 0002:000028D4       mtvZipFix13
 0002:000028A8       mtvZipFix2
 0002:000028AC       mtvZipFix3
 0002:000028B0       mtvZipFix4
 0002:000028B4       mtvZipFix5
 0002:000028B8       mtvZipFix6
 0002:000028BC       mtvZipFix7
 0002:000028C0       mtvZipFix8
 0002:000028C4       mtvZipFix9
 0002:000028D8       mtvZipPass0
 0002:000028DC       mtvZipPass1
 0002:00002900       mtvZipPass10
 0002:00002904       mtvZipPass11
 0002:00002908       mtvZipPass12
 0002:0000290C       mtvZipPass13
 0002:00002910       mtvZipPass14
 0002:00002914       mtvZipPass15
 0002:00002918       mtvZipPass16
 0002:0000291C       mtvZipPass17
 0002:00002920       mtvZipPass18
 0002:00002924       mtvZipPass19
 0002:000028E0       mtvZipPass2
 0002:00002928       mtvZipPass20
 0002:000028E4       mtvZipPass3
 0002:000028E8       mtvZipPass4
 0002:000028EC       mtvZipPass5
 0002:000028F0       mtvZipPass6
 0002:000028F4       mtvZipPass7
 0002:000028F8       mtvZipPass8
 0002:000028FC       mtvZipPass9
 0001:00000258       MultiByteToWideChar
 0001:00011EC0       mUtils
 0002:000018A0       mWinDir
 0002:00001685       NegCurrFormat
 0001:00000F24       NewCommit
 0001:00000F50       NewCommitAt
 0001:0000A2D4       NextCharIndex
 0002:0000002C       NoErrMsg
 0001:00002B34       NotifyAnyExcept
 0001:00002B1C       NotifyExcept
 0001:00002B68       NotifyExceptFinally
 0001:00004768       NotifyModuleUnload
 0001:00002AF8       NotifyNonDelphiException
 0001:00002ADC       NotifyReRaise
 0001:00002B90       NotifyTerminate
 0001:00002BAC       NotifyUnhandled
 0002:00000314       NullAsStringValue
 0002:00000310       NullStrictConvert
 0002:0000350C       oa0
 0002:00003510       oa1
 0002:00003534       oa10
 0002:00003538       oa11
 0002:0000353C       oa12
 0002:00003540       oa13
 0002:00003544       oa14
 0002:00003548       oa15
 0002:0000354C       oa16
 0002:00003550       oa17
 0002:00003554       oa18
 0002:00003558       oa19
 0002:00003514       oa2
 0002:0000355C       oa20
 0002:00003560       oa21
 0002:00003564       oa22
 0002:00003568       oa23
 0002:0000356C       oa24
 0002:00003570       oa25
 0002:00003574       oa26
 0002:00003578       oa27
 0002:0000357C       oa28
 0002:00003580       oa29
 0002:00003518       oa3
 0002:00003584       oa30
 0002:00003588       oa31
 0002:0000358C       oa32
 0002:00003590       oa33
 0002:00003594       oa34
 0002:00003598       oa35
 0002:0000359C       oa36
 0002:0000351C       oa4
 0002:00003520       oa5
 0002:00003524       oa6
 0002:00003528       oa7
 0002:0000352C       oa8
 0002:00003530       oa9
 0002:000035A4       oaAutoOff
 0002:000035A0       oaAutoOn
 0002:000035E0       oArchiveType
 0002:000035E4       oByPlugIn
 0002:000035DC       oDescription
 0001:00005228       OemToChar
 0001:000127E4       OEMToCharEx
 0002:000035D0       oNewArchive
 0002:000035E8       oNewDefaultName
 0002:000035F0       oNewReadmeFile
 0002:000035EC       oNewReadmeText
 0002:000035CC       oOpenArchive
 0002:000035D8       oOther
 0001:00001A58       OpenText
 0002:000035D4       oRecommend
 0002:00001794       OutOfMemory
 0002:00001214       Output
 0001:000019DC       ParamStr
 0001:0000F004       PointerInModule
 0001:00011120       PropValueError
 0001:0000700C       PutExponent
 0002:00001E60       qAddFilesTitle
 0002:00001E7C       qAdvanced
 0002:00001E80       qAdvancedNote1
 0002:00001E84       qAdvancedNote2
 0002:00001EAC       qCompAddFiles
 0002:00001EA8       qCompAddFolders
 0002:00001E64       qCompArc
 0002:00001E78       qCompArcKind
 0002:00001E6C       qCompCheckNorm
 0002:00001E70       qCompCheckRec
 0002:00001EC8       qCompClearList
 0002:00001EB4       qCompCompressType
 0002:00001E98       qCompFinish
 0002:00001EC0       qCompFinished
 0002:00001E58       qCompIntro
 0002:00001E94       qComplete
 0002:00001EC4       qCompNoPlugs
 0002:00001EB0       qCompNoSel
 0002:00001E88       qCompReady
 0002:00001EB8       qCompReadyToCompress
 0002:00001EA4       qCompSelectFile
 0002:00001E74       qCompSelFiles
 0002:00001E68       qCompSelFolder
 0002:00001E8C       qCompUnderWay
 0002:00001E90       qCompWait
 0002:00001EA0       qCompWelcome
 0002:00001EBC       qCompWorking
 0002:00001EE8       qDecAntiVirus
 0002:00001F4C       qDecAntiVirusBad
 0002:00001ECC       qDecArcDlg
 0002:00001F48       qDecAtWork
 0002:00001F50       qDecBye
 0002:00001EE4       qDecCheckOut
 0002:00001EEC       qDecDecode
 0002:00001F58       qDecDNDSingle
 0002:00001F40       qDecFolderAccess
 0002:00001F14       qDecIconAll
 0002:00001F1C       qDecIconEXE
 0002:00001F20       qDecIconHLP
 0002:00001F18       qDecIconSome
 0002:00001F24       qDecIconTXT
 0002:00001F3C       qDecInside
 0002:00001EE0       qDecInstall
 0002:00001F34       qDecInstallType
 0002:00001F38       qDecInto
 0002:00001ED4       qDecIntro
 0002:00001EF0       qDecLook
 0002:00001F28       qDecNavigate
 0002:00001F2C       qDecNavigate_
 0002:00001F54       qDecNoPlugs
 0002:00001EDC       qDecPurpose
 0002:00001EF4       qDecReady
 0002:00001F44       qDecReadyToGo
 0002:00001F0C       qDecSelAppFolder
 0002:00001ED8       qDecSelArc
 0002:00001F04       qDecSelFolder
 0002:00001F10       qDecSelIcons
 0002:00001F08       qDecSelInstall
 0002:00001F00       qDecStartOver
 0002:00001ED0       qDecTargDlg
 0002:00001F30       qDecType
 0002:00001EF8       qDecUnderWay
 0002:00001EFC       qDecWait
 0002:000032A0       qs0
 0002:000032A4       qs1
 0002:000032C4       qs2
 0002:000032AC       qsAdd
 0002:00001E5C       qSaveAsTitle
 0002:000032B0       qsExtract
 0002:000032BC       qsInfo
 0002:000032A8       qsNew
 0002:000032C0       qsView
 0002:000032B4       qsView1
 0002:000032B8       qsView2
 0002:00001E9C       qThanks
 0002:00001E54       qWelcomeTo
 0001:00009AF0       RaiseAssertException
 0001:00010BD0       RaiseException
 0001:00000188       RaiseException
 0002:00001014       RaiseExceptionProc
 0001:0000AAA4       RaiseLastOSError
 0002:00003C14       RarFileList
 0002:00003854       RarTempFile
 0002:000035A8       re0
 0002:000035AC       re1
 0002:000035B0       re2
 0002:000035B4       re3
 0002:000035B8       re4
 0002:000035BC       re5
 0002:000035C0       re6
 0002:000035C4       re7
 0002:000035C8       re8
 0001:00012070       ReadError
 0001:00011108       ReadError
 0001:00000190       ReadFile
 0001:000051B0       ReadFile
 0001:00001F5C       ReadLine
 0001:00012870       ReadLn
 0002:0000386C       Recurse
 0002:00001818       RefAnyProc
 0001:00000260       RegCloseKey
 0001:00005070       RegCloseKey
 0001:00005078       RegFlushKey
 0002:00001858       RegGroups
 0001:000047C4       RegisterModule
 0001:00012568       Registry
 0001:00005080       RegOpenKeyEx
 0001:00000268       RegOpenKeyEx
 0001:00005088       RegQueryValueEx
 0001:00000270       RegQueryValueEx
 0001:00011B74       RegStr
 0002:00000048       reMap
 0002:00001614       remBytes
 0001:0000043C       RemoveBlock
 0001:00010FD8       RemoveFixupReferences
 0001:00011084       RemoveFixups
 0001:00004708       RemoveModuleUnloadProc
 0001:000046E0       RemoveModuleUnloadProc
 0001:000051B8       ResetEvent
 0001:000013D8       ResizeInPlace
 0001:0000F318       ReturnAddr
 0001:0000FAB4       ReturnAddr
 0002:00001610       rover
 0001:0000E570       RTLConsts
 0001:00000198       RtlUnwind
 0002:00001018       RTLUnwindProc
 0002:0000006C       runErrMsg
 0001:00001708       RunErrorAt
 0002:00003C08       s
 0001:0000B928       SafeArrayCreate
 0001:0000B930       SafeArrayGetLBound
 0001:0000B938       SafeArrayGetUBound
 0001:0000B940       SafeArrayPtrOfIndex
 0001:00006270       SameText
 0001:000086F8       ScanBlanks
 0001:0000883C       ScanChar
 0001:000089B8       ScanDate
 0001:0000871C       ScanNumber
 0001:000087B0       ScanString
 0001:00008CFC       ScanTime
 0001:000088C0       ScanToNumber
 0001:00000F84       SearchSmallBlocks
 0001:0000E020       SetClearVarToEmptyParam
 0001:00000278       SetCurrentDirectory
 0001:000001A0       SetEndOfFile
 0001:000051C0       SetEndOfFile
 0001:000051C8       SetEvent
 0001:00002F34       SetExceptionHandler
 0001:000051D0       SetFileApisToANSI
 0001:000001A8       SetFilePointer
 0001:000051D8       SetFilePointer
 0001:0000178C       SetInOutRes
 0001:0000E008       SetVarAsError
 0002:00000144       ShareMode
 0002:00002C50       shComp0
 0002:00002C54       shComp1
 0002:00002C78       shComp10
 0002:00002C7C       shComp11
 0002:00002C58       shComp2
 0002:00002C5C       shComp3
 0002:00002C60       shComp4
 0002:00002C64       shComp5
 0002:00002C68       shComp6
 0002:00002C6C       shComp7
 0002:00002C70       shComp8
 0002:00002C74       shComp9
 0002:00002DE8       shCont0
 0002:00002DEC       shCont1
 0002:00002E10       shCont10
 0002:00002DF0       shCont2
 0002:00002DF4       shCont3
 0002:00002DF8       shCont4
 0002:00002DFC       shCont5
 0002:00002E00       shCont6
 0002:00002E04       shCont7
 0002:00002E08       shCont8
 0002:00002E0C       shCont9
 0002:00002D48       shCut0
 0002:00002D4C       shCut1
 0002:00002D50       shCut2
 0002:00002D54       shCut3
 0002:00002D58       shCut4
 0002:00002D5C       shCut5
 0002:00002D60       shCut6
 0002:00002D64       shCut7
 0002:00002D68       shCut8
 0002:00002E14       shCutTip
 0001:00011ACC       ShellAPI
 0002:00002D00       shEnc0
 0002:00002D04       shEnc1
 0002:00002D28       shEnc10
 0002:00002D2C       shEnc11
 0002:00002D30       shEnc12
 0002:00002D34       shEnc13
 0002:00002D38       shEnc14
 0002:00002D3C       shEnc15
 0002:00002D40       shEnc16
 0002:00002D44       shEnc17
 0002:00002D08       shEnc2
 0002:00002D0C       shEnc3
 0002:00002D10       shEnc4
 0002:00002D14       shEnc5
 0002:00002D18       shEnc6
 0002:00002D1C       shEnc7
 0002:00002D20       shEnc8
 0002:00002D24       shEnc9
 0002:00002C34       shExt0
 0002:00002C38       shExt1
 0002:00002C3C       shExt2
 0002:00002C40       shExt3
 0002:00002C44       shExt4
 0002:00002C48       shExt5
 0002:00002C4C       shExt6
 0002:00002D6C       shIcons
 0001:00011C1C       ShlObj
 0002:0000168C       ShortDateFormat
 0002:00001708       ShortDayNames
 0002:000016A8       ShortMonthNames
 0002:000016A0       ShortTimeFormat
 0001:000096F0       ShowException
 0002:00002C80       shProf0
 0002:00002C84       shProf1
 0002:00002CA8       shProf10
 0002:00002CAC       shProf11
 0002:00002CB0       shProf12
 0002:00002CB4       shProf13
 0002:00002CB8       shProf14
 0002:00002CBC       shProf15
 0002:00002CC0       shProf16
 0002:00002CC4       shProf17
 0002:00002CC8       shProf18
 0002:00002CCC       shProf19
 0002:00002C88       shProf2
 0002:00002CD0       shProf20
 0002:00002CD4       shProf21
 0002:00002CD8       shProf22
 0002:00002CDC       shProf23
 0002:00002CE0       shProf24
 0002:00002CE4       shProf25
 0002:00002CE8       shProf26
 0002:00002CEC       shProf27
 0002:00002CF0       shProf28
 0002:00002CF4       shProf29
 0002:00002C8C       shProf3
 0002:00002CF8       shProf30
 0002:00002CFC       shProf31
 0002:00002C90       shProf4
 0002:00002C94       shProf5
 0002:00002C98       shProf6
 0002:00002C9C       shProf7
 0002:00002CA0       shProf8
 0002:00002CA4       shProf9
 0002:00002D80       shSamp0
 0002:00002D84       shSamp1
 0002:00002DA8       shSamp10
 0002:00002DAC       shSamp11
 0002:00002DB0       shSamp12
 0002:00002DB4       shSamp13
 0002:00002DB8       shSamp14
 0002:00002DBC       shSamp15
 0002:00002DC0       shSamp16
 0002:00002DC4       shSamp17
 0002:00002DC8       shSamp18
 0002:00002DCC       shSamp19
 0002:00002D88       shSamp2
 0002:00002DD0       shSamp20
 0002:00002DD4       shSamp21
 0002:00002DD8       shSamp22
 0002:00002DDC       shSamp23
 0002:00002DE0       shSamp24
 0002:00002DE4       shSamp25
 0002:00002D8C       shSamp3
 0002:00002D90       shSamp4
 0002:00002D94       shSamp5
 0002:00002D98       shSamp6
 0002:00002D9C       shSamp7
 0002:00002DA0       shSamp8
 0002:00002DA4       shSamp9
 0002:00002D70       shView0
 0002:00002D74       shView1
 0002:00002D78       shView2
 0002:00002D7C       shView3
 0001:0001146C       SkipBinary
 0001:0001149C       SkipCollection
 0001:00011444       SkipList
 0001:0000AA9C       Sleep
 0002:0000161C       smallTab
 0002:000015E4       spaceRoot
 0002:00003724       sqComp0
 0002:00003728       sqComp1
 0002:0000374C       sqComp10
 0002:00003750       sqComp11
 0002:00003754       sqComp12
 0002:0000372C       sqComp2
 0002:00003730       sqComp3
 0002:00003734       sqComp4
 0002:00003738       sqComp5
 0002:0000373C       sqComp6
 0002:00003740       sqComp7
 0002:00003744       sqComp8
 0002:00003748       sqComp9
 0002:00003790       sqDic0
 0002:00003794       sqDic1
 0002:00003798       sqDic2
 0002:0000379C       sqDic3
 0002:000037A0       sqDic4
 0002:000037A4       sqDic5
 0002:000037A8       sqDic6
 0002:000037AC       sqDic7
 0002:000036FC       sqDisk0
 0002:00003700       sqDisk1
 0002:00003704       sqDisk2
 0002:00003708       sqDisk3
 0002:0000370C       sqDisk4
 0002:00003710       sqDisk5
 0002:00003714       sqDisk6
 0002:00003718       sqDisk7
 0002:0000371C       sqDisk8
 0002:00003720       sqDisk9
 0002:00003608       sqErr0
 0002:0000360C       sqErr1
 0002:00003630       sqErr10
 0002:00003634       sqErr11
 0002:00003638       sqErr12
 0002:0000363C       sqErr13
 0002:00003640       sqErr14
 0002:00003644       sqErr15
 0002:00003648       sqErr16
 0002:0000364C       sqErr17
 0002:00003650       sqErr18
 0002:00003654       sqErr19
 0002:00003610       sqErr2
 0002:00003658       sqErr20
 0002:0000365C       sqErr21
 0002:00003660       sqErr22
 0002:00003664       sqErr23
 0002:00003668       sqErr24
 0002:0000366C       sqErr25
 0002:00003670       sqErr26
 0002:00003674       sqErr27
 0002:00003678       sqErr28
 0002:0000367C       sqErr29
 0002:00003614       sqErr3
 0002:00003680       sqErr30
 0002:00003684       sqErr31
 0002:00003688       sqErr32
 0002:0000368C       sqErr33
 0002:00003690       sqErr34
 0002:00003694       sqErr35
 0002:00003698       sqErr36
 0002:0000369C       sqErr37
 0002:000036A0       sqErr38
 0002:000036A4       sqErr39
 0002:00003618       sqErr4
 0002:000036A8       sqErr40
 0002:000036AC       sqErr41
 0002:000036B0       sqErr42
 0002:000036B4       sqErr43
 0002:000036B8       sqErr44
 0002:000036BC       sqErr45
 0002:000036C0       sqErr46
 0002:000036C4       sqErr47
 0002:000036C8       sqErr48
 0002:000036CC       sqErr49
 0002:0000361C       sqErr5
 0002:000036D0       sqErr50
 0002:000036D4       sqErr51
 0002:000036D8       sqErr52
 0002:0000380C       sqErr53
 0002:00003620       sqErr6
 0002:00003624       sqErr7
 0002:00003628       sqErr8
 0002:0000362C       sqErr9
 0002:0000383C       sqEXE0
 0002:00003840       sqEXE1
 0002:000036DC       sqExt0
 0002:000036E0       sqExt1
 0002:000036E4       sqExt2
 0002:000036E8       sqExt3
 0002:000036EC       sqExt4
 0002:000036F0       sqExt5
 0002:000036F4       sqExt6
 0002:000036F8       sqExt7
 0002:000035F4       sqPass0
 0002:000035F8       sqPass1
 0002:000035FC       sqPass2
 0002:00003600       sqPass3
 0002:00003604       sqPass4
 0002:000037B0       sqRate0
 0002:000037B4       sqRate1
 0002:000037B8       sqRate2
 0002:000037BC       sqRate3
 0002:000037C0       sqRec0
 0002:000037C4       sqRec1
 0002:000037E8       sqRec10
 0002:000037C8       sqRec2
 0002:000037CC       sqRec3
 0002:000037D0       sqRec4
 0002:000037D4       sqRec5
 0002:000037D8       sqRec6
 0002:000037DC       sqRec7
 0002:000037E0       sqRec8
 0002:000037E4       sqRec9
 0002:00003818       sqRep0
 0002:0000381C       sqRep1
 0002:00003820       sqRep2
 0002:00003824       sqRep3
 0002:00003828       sqRep4
 0002:0000382C       sqRep5
 0002:00003830       sqRep6
 0002:00003834       sqRep7
 0002:00003838       sqRep8
 0002:000037EC       sqTool0
 0002:000037F0       sqTool1
 0002:000037F4       sqTool2
 0002:000037F8       sqTool3
 0002:000037FC       sqTool4
 0002:00003800       sqTool5
 0002:00003804       sqTool6
 0002:00003808       sqTool7
 0002:00003810       sqTool8
 0002:00003814       sqTool9
 0002:00003758       sqVol0
 0002:0000375C       sqVol1
 0002:00003780       sqVol10
 0002:00003784       sqVol11
 0002:00003788       sqVol12
 0002:0000378C       sqVol13
 0002:00003760       sqVol2
 0002:00003764       sqVol3
 0002:00003768       sqVol4
 0002:0000376C       sqVol5
 0002:00003770       sqVol6
 0002:00003774       sqVol7
 0002:00003778       sqVol8
 0002:0000377C       sqVol9
 0001:00006AB8       StrAlloc
 0001:0000A084       StrByteType
 0001:0000A270       StrCharLength
 0001:00010A94       StringListCompareStrings
 0001:000069D8       StrLCopy
 0001:000069B0       StrLen
 0001:00006EF8       StrLFmt
 0001:00006A0C       StrLIComp
 0001:000069C8       StrMove
 0001:00006ACC       StrNew
 0001:0000A290       StrNextChar
 0001:00006A64       StrPos
 0001:00006A50       StrScan
 0001:000064F4       StrToIntDef
 0001:00011C54       StrUtils
 0002:00002E48       stub0
 0002:00002E4C       stub1
 0002:00002E70       stub10
 0002:00002E74       stub11
 0002:00002E78       stub12
 0002:00002E50       stub2
 0002:00002E54       stub3
 0002:00002E58       stub4
 0002:00002E5C       stub5
 0002:00002E60       stub6
 0002:00002E64       stub7
 0002:00002E68       stub8
 0002:00002E6C       stub9
 0002:00003C0C       sX
 0002:0000184C       SyncEvent
 0002:00000394       SyncList
 0001:00000290       SysAllocStringLen
 0001:000055A0       SysConst
 0001:00008FB0       SysErrorMessage
 0001:00001234       SysFreeMem
 0001:000002A0       SysFreeString
 0001:000010A4       SysGetMem
 0001:00004FF8       SysInit
 0002:00001740       SysLocale
 0001:000015B4       SysReallocMem
 0001:00000298       SysReAllocStringLen
 0001:00004DEC       System
 0001:0000B444       SysUtils
 0002:000030D0       sz0
 0002:000030D4       sz1
 0002:000030F8       sz10
 0002:000030FC       sz11
 0002:00003100       sz12
 0002:00003104       sz13
 0002:00003108       sz14
 0002:0000310C       sz15
 0002:00003110       sz16
 0002:00003114       sz17
 0002:00003118       sz18
 0002:0000311C       sz19
 0002:000030D8       sz2
 0002:00003120       sz20
 0002:00003124       sz21
 0002:00003128       sz22
 0002:0000312C       sz23
 0002:000031E0       sz24
 0002:000031E4       sz25
 0002:000031E8       sz26
 0002:000031EC       sz27
 0002:000031F0       sz28
 0002:000031F4       sz29
 0002:000030DC       sz3
 0002:000031F8       sz30
 0002:000031FC       sz31
 0002:00003200       sz32
 0002:00003204       sz33
 0002:00003208       sz34
 0002:000030E0       sz4
 0002:000030E4       sz5
 0002:000030E8       sz6
 0002:000030EC       sz7
 0002:000030F0       sz8
 0002:000030F4       sz9
 0002:000031BC       szAlg
 0002:00003194       szBCJ
 0002:00003198       szBCJ2
 0002:000031D8       szBCJ21
 0002:000031DC       szBCJ22
 0002:00003168       SzBinary2
 0002:0000316C       szBinary23
 0002:00003170       szBinary234
 0002:00003174       szBinary234Big
 0002:000031D4       szConverter
 0002:00003158       szCustom
 0002:00002E7C       szdd0
 0002:00002E80       szdd1
 0002:00002EA4       szdd10
 0002:00002E84       szdd2
 0002:00002E88       szdd3
 0002:00002E8C       szdd4
 0002:00002E90       szdd5
 0002:00002E94       szdd6
 0002:00002E98       szdd7
 0002:00002E9C       szdd8
 0002:00002EA0       szdd9
 0002:000031AC       szDeflateFastBytes
 0002:000031B0       szDeflatePasses
 0002:0000318C       szHash23
 0002:00003190       szHash234
 0002:000031B8       szHeader
 0002:00003134       szHigh
 0002:0000313C       szIdle
 0002:00003140       szInteract
 0002:000031C0       szLZMADict
 0002:000031C8       szLZMAFastBytes
 0002:000031C4       szLZMAMatch
 0002:00003154       szMaximum
 0002:000031A4       szMist
 0002:00003210       szMultiThreaded
 0002:00003214       szn0
 0002:00003218       szn1
 0002:0000323C       szn10
 0002:00003240       szn11
 0002:00003244       szn12
 0002:00003248       szn13
 0002:0000325C       szn14
 0002:00003260       szn15
 0002:00003264       szn16
 0002:00003268       szn17
 0002:0000326C       szn18
 0002:00003270       szn19
 0002:0000321C       szn2
 0002:00003274       szn20
 0002:00003278       szn21
 0002:0000327C       szn22
 0002:00003280       szn23
 0002:00003284       szn24
 0002:00003288       szn25
 0002:0000328C       szn26
 0002:00003220       szn3
 0002:00003224       szn4
 0002:00003228       szn5
 0002:0000322C       szn6
 0002:00003230       szn7
 0002:00003234       szn8
 0002:00003238       szn9
 0002:00003294       sznContinue
 0002:00003298       sznMultiWarn
 0002:0000314C       szNo
 0002:00003164       szNone
 0002:00003138       szNormal
 0002:00003250       sznPathFull
 0002:0000324C       sznPathMode
 0002:00003258       sznPathNone
 0002:00003254       sznPathRelative
 0002:0000329C       sznTestSuccess
 0002:00003290       sznTryAgain
 0002:0000315C       szOff
 0002:00003160       szOn
 0002:0000320C       szPassword
 0002:0000317C       szPat2
 0002:00003180       szPat23
 0002:00003178       szPat2Remove
 0002:00003184       szPat3
 0002:00003188       szPat4
 0002:000031CC       szPPMdMemory
 0002:000031D0       szPPMdModel
 0002:0000319C       szPriority
 0002:000031B4       szSolid
 0002:00003150       szStore
 0002:000031A8       szStrength
 0002:00003130       szTimeCritical
 0002:000031A0       szUserMode
 0002:00003148       szYes
 0002:00003144       szYesToAll
 0002:00003870       t
 0002:00003864       Targ
 0002:00003848       TBL
 0001:0000E0BC       TCustomVariantType.BinaryOp
 0001:0000E0C8       TCustomVariantType.Cast
 0001:0000E100       TCustomVariantType.CastTo
 0001:0000E18C       TCustomVariantType.CastToOle
 0001:0000E148       TCustomVariantType.Compare
 0001:0000E154       TCustomVariantType.CompareOp
 0001:0000E1C8       TCustomVariantType.Destroy
 0001:0000E2A8       TCustomVariantType.DispInvoke
 0001:0000E254       TCustomVariantType.IsClear
 0001:0000E258       TCustomVariantType.LeftPromotion
 0001:0000E26C       TCustomVariantType.OlePromotion
 0001:0000E2CC       TCustomVariantType.QueryInterface
 0001:0000E274       TCustomVariantType.RaiseCastError
 0001:0000E284       TCustomVariantType.RaiseDispError
 0001:0000E27C       TCustomVariantType.RaiseInvalidOp
 0001:0000E28C       TCustomVariantType.RightPromotion
 0001:0000E2A0       TCustomVariantType.UnaryOp
 0001:0000E2B4       TCustomVariantType._AddRef
 0001:0000E2C0       TCustomVariantType._Release
 0002:00000304       TerminateProcList
 0002:00001046       Test8086
 0001:00001B54       TextClose
 0001:00001AC8       TextIn
 0001:00001B74       TextOpen
 0001:00001B08       TextOut
 0001:00007550       TextToFloat
 0001:00010E50       TFileStream.Create
 0001:00010E0C       TFileStream.Create
 0001:00010FA4       TFileStream.Destroy
 0001:00010D48       THandleStream.Create
 0001:00010D84       THandleStream.Read
 0001:00010DA4       THandleStream.Seek
 0001:00010DD0       THandleStream.SetSize
 0001:00010DE4       THandleStream.SetSize
 0001:00010D94       THandleStream.Write
 0002:00001686       ThousandSeparator
 0002:00001864       ThreadLock
 0002:00001698       TimeAMString
 0002:0000169C       TimePMString
 0002:00001694       TimeSeparator
 0001:00004888       TInterfacedObject.AfterConstruction
 0001:00004894       TInterfacedObject.BeforeDestruction
 0001:000048A4       TInterfacedObject.NewInstance
 0001:000048B4       TInterfacedObject.QueryInterface
 0001:000048DC       TInterfacedObject._AddRef
 0001:000048F0       TInterfacedObject._Release
 0001:0000F26C       TList.Add
 0001:0000F2A0       TList.Clear
 0001:0000F2B8       TList.Delete
 0001:0000F24C       TList.Destroy
 0001:0000F354       TList.Error
 0001:0000F31C       TList.Error
 0001:0000F3A8       TList.Get
 0001:0000F3D0       TList.Grow
 0001:0000F4B0       TList.Notify
 0001:0000F404       TList.SetCapacity
 0001:0000F440       TList.SetCount
 0002:00001668       tlsBuffer
 0001:00004ED0       TlsGetValue
 0002:0000009C       TlsIndex
 0002:FFBDF00C       TlsLast
 0001:00004ED8       TlsSetValue
 0001:0000AF10       TMultiReadExclusiveWriteSynchronizer.BeginRead
 0001:0000AE24       TMultiReadExclusiveWriteSynchronizer.BeginWrite
 0001:0000ADE0       TMultiReadExclusiveWriteSynchronizer.BlockReaders
 0001:0000AD24       TMultiReadExclusiveWriteSynchronizer.Create
 0001:0000AD98       TMultiReadExclusiveWriteSynchronizer.Destroy
 0001:0000AF7C       TMultiReadExclusiveWriteSynchronizer.EndRead
 0001:0000AEC0       TMultiReadExclusiveWriteSynchronizer.EndWrite
 0001:0000ADF8       TMultiReadExclusiveWriteSynchronizer.UnblockOneWriter
 0001:0000ADEC       TMultiReadExclusiveWriteSynchronizer.UnblockReaders
 0001:0000AE04       TMultiReadExclusiveWriteSynchronizer.WaitForReadSignal
 0001:0000AE14       TMultiReadExclusiveWriteSynchronizer.WaitForWriteSignal
 0001:00002A34       TObject.AfterConstruction
 0001:00002A38       TObject.BeforeDestruction
 0001:00002794       TObject.ClassName
 0001:000027A8       TObject.ClassParent
 0001:0000278C       TObject.ClassType
 0001:00002880       TObject.CleanupInstance
 0001:000027EC       TObject.Create
 0001:00002A30       TObject.DefaultHandler
 0001:0000280C       TObject.Destroy
 0001:00002A3C       TObject.Dispatch
 0001:0000281C       TObject.Free
 0001:000027D0       TObject.FreeInstance
 0001:000028D0       TObject.GetInterface
 0001:00002964       TObject.GetInterfaceEntry
 0001:00002A14       TObject.InheritsFrom
 0001:00002828       TObject.InitInstance
 0001:000027E4       TObject.InstanceSize
 0001:000027B4       TObject.NewInstance
 0001:00002A28       TObject.SafeCallException
 0001:000042B0       ToLongPath
 0001:0000F5D0       TPersistent.Assign
 0001:0000F5E4       TPersistent.AssignError
 0001:0000F6B4       TPersistent.AssignTo
 0001:0000F6BC       TPersistent.DefineProperties
 0001:0000F5A4       TPersistent.Destroy
 0001:0000F6C0       TPersistent.GetNamePath
 0001:0000F770       TPersistent.GetOwner
 0001:00009334       TranslateDateFormat
 0001:0000C4CC       TranslateResult
 0001:0001112C       TReader.CheckValue
 0001:00011150       TReader.EndOfList
 0001:00011164       TReader.NextValue
 0001:00011174       TReader.Read
 0001:000111C0       TReader.ReadBuffer
 0001:000111FC       TReader.ReadListBegin
 0001:00011204       TReader.ReadListEnd
 0001:0001120C       TReader.ReadStr
 0001:00011248       TReader.ReadString
 0001:000113E8       TReader.ReadValue
 0001:00011304       TReader.ReadWideString
 0001:000116DC       TReader.SkipBytes
 0001:00011694       TReader.SkipProperty
 0001:000113FC       TReader.SkipSetBody
 0001:000114F8       TReader.SkipValue
 0001:0000EF48       TRegGroup.Create
 0001:0000EFC4       TRegGroup.Destroy
 0001:0000F024       TRegGroup.UnregisterModuleClasses
 0001:0000F0C8       TRegGroups.Create
 0001:0000F13C       TRegGroups.Destroy
 0001:0000F198       TRegGroups.Lock
 0001:0000F1A4       TRegGroups.Unlock
 0001:0000F1B0       TRegGroups.UnregisterModuleClasses
 0001:000121A4       TRegistry.ChangeKey
 0001:00012148       TRegistry.CloseKey
 0001:000120D8       TRegistry.Create
 0001:0001211C       TRegistry.Destroy
 0001:000121C8       TRegistry.GetBaseKey
 0001:00012484       TRegistry.GetData
 0001:00012394       TRegistry.GetDataInfo
 0001:000123E4       TRegistry.GetDataSize
 0001:000121DC       TRegistry.OpenKeyReadOnly
 0001:0001240C       TRegistry.ReadString
 0001:00012178       TRegistry.SetRootKey
 0001:000124F8       TRegistry.ValueExists
 0001:0000631C       Trim
 0002:00001788       TrueBoolStrs
 0001:000078A0       TryEncodeDate
 0001:00007798       TryEncodeTime
 0001:00000FB0       TryHarder
 0001:00001EB4       TryOpenForInput
 0001:000021B8       TryOpenForOutput
 0001:000065F8       TryStrToBool
 0001:00007738       TryStrToCurr
 0001:00008F24       TryStrToDateTime
 0001:000076C4       TryStrToFloat
 0001:0000770C       TryStrToFloat
 0001:000076E0       TryStrToFloat
 0001:0000650C       TryStrToInt
 0001:00008EF0       TryStrToTime
 0001:00010B0C       TStream.GetPosition
 0001:00010B2C       TStream.GetSize
 0001:00010CA0       TStream.Seek
 0001:00010C1C       TStream.Seek
 0001:00010B78       TStream.SetSize
 0001:00010B7C       TStream.SetSize
 0001:00010D10       TStream.WriteBuffer
 0001:00010534       TStringList.Add
 0001:00010540       TStringList.AddObject
 0001:000105A4       TStringList.Changed
 0001:000105C0       TStringList.Changing
 0001:000105DC       TStringList.Clear
 0001:00010AF0       TStringList.CompareStrings
[...]
  1820 0001:00016780  1821 0001:0001678C  1822 0001:00016798  1823 0001:000167A4
  1824 0001:000167B0  1825 0001:000167BC  1826 0001:000167C8  1827 0001:000167D4
  1828 0001:000167E0  1829 0001:000167EC  1830 0001:000167F8  1831 0001:00016804
  1832 0001:00016810  1833 0001:0001681C  1834 0001:00016828  1835 0001:00016834
  1836 0001:00016840  1837 0001:0001684C  1838 0001:00016858  1839 0001:00016864
  1840 0001:00016870  1841 0001:0001687C  1842 0001:00016888  1843 0001:00016894
  1844 0001:000168A0  1845 0001:000168AC  1846 0001:000168B8  1847 0001:000168C4
  1848 0001:000168D0  1849 0001:000168DC  1850 0001:000168E8  1851 0001:000168F4
  1852 0001:00016900  1853 0001:0001690C  1854 0001:00016918  1855 0001:00016924
  1856 0001:00016930  1857 0001:0001693C  1858 0001:00016948  1859 0001:00016954
  1860 0001:00016960  1861 0001:0001696C  1862 0001:00016978  1863 0001:00016984
  1864 0001:00016990  1865 0001:0001699C  1866 0001:000169A8  1867 0001:000169B4
  1868 0001:000169C0  1869 0001:000169CC  1870 0001:000169D8  1871 0001:000169E4
  1872 0001:000169F0  1873 0001:000169FC  1874 0001:00016A08  1875 0001:00016A14
  1876 0001:00016A20  1877 0001:00016A2C  1878 0001:00016A38  1879 0001:00016A44
  1880 0001:00016A50  1881 0001:00016A5C  1882 0001:00016A68  1883 0001:00016A74
  1884 0001:00016A80  1885 0001:00016A8C  1886 0001:00016A98  1887 0001:00016AA4
  1888 0001:00016AB0  1889 0001:00016ABC  1890 0001:00016AC8  1891 0001:00016AD4
  1892 0001:00016AE0  1893 0001:00016AEC  1894 0001:00016AF8  1895 0001:00016B04
  1896 0001:00016B10  1897 0001:00016B1C  1898 0001:00016B28  1899 0001:00016B34
  1900 0001:00016B40  1901 0001:00016B4C  1902 0001:00016B58  1903 0001:00016B64
  1904 0001:00016B70  1905 0001:00016B7C  1906 0001:00016B88  1907 0001:00016B94
  1908 0001:00016BA0  1909 0001:00016BAC  1910 0001:00016BB8  1911 0001:00016BC4
  1912 0001:00016BD0  1913 0001:00016BDC  1914 0001:00016BE8  1915 0001:00016BF4
  1916 0001:00016C00  1917 0001:00016C0C  1918 0001:00016C18  1919 0001:00016C24
  1920 0001:00016C30  1921 0001:00016C3C  1922 0001:00016C48  1923 0001:00016C54
  1924 0001:00016C60  1925 0001:00016C6C  1926 0001:00016C78  1927 0001:00016C84
  1928 0001:00016C90  1929 0001:00016C9C  1930 0001:00016CA8  1931 0001:00016CB4
  1932 0001:00016CC0  1933 0001:00016CCC  1934 0001:00016CD8  1935 0001:00016CE4
  1936 0001:00016CF0  1937 0001:00016CFC  1938 0001:00016D08  1939 0001:00016D14
  1940 0001:00016D20  1941 0001:00016D2C  1942 0001:00016D38  1943 0001:00016D44
  1944 0001:00016D50  1945 0001:00016D5C  1946 0001:00016D68  1947 0001:00016D74
  1948 0001:00016D80  1949 0001:00016D8C  1950 0001:00016D98  1951 0001:00016DA4
  1952 0001:00016DB0  1953 0001:00016DBC  1954 0001:00016DC8  1955 0001:00016DD4
  1956 0001:00016DE0  1957 0001:00016DEC  1958 0001:00016DF8  1959 0001:00016E04
  1960 0001:00016E10  1961 0001:00016E1C  1962 0001:00016E28  1963 0001:00016E34
  1964 0001:00016E40  1965 0001:00016E4C  1966 0001:00016E58  1967 0001:00016E64
  1968 0001:00016E70  1969 0001:00016E7C  1970 0001:00016E88  1971 0001:00016E94
  1972 0001:00016EA0  1973 0001:00016EAC  1974 0001:00016EB8  1975 0001:00016EC4
  1976 0001:00016ED0  1977 0001:00016EDC  1978 0001:00016EE8  1979 0001:00016EF4
  1980 0001:00016F00  1981 0001:00016F0C  1982 0001:00016F18  1983 0001:00016F24
  1984 0001:00016F30  1985 0001:00016F3C  1986 0001:00016F48  1987 0001:00016F54
  1988 0001:00016F60  1989 0001:00016F6C  1990 0001:00016F78  1991 0001:00016F84
  1992 0001:00016F90  1993 0001:00016F9C  1994 0001:00016FA8  1995 0001:00016FB4
  1996 0001:00016FC0  1997 0001:00016FCC  1998 0001:00016FD8  1999 0001:00016FE4
  2000 0001:00016FF0  2001 0001:00016FFC  2002 0001:00017008  2003 0001:00017014
  2004 0001:00017020  2005 0001:0001702C  2006 0001:00017038  2007 0001:00017044
  2008 0001:00017050  2009 0001:0001705C  2010 0001:00017068  2011 0001:00017074
  2012 0001:00017080  2013 0001:0001708C  2014 0001:00017098  2015 0001:000170A4
  2016 0001:000170B0  2017 0001:000170BC  2018 0001:000170C8  2019 0001:000170D4
  2020 0001:000170E0  2021 0001:000170EC  2022 0001:000170F8  2023 0001:00017104
  2024 0001:00017110  2025 0001:0001711C  2026 0001:00017128  2027 0001:00017134
  2028 0001:00017140  2029 0001:0001714C  2030 0001:00017158  2031 0001:00017164
  2032 0001:00017170  2033 0001:0001717C  2034 0001:00017188  2035 0001:00017194
  2036 0001:000171A0  2037 0001:000171AC  2038 0001:000171B8  2039 0001:000171C4
  2040 0001:000171D0  2041 0001:000171DC  2042 0001:000171E8  2043 0001:000171F4
  2044 0001:00017200  2045 0001:0001720C  2046 0001:00017218  2047 0001:00017224
  2048 0001:00017230  2049 0001:0001723C  2050 0001:00017248  2051 0001:00017254
  2052 0001:00017260  2053 0001:0001726C  2054 0001:00017278  2055 0001:00017284
  2056 0001:00017290  2057 0001:0001729C  2058 0001:000172A8  2059 0001:000172B4
  2060 0001:000172C0  2061 0001:000172CC  2062 0001:000172D8  2063 0001:000172E4
  2064 0001:000172F0  2065 0001:000172FC  2066 0001:00017308  2067 0001:00017314
  2068 0001:00017320  2069 0001:0001732C  2070 0001:00017338  2071 0001:00017344
  2072 0001:00017350  2073 0001:0001735C  2074 0001:00017368  2075 0001:00017374
  2076 0001:00017380  2077 0001:0001738C  2078 0001:00017398  2079 0001:000173A4
  2080 0001:000173B0  2081 0001:000173BC  2082 0001:000173C8  2083 0001:000173D4
  2084 0001:000173E0  2085 0001:000173EC  2086 0001:000173F8  2087 0001:00017404
  2088 0001:00017410  2089 0001:0001741C  2090 0001:00017428  2091 0001:00017434
  2092 0001:00017440  2093 0001:0001744C  2094 0001:00017458  2095 0001:00017464
  2096 0001:00017470  2097 0001:0001747C  2098 0001:00017488  2099 0001:00017494
  2100 0001:000174A0  2101 0001:000174AC  2102 0001:000174B8  2103 0001:000174C4
  2104 0001:000174D0  2105 0001:000174DC  2106 0001:000174E8  2107 0001:000174F4
  2108 0001:00017500  2109 0001:0001750C  2110 0001:00017518  2111 0001:00017524
  2112 0001:00017530  2113 0001:0001753C  2114 0001:00017548  2115 0001:00017554
  2116 0001:00017560  2117 0001:0001756C  2118 0001:00017578  2119 0001:00017584
  2120 0001:00017590  2121 0001:0001759C  2122 0001:000175A8  2123 0001:000175B4
  2124 0001:000175C0  2125 0001:000175CC  2126 0001:000175D8  2127 0001:000175E4
  2128 0001:000175F0  2129 0001:000175FC  2130 0001:00017608  2131 0001:00017614
  2132 0001:00017620  2133 0001:0001762C  2134 0001:00017638  2135 0001:00017644
  2136 0001:00017650  2137 0001:0001765C  2138 0001:00017668  2139 0001:00017674
  2140 0001:00017680  2141 0001:0001768C  2142 0001:00017698  2143 0001:000176A4
  2144 0001:000176B0  2145 0001:000176BC  2146 0001:000176C8  2147 0001:000176D4
  2148 0001:000176E0  2149 0001:000176EC  2150 0001:000176F8  2151 0001:00017704
  2152 0001:00017710  2153 0001:0001771C  2154 0001:00017728  2155 0001:00017734
  2156 0001:00017740  2157 0001:0001774C  2158 0001:00017758  2159 0001:00017764
  2160 0001:00017770  2161 0001:0001777C  2162 0001:00017788  2163 0001:00017794
  2164 0001:000177A0  2165 0001:000177AC  2166 0001:000177B8  2167 0001:000177C4
  2168 0001:000177D0  2169 0001:000177DC  2170 0001:000177E8  2171 0001:000177F4
  2172 0001:00017800  2173 0001:0001780C  2174 0001:00017818  2175 0001:00017824
  2176 0001:00017830  2177 0001:0001783C  2178 0001:00017848  2179 0001:00017854
  2180 0001:00017860  2181 0001:0001786C  2182 0001:00017878  2183 0001:00017884
  2184 0001:00017890  2185 0001:0001789C  2186 0001:000178A8  2187 0001:000178B4
  2188 0001:000178C0  2189 0001:000178CC  2190 0001:000178D8  2191 0001:000178E4
  2192 0001:000178F0  2193 0001:000178FC  2194 0001:00017908  2195 0001:00017914
  2196 0001:00017920  2197 0001:0001792C  2198 0001:00017938  2199 0001:00017944
  2200 0001:00017950  2201 0001:0001795C  2202 0001:00017968  2203 0001:00017974
  2204 0001:00017980  2205 0001:0001798C  2206 0001:00017998  2207 0001:000179A4
  2208 0001:000179B0  2209 0001:000179BC  2210 0001:000179C8  2211 0001:000179D4
  2212 0001:000179E0  2213 0001:000179EC  2214 0001:000179F8  2215 0001:00017A04
  2216 0001:00017A10  2217 0001:00017A1C  2218 0001:00017A28  2219 0001:00017A34
  2220 0001:00017A40  2221 0001:00017A4C  2222 0001:00017A58  2223 0001:00017A64
  2224 0001:00017A70  2225 0001:00017A7C  2226 0001:00017A88  2227 0001:00017A94
  2228 0001:00017AA0  2229 0001:00017AAC  2230 0001:00017AB8  2231 0001:00017AC4
  2232 0001:00017AD0  2233 0001:00017ADC  2234 0001:00017AE8  2235 0001:00017AF4
  2236 0001:00017B00  2237 0001:00017B0C  2238 0001:00017B18  2239 0001:00017B24
  2240 0001:00017B30  2241 0001:00017B3C  2242 0001:00017B48  2243 0001:00017B54
  2244 0001:00017B60  2245 0001:00017B6C  2246 0001:00017B78  2247 0001:00017B84
  2248 0001:00017B90  2249 0001:00017B9C  2250 0001:00017BA8  2251 0001:00017BB4
  2252 0001:00017BC0  2253 0001:00017BCC  2254 0001:00017BD8  2255 0001:00017BE4
  2256 0001:00017BF0  2257 0001:00017BFC  2258 0001:00017C08  2259 0001:00017C14
  2260 0001:00017C20  2261 0001:00017C2C  2262 0001:00017C38  2263 0001:00017C44
  2264 0001:00017C50  2265 0001:00017C5C  2266 0001:00017C68  2267 0001:00017C74
  2268 0001:00017C80  2269 0001:00017C8C  2270 0001:00017C98  2271 0001:00017CA4
  2272 0001:00017CB0  2273 0001:00017CBC  2274 0001:00017CC8  2275 0001:00017CD4
  2276 0001:00017CE0  2277 0001:00017CEC  2278 0001:00017CF8  2279 0001:00017D04
  2280 0001:00017D10  2281 0001:00017D1C  2282 0001:00017D28  2283 0001:00017D34
  2284 0001:00017D40  2285 0001:00017D4C  2286 0001:00017D58  2287 0001:00017D64
  2288 0001:00017D70  2289 0001:00017D7C  2290 0001:00017D88  2291 0001:00017D94
  2292 0001:00017DA0  2293 0001:00017DAC  2294 0001:00017DB8  2295 0001:00017DC4
  2296 0001:00017DD0  2297 0001:00017DDC  2298 0001:00017DE8  2299 0001:00017DF4
  2300 0001:00017E00  2301 0001:00017E0C  2302 0001:00017E18  2303 0001:00017E24
  2304 0001:00017E30  2305 0001:00017E3C  2306 0001:00017E48  2307 0001:00017E54
  2308 0001:00017E60  2309 0001:00017E6C  2310 0001:00017E78  2311 0001:00017E84
  2312 0001:00017E90  2313 0001:00017E9C  2314 0001:00017EA8  2315 0001:00017EB4
  2316 0001:00017EC0  2317 0001:00017ECC  2318 0001:00017ED8  2319 0001:00017EE4
  2320 0001:00017EF0  2321 0001:00017EFC  2322 0001:00017F08  2323 0001:00017F14
  2324 0001:00017F20  2325 0001:00017F2C  2326 0001:00017F38  2327 0001:00017F44
  2328 0001:00017F50  2329 0001:00017F5C  2330 0001:00017F68  2331 0001:00017F74
  2332 0001:00017F80  2333 0001:00017F8C  2334 0001:00017F98  2335 0001:00017FA4
  2336 0001:00017FB0  2337 0001:00017FBC  2338 0001:00017FC8  2339 0001:00017FD4
  2340 0001:00017FE0  2341 0001:00017FEC  2342 0001:00017FF8  2343 0001:00018004
  2344 0001:00018010  2345 0001:0001801C  2346 0001:00018028  2347 0001:00018034
  2348 0001:00018040  2349 0001:0001804C  2350 0001:00018058  2351 0001:00018064
  2352 0001:00018070  2353 0001:0001807C  2354 0001:00018088  2355 0001:00018094
  2356 0001:000180A0  2357 0001:000180AC  2358 0001:000180B8  2359 0001:000180C4
  2360 0001:000180D0  2361 0001:000180DC  2362 0001:000180E8  2363 0001:000180F4
  2364 0001:00018100  2365 0001:0001810C  2366 0001:00018118  2367 0001:00018124
  2368 0001:00018130  2369 0001:0001813C  2370 0001:00018148  2371 0001:00018154
  2372 0001:00018160  2373 0001:0001816C  2374 0001:00018178  2375 0001:00018184
  2376 0001:00018190  2377 0001:0001819C  2378 0001:000181A8  2379 0001:000181B4
  2380 0001:000181C0  2381 0001:000181CC  2382 0001:000181D8  2383 0001:000181E4
  2384 0001:000181F0  2385 0001:000181FC  2386 0001:00018208  2387 0001:00018214
  2388 0001:00018220  2389 0001:0001822C  2390 0001:00018238  2391 0001:00018244
  2392 0001:00018250  2393 0001:0001825C  2394 0001:00018268  2395 0001:00018274
  2396 0001:00018280  2397 0001:0001828C  2398 0001:00018298  2399 0001:000182A4
  2400 0001:000182B0  2401 0001:000182BC  2402 0001:000182C8  2403 0001:000182D4
  2404 0001:000182E0  2405 0001:000182EC  2406 0001:000182F8  2407 0001:00018304
  2408 0001:00018310  2409 0001:0001831C  2410 0001:00018328  2411 0001:00018334
  2412 0001:00018340  2413 0001:0001834C  2414 0001:00018358  2415 0001:00018364
  2416 0001:00018370  2417 0001:0001837C  2418 0001:00018388  2419 0001:00018394
  2420 0001:000183A0  2421 0001:000183AC  2422 0001:000183B8  2423 0001:000183C4
  2424 0001:000183D0  2425 0001:000183DC  2426 0001:000183E8  2427 0001:000183F4
  2428 0001:00018400  2429 0001:0001840C  2430 0001:00018418  2431 0001:00018424
  2432 0001:00018430  2433 0001:0001843C  2434 0001:00018448  2435 0001:00018454
  2436 0001:00018460  2437 0001:0001846C  2438 0001:00018478  2439 0001:00018484
  2440 0001:00018490  2441 0001:0001849C  2442 0001:000184A8  2443 0001:000184B4
  2444 0001:000184C0  2445 0001:000184CC  2446 0001:000184D8  2447 0001:000184E4
  2448 0001:000184F0  2449 0001:000184FC  2450 0001:00018508  2451 0001:00018514
  2452 0001:00018520  2453 0001:0001852C  2454 0001:00018538  2455 0001:00018544
  2456 0001:00018550  2457 0001:0001855C  2458 0001:00018568  2459 0001:00018574
  2460 0001:00018580  2461 0001:0001858C  2462 0001:00018598  2463 0001:000185A4
  2464 0001:000185B0  2465 0001:000185BC  2466 0001:000185C8  2467 0001:000185D4
  2468 0001:000185E0  2469 0001:000185EC  2470 0001:000185F8  2471 0001:00018604
  2472 0001:00018610  2473 0001:0001861C  2474 0001:00018628  2475 0001:00018634
  2476 0001:00018640  2477 0001:0001864C  2478 0001:00018658  2479 0001:00018664
  2480 0001:00018670  2481 0001:0001867C  2482 0001:00018688  2483 0001:00018694
  2484 0001:000186A0  2485 0001:000186AC  2486 0001:000186B8  2487 0001:000186C4
  2488 0001:000186D0  2489 0001:000186DC  2490 0001:000186E8  2491 0001:000186F4
  2492 0001:00018700  2493 0001:0001870C  2494 0001:00018718  2495 0001:00018724
  2496 0001:00018730  2497 0001:0001873C  2498 0001:00018748  2499 0001:00018754
  2500 0001:00018760  2501 0001:0001876C  2502 0001:00018778  2503 0001:00018784
  2504 0001:00018790  2505 0001:0001879C  2506 0001:000187A8  2507 0001:000187B4
  2508 0001:000187C0  2509 0001:000187CC  2510 0001:000187D8  2511 0001:000187E4
  2512 0001:000187F0  2513 0001:000187FC  2514 0001:00018808  2515 0001:00018814
  2516 0001:00018820  2517 0001:0001882C  2518 0001:00018838  2519 0001:00018844
  2520 0001:00018850  2521 0001:0001885C  2522 0001:00018868  2523 0001:00018874
  2524 0001:00018880  2525 0001:0001888C  2526 0001:00018898  2527 0001:000188A4
  2528 0001:000188B0  2529 0001:000188BC  2530 0001:000188C8  2531 0001:000188D4
  2532 0001:000188E0  2533 0001:000188EC  2534 0001:000188F8  2535 0001:00018904
  2536 0001:00018910  2537 0001:0001891C  2538 0001:00018928  2539 0001:00018934
  2540 0001:00018940  2541 0001:0001894C  2542 0001:00018958  2543 0001:00018964
  2544 0001:00018970  2545 0001:0001897C  2546 0001:00018988  2547 0001:00018994
  2548 0001:000189A0  2549 0001:000189AC  2550 0001:000189B8  2551 0001:000189C4
  2552 0001:000189D0  2553 0001:000189DC  2554 0001:000189E8  2555 0001:000189F4
  2556 0001:00018A00  2557 0001:00018A0C  2558 0001:00018A18  2559 0001:00018A24
  2560 0001:00018A30  2561 0001:00018A3C  2562 0001:00018A48  2563 0001:00018A54
  2564 0001:00018A60  2565 0001:00018A6C  2566 0001:00018A78  2567 0001:00018A84
  2568 0001:00018A90  2569 0001:00018A9C  2570 0001:00018AA8  2571 0001:00018AB4
  2572 0001:00018AC0  2573 0001:00018ACC  2574 0001:00018AD8  2575 0001:00018AE4
  2576 0001:00018AF0  2577 0001:00018AFC  2578 0001:00018B08  2579 0001:00018B14
  2580 0001:00018B20  2581 0001:00018B2C  2582 0001:00018B38  2583 0001:00018B44
  2584 0001:00018B50  2585 0001:00018B57  2586 0001:00018B83  2594 0001:00018BBC
  2595 0001:00018BBF  2596 0001:00018BCB  2623 0001:0001DB10  2624 0001:0001DB2A
  2625 0001:0001DB2F  2626 0001:0001DB37  2627 0001:0001DB42  2630 0001:0001DB66

Line numbers for mMist(mMist.pas) segment .text

   146 0001:0001DB68   147 0001:0001DBB8   148 0001:0001DBC6   149 0001:0001DBD0
   150 0001:0001DBEB   151 0001:0001DBF8   152 0001:0001DC06   153 0001:0001DC11
   154 0001:0001DC2A   155 0001:0001DC35   156 0001:0001DC43   157 0001:0001DC53
   158 0001:0001DC8B   159 0001:0001DCC3   160 0001:0001DCD0   161 0001:0001DCE0
   162 0001:0001DCEE   163 0001:0001DCF4   165 0001:0001DD48   166 0001:0001DD53
   167 0001:0001DD65   168 0001:0001DD6F   169 0001:0001DD79   170 0001:0001DD82
   172 0001:0001DDAA   174 0001:0001DDC0   176 0001:0001DE17   187 0001:0001DE58
   188 0001:0001DEAE   189 0001:0001DEBC   190 0001:0001DEC6   191 0001:0001DEE1
   192 0001:0001DEEE   193 0001:0001DEFC   194 0001:0001DF07   195 0001:0001DF20
   196 0001:0001DF2B   197 0001:0001DF39   198 0001:0001DF49   199 0001:0001DF81
   200 0001:0001DFCC   201 0001:0001DFD9   202 0001:0001DFE7   204 0001:0001DFFC
   205 0001:0001E048   202 0001:0001E049   206 0001:0001E04C   207 0001:0001E086
   208 0001:0001E096   209 0001:0001E0A4   210 0001:0001E0F6   211 0001:0001E108
   212 0001:0001E112   213 0001:0001E11C   214 0001:0001E125   216 0001:0001E14D
   218 0001:0001E163   220 0001:0001E1B5   332 0001:0001E234   332 0001:0001E23B

Line numbers for mcrar(F:\Codex Suite\Plug-Ins\ZipTV\mcrar.dpr) segment .text

    29 0001:0001E34C    30 0001:0001E376    32 0001:0001E392    33 0001:0001E3AA
    35 0001:0001E3AF    37 0001:0001E3E1    38 0001:0001E3F9    40 0001:0001E3FE
    41 0001:0001E40A    42 0001:0001E415    43 0001:0001E43C    44 0001:0001E443
    47 0001:0001E447    45 0001:0001E448    49 0001:0001E46F    50 0001:0001E489
    51 0001:0001E498    52 0001:0001E4A7    53 0001:0001E4B6    54 0001:0001E4C4
    55 0001:0001E4DD    56 0001:0001E4EC    57 0001:0001E502    58 0001:0001E511
    59 0001:0001E522    60 0001:0001E533    61 0001:0001E544    62 0001:0001E552
    63 0001:0001E56C    65 0001:0001E57B    66 0001:0001E58A    67 0001:0001E5C0
    70 0001:0001E5D1    71 0001:0001E5E1    68 0001:0001E5F0    73 0001:0001E601
    76 0001:0001E612    77 0001:0001E61F    74 0001:0001E62E    79 0001:0001E63F
    82 0001:0001E651    84 0001:0001E669    85 0001:0001E679    86 0001:0001E68D
    87 0001:0001E6BC    88 0001:0001E6CC    89 0001:0001E713    91 0001:0001E73C
    93 0001:0001E756    94 0001:0001E786    95 0001:0001E796    96 0001:0001E7AA
    97 0001:0001E7D9    98 0001:0001E835    99 0001:0001E845   103 0001:0001E87A
   104 0001:0001E8A8   109 0001:0001E8B5   111 0001:0001E8CF   112 0001:0001E8DF
   113 0001:0001E8F3   114 0001:0001E922   115 0001:0001E932   116 0001:0001E941
   117 0001:0001E988   119 0001:0001E997   120 0001:0001E9F0   121 0001:0001EA49
   123 0001:0001EA72   125 0001:0001EA8C   126 0001:0001EAC8   127 0001:0001EAD7
   128 0001:0001EB24   129 0001:0001EB33   130 0001:0001EB43   131 0001:0001EB57
   133 0001:0001EB8C   134 0001:0001EBF1   135 0001:0001EC65   136 0001:0001EC75
   140 0001:0001ECB3   141 0001:0001ECEA   143 0001:0001ECF2   109 0001:0001ECF3
   145 0001:0001ECFC   148 0001:0001ED0B   149 0001:0001ED1D   151 0001:0001ED69
   152 0001:0001ED79   153 0001:0001EDAE   154 0001:0001EDBE   155 0001:0001EDCD
   156 0001:0001EE17   158 0001:0001EE26   159 0001:0001EE88   160 0001:0001EEE1
   162 0001:0001EF0A   164 0001:0001EF24   165 0001:0001EF60   166 0001:0001EF6F
   167 0001:0001EFB9   168 0001:0001EFC8   169 0001:0001EFD8   171 0001:0001F00D
   172 0001:0001F06F   173 0001:0001F0E3   174 0001:0001F0F3   178 0001:0001F131
   179 0001:0001F168   181 0001:0001F170   182 0001:0001F17A   148 0001:0001F17B
   184 0001:0001F183   186 0001:0001F192   187 0001:0001F1A2   188 0001:0001F1D7
   189 0001:0001F1E4   190 0001:0001F237   192 0001:0001F260   194 0001:0001F27A
   195 0001:0001F2B3   196 0001:0001F2C3   197 0001:0001F2F8   198 0001:0001F366
   199 0001:0001F376   203 0001:0001F3B4   204 0001:0001F3EB   208 0001:0001F3F3
   209 0001:0001F40A   210 0001:0001F419   211 0001:0001F427   212 0001:0001F45A
   213 0001:0001F470   212 0001:0001F495   214 0001:0001F49A   215 0001:0001F4AA
   216 0001:0001F4B4   217 0001:0001F4E3

Bound resource files

mcrar.RES
mcrar.drf


Program entry point at 0001:0001E34C
