
 Start         Length     Name                   Class
 0001:00000000 0007A18CH .text                   CODE
 0002:00000000 00001738H .data                   DATA
 0002:00001738 0000344DH .bss                    BSS


Detailed map of segments

 0001:00000000 000057B3 C=CODE     S=.text    G=(none)   M=System   ACBP=A9
 0001:000057B4 000001CC C=CODE     S=.text    G=(none)   M=SysInit  ACBP=A9
 0001:00005980 00000078 C=CODE     S=.text    G=(none)   M=Types    ACBP=A9
 0001:000059F8 00000DA4 C=CODE     S=.text    G=(none)   M=Windows  ACBP=A9
 0001:0000679C 00000038 C=CODE     S=.text    G=(none)   M=Messages ACBP=A9
 0001:000067D4 00000040 C=CODE     S=.text    G=(none)   M=ActiveX  ACBP=A9
 0001:00006814 00000198 C=CODE     S=.text    G=(none)   M=CommCtrl ACBP=A9
 0001:000069AC 0000003F C=CODE     S=.text    G=(none)   M=XPTheme  ACBP=A9
 0001:000069EC 00000318 C=CODE     S=.text    G=(none)   M=SysConst ACBP=A9
 0001:00006D04 00006AF0 C=CODE     S=.text    G=(none)   M=SysUtils ACBP=A9
 0001:0000D7F4 000007FB C=CODE     S=.text    G=(none)   M=VarUtils ACBP=A9
 0001:0000DFF0 00002A42 C=CODE     S=.text    G=(none)   M=Variants ACBP=A9
 0001:00010A34 00000138 C=CODE     S=.text    G=(none)   M=RTLConsts ACBP=A9
 0001:00010B6C 000007E8 C=CODE     S=.text    G=(none)   M=TypInfo  ACBP=A9
 0001:00011354 00009C62 C=CODE     S=.text    G=(none)   M=Classes  ACBP=A9
 0001:0001AFB8 00000724 C=CODE     S=.text    G=(none)   M=IniFiles ACBP=A9
 0001:0001B6DC 00000C48 C=CODE     S=.text    G=(none)   M=Registry ACBP=A9
 0001:0001C324 00000040 C=CODE     S=.text    G=(none)   M=ShellAPI ACBP=A9
 0001:0001C364 000002E0 C=CODE     S=.text    G=(none)   M=Consts   ACBP=A9
 0001:0001C644 00008E47 C=CODE     S=.text    G=(none)   M=Graphics ACBP=A9
 0001:0002548C 00000048 C=CODE     S=.text    G=(none)   M=Math     ACBP=A9
 0001:000254D4 000002B8 C=CODE     S=.text    G=(none)   M=Contnrs  ACBP=A9
 0001:0002578C 00000787 C=CODE     S=.text    G=(none)   M=MultiMon ACBP=A9
 0001:00025F14 00000038 C=CODE     S=.text    G=(none)   M=Imm      ACBP=A9
 0001:00025F4C 00000FF8 C=CODE     S=.text    G=(none)   M=HelpIntfs ACBP=A9
 0001:00026F44 00000038 C=CODE     S=.text    G=(none)   M=WinSpool ACBP=A9
 0001:00026F7C 00000044 C=CODE     S=.text    G=(none)   M=Printers ACBP=A9
 0001:00026FC0 0000031F C=CODE     S=.text    G=(none)   M=FlatSB   ACBP=A9
 0001:000272E0 000001A4 C=CODE     S=.text    G=(none)   M=SyncObjs ACBP=A9
 0001:00027484 000009BB C=CODE     S=.text    G=(none)   M=UxTheme  ACBP=A9
 0001:00027E40 00000038 C=CODE     S=.text    G=(none)   M=RichEdit ACBP=A9
 0001:00027E78 00000038 C=CODE     S=.text    G=(none)   M=ToolWin  ACBP=A9
 0001:00027EB0 00000038 C=CODE     S=.text    G=(none)   M=RegStr   ACBP=A9
 0001:00027EE8 00000038 C=CODE     S=.text    G=(none)   M=WinInet  ACBP=A9
 0001:00027F20 00000038 C=CODE     S=.text    G=(none)   M=UrlMon   ACBP=A9
 0001:00027F58 0000006C C=CODE     S=.text    G=(none)   M=ShlObj   ACBP=A9
 0001:00027FC4 00000048 C=CODE     S=.text    G=(none)   M=CommDlg  ACBP=A9
 0001:0002800C 00000038 C=CODE     S=.text    G=(none)   M=Dlgs     ACBP=A9
 0001:00028044 00001795 C=CODE     S=.text    G=(none)   M=Dialogs  ACBP=A9
 0001:000297DC 00003B1A C=CODE     S=.text    G=(none)   M=ExtCtrls ACBP=A9
 0001:0002D2F8 00000038 C=CODE     S=.text    G=(none)   M=ComStrs  ACBP=A9
 0001:0002D330 00000094 C=CODE     S=.text    G=(none)   M=Clipbrd  ACBP=A9
 0001:0002D3C4 00000038 C=CODE     S=.text    G=(none)   M=StrUtils ACBP=A9
 0001:0002D3FC 00002731 C=CODE     S=.text    G=(none)   M=Buttons  ACBP=A9
 0001:0002FB30 00000038 C=CODE     S=.text    G=(none)   M=ExtDlgs  ACBP=A9
 0001:0002FB68 0000006C C=CODE     S=.text    G=(none)   M=Mapi     ACBP=A9
 0001:0002FBD4 00000058 C=CODE     S=.text    G=(none)   M=ExtActns ACBP=A9
 0001:0002FC2C 00000038 C=CODE     S=.text    G=(none)   M=ListActns ACBP=A9
 0001:0002FC64 00001334 C=CODE     S=.text    G=(none)   M=ComCtrls ACBP=A9
 0001:00030F98 00000D38 C=CODE     S=.text    G=(none)   M=Themes   ACBP=A9
 0001:00031CD0 00009A5C C=CODE     S=.text    G=(none)   M=StdCtrls ACBP=A9
 0001:0003B72C 00000168 C=CODE     S=.text    G=(none)   M=StdActns ACBP=A9
 0001:0003B894 00000D1F C=CODE     S=.text    G=(none)   M=WinHelpViewer ACBP=A9
 0001:0003C5B4 000110C3 C=CODE     S=.text    G=(none)   M=Controls ACBP=A9
 0001:0004D678 00001292 C=CODE     S=.text    G=(none)   M=ActnList ACBP=A9
 0001:0004E90C 00001B9C C=CODE     S=.text    G=(none)   M=ImgList  ACBP=A9
 0001:000504A8 00006639 C=CODE     S=.text    G=(none)   M=Menus    ACBP=A9
 0001:00056AE4 0000C2A4 C=CODE     S=.text    G=(none)   M=Forms    ACBP=A9
 0001:00062D88 000001D0 C=CODE     S=.text    G=(none)   M=uCommon  ACBP=A9
 0001:00062F58 00000038 C=CODE     S=.text    G=(none)   M=Wildcard ACBP=A9
 0001:00062F90 00000EDC C=CODE     S=.text    G=(none)   M=mUtils   ACBP=A9
 0001:00063E6C 0000023C C=CODE     S=.text    G=(none)   M=uShell   ACBP=A9
 0001:000640A8 0000B6D4 C=CODE     S=.text    G=(none)   M=uLocalize ACBP=A9
 0001:0006F77C 00000038 C=CODE     S=.text    G=(none)   M=FileCtrl ACBP=A9
 0001:0006F7B4 00000154 C=CODE     S=.text    G=(none)   M=uUtils   ACBP=A9
 0001:0006F908 00000038 C=CODE     S=.text    G=(none)   M=uTreeExplorer ACBP=A9
 0001:0006F940 00000038 C=CODE     S=.text    G=(none)   M=uListExplorer ACBP=A9
 0001:0006F978 00000053 C=CODE     S=.text    G=(none)   M=uCodec   ACBP=A9
 0001:0006F9CC 0000004B C=CODE     S=.text    G=(none)   M=uThreadControl ACBP=A9
 0001:0006FA18 00000038 C=CODE     S=.text    G=(none)   M=uCodexMessages ACBP=A9
 0001:0006FA50 0000004B C=CODE     S=.text    G=(none)   M=uAction  ACBP=A9
 0001:0006FA9C 000000CC C=CODE     S=.text    G=(none)   M=uAntiVirus ACBP=A9
 0001:0006FB68 00000038 C=CODE     S=.text    G=(none)   M=Tabs     ACBP=A9
 0001:0006FBA0 00000038 C=CODE     S=.text    G=(none)   M=uAbout   ACBP=A9
 0001:0006FBD8 000003DB C=CODE     S=.text    G=(none)   M=uBindingsAPI ACBP=A9
 0001:0006FFB4 000000C3 C=CODE     S=.text    G=(none)   M=CheckLst ACBP=A9
 0001:00070078 00000038 C=CODE     S=.text    G=(none)   M=uBindingsGui ACBP=A9
 0001:000700B0 00000040 C=CODE     S=.text    G=(none)   M=uCodex   ACBP=A9
 0001:000700F0 000001E9 C=CODE     S=.text    G=(none)   M=uCodexShellRegUnit ACBP=A9
 0001:000702DC 0000008D C=CODE     S=.text    G=(none)   M=uCodexShellReg ACBP=A9
 0001:0007036C 00000038 C=CODE     S=.text    G=(none)   M=uComPlusShared ACBP=A9
 0001:000703A4 0000004C C=CODE     S=.text    G=(none)   M=uSplash  ACBP=A9
 0001:000703F0 00000038 C=CODE     S=.text    G=(none)   M=DateUtils ACBP=A9
 0001:00070428 000000BC C=CODE     S=.text    G=(none)   M=uNetwork ACBP=A9
 0001:000704E4 00000038 C=CODE     S=.text    G=(none)   M=uContextMenus ACBP=A9
 0001:0007051C 00000038 C=CODE     S=.text    G=(none)   M=uExplorer ACBP=A9
 0001:00070554 00000174 C=CODE     S=.text    G=(none)   M=uPlugin  ACBP=A9
 0001:000706C8 000005DC C=CODE     S=.text    G=(none)   M=uFiles   ACBP=A9
 0001:00070CA4 000005C0 C=CODE     S=.text    G=(none)   M=mUtils_LW ACBP=A9
 0001:00071264 00000060 C=CODE     S=.text    G=(none)   M=uSharedDLL ACBP=A9
 0001:000712C4 00002304 C=CODE     S=.text    G=(none)   M=mrarprefs ACBP=A9
 0001:000735C8 00000328 C=CODE     S=.text    G=(none)   M=mMist    ACBP=A9
 0001:000738F0 00000A7C C=CODE     S=.text    G=(none)   M=mrarexe  ACBP=A9
 0001:0007436C 00000958 C=CODE     S=.text    G=(none)   M=mrepairrar ACBP=A9
 0001:00074CC4 0000078C C=CODE     S=.text    G=(none)   M=mAceComments ACBP=A9
 0001:00075450 00000B5C C=CODE     S=.text    G=(none)   M=maceexe  ACBP=A9
 0001:00075FAC 00001728 C=CODE     S=.text    G=(none)   M=maceprefs ACBP=A9
 0001:000776D4 0000091C C=CODE     S=.text    G=(none)   M=mrepairace ACBP=A9
 0001:00077FF0 00000768 C=CODE     S=.text    G=(none)   M=mRarComments ACBP=A9
 0001:00078758 00001A34 C=CODE     S=.text    G=(none)   M=mTVEx    ACBP=A9
 0002:00000000 000002A0 C=DATA     S=.data    G=DGROUP   M=System   ACBP=A9
 0002:000002A0 00000030 C=DATA     S=.data    G=DGROUP   M=SysInit  ACBP=A9
 0002:000002D0 00000250 C=DATA     S=.data    G=DGROUP   M=SysUtils ACBP=A9
 0002:00000520 00000008 C=DATA     S=.data    G=DGROUP   M=VarUtils ACBP=A9
 0002:00000528 0000008E C=DATA     S=.data    G=DGROUP   M=Variants ACBP=A9
 0002:000005B8 0000000C C=DATA     S=.data    G=DGROUP   M=TypInfo  ACBP=A9
 0002:000005C4 00000064 C=DATA     S=.data    G=DGROUP   M=Classes  ACBP=A9
 0002:00000628 00000008 C=DATA     S=.data    G=DGROUP   M=IniFiles ACBP=A9
 0002:00000630 00000008 C=DATA     S=.data    G=DGROUP   M=Registry ACBP=A9
 0002:00000638 00000304 C=DATA     S=.data    G=DGROUP   M=Graphics ACBP=A9
 0002:0000093C 00000004 C=DATA     S=.data    G=DGROUP   M=Printers ACBP=A9
 0002:00000940 000000D4 C=DATA     S=.data    G=DGROUP   M=Dialogs  ACBP=A9
 0002:00000A14 00000190 C=DATA     S=.data    G=DGROUP   M=ExtCtrls ACBP=A9
 0002:00000BA4 00000046 C=DATA     S=.data    G=DGROUP   M=Buttons  ACBP=A9
 0002:00000BEC 00000008 C=DATA     S=.data    G=DGROUP   M=Mapi     ACBP=A9
 0002:00000BF4 00000044 C=DATA     S=.data    G=DGROUP   M=ComCtrls ACBP=A9
 0002:00000C38 00000068 C=DATA     S=.data    G=DGROUP   M=Themes   ACBP=A9
 0002:00000CA0 00000100 C=DATA     S=.data    G=DGROUP   M=StdCtrls ACBP=A9
 0002:00000DA0 0000013C C=DATA     S=.data    G=DGROUP   M=Controls ACBP=A9
 0002:00000EDC 00000020 C=DATA     S=.data    G=DGROUP   M=ImgList  ACBP=A9
 0002:00000EFC 000000EC C=DATA     S=.data    G=DGROUP   M=Menus    ACBP=A9
 0002:00000FE8 0000011C C=DATA     S=.data    G=DGROUP   M=Forms    ACBP=A9
 0002:00001104 00000005 C=DATA     S=.data    G=DGROUP   M=uShell   ACBP=A9
 0002:0000110C 00000008 C=DATA     S=.data    G=DGROUP   M=uLocalize ACBP=A9
 0002:00001114 00000004 C=DATA     S=.data    G=DGROUP   M=uUtils   ACBP=A9
 0002:00002000 0000065C C=BSS      S=.bss     G=DGROUP   M=System   ACBP=A9
 0002:0000265C 00000014 C=BSS      S=.bss     G=DGROUP   M=SysInit  ACBP=A9
 0002:00002670 00000004 C=BSS      S=.bss     G=DGROUP   M=Types    ACBP=A9
 0002:00002674 00000004 C=BSS      S=.bss     G=DGROUP   M=Windows  ACBP=A9
 0002:00002678 00000004 C=BSS      S=.bss     G=DGROUP   M=Messages ACBP=A9
 0002:0000267C 00000004 C=BSS      S=.bss     G=DGROUP   M=ActiveX  ACBP=A9
 0002:00002680 0000000C C=BSS      S=.bss     G=DGROUP   M=CommCtrl ACBP=A9
 0002:0000268C 00000004 C=BSS      S=.bss     G=DGROUP   M=XPTheme  ACBP=A9
 0002:00002690 00000004 C=BSS      S=.bss     G=DGROUP   M=SysConst ACBP=A9
 0002:00002694 00000120 C=BSS      S=.bss     G=DGROUP   M=SysUtils ACBP=A9
 0002:000027B4 0000005C C=BSS      S=.bss     G=DGROUP   M=VarUtils ACBP=A9
 0002:00002810 00000040 C=BSS      S=.bss     G=DGROUP   M=Variants ACBP=A9
 0002:00002850 00000004 C=BSS      S=.bss     G=DGROUP   M=RTLConsts ACBP=A9
 0002:00002854 00000004 C=BSS      S=.bss     G=DGROUP   M=TypInfo  ACBP=A9
 0002:00002858 00000040 C=BSS      S=.bss     G=DGROUP   M=Classes  ACBP=A9
 0002:00002898 00000004 C=BSS      S=.bss     G=DGROUP   M=IniFiles ACBP=A9
 0002:0000289C 00000004 C=BSS      S=.bss     G=DGROUP   M=Registry ACBP=A9
 0002:000028A0 00000004 C=BSS      S=.bss     G=DGROUP   M=ShellAPI ACBP=A9
 0002:000028A4 00000004 C=BSS      S=.bss     G=DGROUP   M=Consts   ACBP=A9
 0002:000028A8 00000060 C=BSS      S=.bss     G=DGROUP   M=Graphics ACBP=A9
 0002:00002908 00000004 C=BSS      S=.bss     G=DGROUP   M=Math     ACBP=A9
 0002:0000290C 00000004 C=BSS      S=.bss     G=DGROUP   M=Contnrs  ACBP=A9
 0002:00002910 00000031 C=BSS      S=.bss     G=DGROUP   M=MultiMon ACBP=A9
 0002:00002944 00000004 C=BSS      S=.bss     G=DGROUP   M=Imm      ACBP=A9
 0002:00002948 00000008 C=BSS      S=.bss     G=DGROUP   M=HelpIntfs ACBP=A9
 0002:00002950 00000004 C=BSS      S=.bss     G=DGROUP   M=WinSpool ACBP=A9
 0002:00002954 00000004 C=BSS      S=.bss     G=DGROUP   M=Printers ACBP=A9
 0002:00002958 00000034 C=BSS      S=.bss     G=DGROUP   M=FlatSB   ACBP=A9
 0002:0000298C 00000004 C=BSS      S=.bss     G=DGROUP   M=SyncObjs ACBP=A9
 0002:00002990 000000CC C=BSS      S=.bss     G=DGROUP   M=UxTheme  ACBP=A9
 0002:00002A5C 00000004 C=BSS      S=.bss     G=DGROUP   M=RichEdit ACBP=A9
 0002:00002A60 00000004 C=BSS      S=.bss     G=DGROUP   M=ToolWin  ACBP=A9
 0002:00002A64 00000004 C=BSS      S=.bss     G=DGROUP   M=RegStr   ACBP=A9
 0002:00002A68 00000004 C=BSS      S=.bss     G=DGROUP   M=WinInet  ACBP=A9
 0002:00002A6C 00000004 C=BSS      S=.bss     G=DGROUP   M=UrlMon   ACBP=A9
 0002:00002A70 00000004 C=BSS      S=.bss     G=DGROUP   M=ShlObj   ACBP=A9
 0002:00002A74 00000004 C=BSS      S=.bss     G=DGROUP   M=CommDlg  ACBP=A9
 0002:00002A78 00000004 C=BSS      S=.bss     G=DGROUP   M=Dlgs     ACBP=A9
 0002:00002A7C 0000000C C=BSS      S=.bss     G=DGROUP   M=Dialogs  ACBP=A9
 0002:00002A88 00000004 C=BSS      S=.bss     G=DGROUP   M=ExtCtrls ACBP=A9
 0002:00002A8C 00000004 C=BSS      S=.bss     G=DGROUP   M=ComStrs  ACBP=A9
 0002:00002A90 0000000C C=BSS      S=.bss     G=DGROUP   M=Clipbrd  ACBP=A9
 0002:00002A9C 00000004 C=BSS      S=.bss     G=DGROUP   M=StrUtils ACBP=A9
 0002:00002AA0 00000030 C=BSS      S=.bss     G=DGROUP   M=Buttons  ACBP=A9
 0002:00002AD0 00000004 C=BSS      S=.bss     G=DGROUP   M=ExtDlgs  ACBP=A9
 0002:00002AD4 00000004 C=BSS      S=.bss     G=DGROUP   M=Mapi     ACBP=A9
 0002:00002AD8 00000009 C=BSS      S=.bss     G=DGROUP   M=ExtActns ACBP=A9
 0002:00002AE4 00000004 C=BSS      S=.bss     G=DGROUP   M=ListActns ACBP=A9
 0002:00002AE8 00000010 C=BSS      S=.bss     G=DGROUP   M=ComCtrls ACBP=A9
 0002:00002AF8 00000008 C=BSS      S=.bss     G=DGROUP   M=Themes   ACBP=A9
 0002:00002B00 00000004 C=BSS      S=.bss     G=DGROUP   M=StdCtrls ACBP=A9
 0002:00002B04 00000004 C=BSS      S=.bss     G=DGROUP   M=StdActns ACBP=A9
 0002:00002B08 00000014 C=BSS      S=.bss     G=DGROUP   M=WinHelpViewer ACBP=A9
 0002:00002B1C 00000080 C=BSS      S=.bss     G=DGROUP   M=Controls ACBP=A9
 0002:00002B9C 00000004 C=BSS      S=.bss     G=DGROUP   M=ActnList ACBP=A9
 0002:00002BA0 0000000C C=BSS      S=.bss     G=DGROUP   M=ImgList  ACBP=A9
 0002:00002BAC 00000010 C=BSS      S=.bss     G=DGROUP   M=Menus    ACBP=A9
 0002:00002BBC 00000020 C=BSS      S=.bss     G=DGROUP   M=Forms    ACBP=A9
 0002:00002BDC 00000004 C=BSS      S=.bss     G=DGROUP   M=uCommon  ACBP=A9
 0002:00002BE0 00000004 C=BSS      S=.bss     G=DGROUP   M=Wildcard ACBP=A9
 0002:00002BE4 00000014 C=BSS      S=.bss     G=DGROUP   M=mUtils   ACBP=A9
 0002:00002BF8 00000004 C=BSS      S=.bss     G=DGROUP   M=uShell   ACBP=A9
 0002:00002BFC 00001F94 C=BSS      S=.bss     G=DGROUP   M=uLocalize ACBP=A9
 0002:00004B90 00000004 C=BSS      S=.bss     G=DGROUP   M=FileCtrl ACBP=A9
 0002:00004B94 0000000C C=BSS      S=.bss     G=DGROUP   M=uUtils   ACBP=A9
 0002:00004BA0 00000004 C=BSS      S=.bss     G=DGROUP   M=uTreeExplorer ACBP=A9
 0002:00004BA4 00000004 C=BSS      S=.bss     G=DGROUP   M=uListExplorer ACBP=A9
 0002:00004BA8 00000008 C=BSS      S=.bss     G=DGROUP   M=uCodec   ACBP=A9
 0002:00004BB0 00000008 C=BSS      S=.bss     G=DGROUP   M=uThreadControl ACBP=A9
 0002:00004BB8 00000004 C=BSS      S=.bss     G=DGROUP   M=uCodexMessages ACBP=A9
 0002:00004BBC 00000008 C=BSS      S=.bss     G=DGROUP   M=uAction  ACBP=A9
 0002:00004BC4 000001D4 C=BSS      S=.bss     G=DGROUP   M=uAntiVirus ACBP=A9
 0002:00004D98 00000004 C=BSS      S=.bss     G=DGROUP   M=Tabs     ACBP=A9
 0002:00004D9C 00000004 C=BSS      S=.bss     G=DGROUP   M=uAbout   ACBP=A9
 0002:00004DA0 00000018 C=BSS      S=.bss     G=DGROUP   M=uBindingsAPI ACBP=A9
 0002:00004DB8 0000000C C=BSS      S=.bss     G=DGROUP   M=CheckLst ACBP=A9
 0002:00004DC4 00000004 C=BSS      S=.bss     G=DGROUP   M=uBindingsGui ACBP=A9
 0002:00004DC8 00000004 C=BSS      S=.bss     G=DGROUP   M=uCodex   ACBP=A9
 0002:00004DCC 0000001C C=BSS      S=.bss     G=DGROUP   M=uCodexShellRegUnit ACBP=A9
 0002:00004DE8 00000010 C=BSS      S=.bss     G=DGROUP   M=uCodexShellReg ACBP=A9
 0002:00004DF8 00000004 C=BSS      S=.bss     G=DGROUP   M=uComPlusShared ACBP=A9
 0002:00004DFC 0000000C C=BSS      S=.bss     G=DGROUP   M=uSplash  ACBP=A9
 0002:00004E08 00000004 C=BSS      S=.bss     G=DGROUP   M=DateUtils ACBP=A9
 0002:00004E0C 000001D0 C=BSS      S=.bss     G=DGROUP   M=uNetwork ACBP=A9
 0002:00004FDC 00000004 C=BSS      S=.bss     G=DGROUP   M=uContextMenus ACBP=A9
 0002:00004FE0 00000004 C=BSS      S=.bss     G=DGROUP   M=uExplorer ACBP=A9
 0002:00004FE4 00000014 C=BSS      S=.bss     G=DGROUP   M=uPlugin  ACBP=A9
 0002:00004FF8 0000001C C=BSS      S=.bss     G=DGROUP   M=uFiles   ACBP=A9
 0002:00005014 00000004 C=BSS      S=.bss     G=DGROUP   M=mUtils_LW ACBP=A9
 0002:00005018 00000014 C=BSS      S=.bss     G=DGROUP   M=uSharedDLL ACBP=A9
 0002:0000502C 00000008 C=BSS      S=.bss     G=DGROUP   M=mrarprefs ACBP=A9
 0002:00005034 00000004 C=BSS      S=.bss     G=DGROUP   M=mMist    ACBP=A9
 0002:00005038 0000000C C=BSS      S=.bss     G=DGROUP   M=mrarexe  ACBP=A9
 0002:00005044 00000014 C=BSS      S=.bss     G=DGROUP   M=mrepairrar ACBP=A9
 0002:00005058 000001E4 C=BSS      S=.bss     G=DGROUP   M=mAceComments ACBP=A9
 0002:0000523C 0000000C C=BSS      S=.bss     G=DGROUP   M=maceexe  ACBP=A9
 0002:00005248 00000008 C=BSS      S=.bss     G=DGROUP   M=maceprefs ACBP=A9
 0002:00005250 00000014 C=BSS      S=.bss     G=DGROUP   M=mrepairace ACBP=A9
 0002:00005264 000001E4 C=BSS      S=.bss     G=DGROUP   M=mRarComments ACBP=A9
 0002:00005448 00000004 C=BSS      S=.bss     G=DGROUP   M=mTVEx    ACBP=A9


  Address         Publics by Name

 0002:00002670       .1
 0002:00004BB0       .1
 0002:00004DC8       .1
 0002:00004BB8       .1
 0002:00002A8C       .1
 0002:00002690       .1
 0002:00004DF8       .1
 0002:00002A9C       .1
 0002:00004BAC       .1
 0002:0000268C       .1
 0002:00002680       .1
 0002:00004BC4       .1
 0002:00002AD4       .1
 0002:00004E08       .1
 0002:00002A78       .1
 0002:00002A74       .1
 0002:00002A70       .1
 0002:00002A6C       .1
 0002:00002678       .1
 0002:00002A68       .1
 0002:00002A64       .1
 0002:00002668       .1
 0002:00002850       .1
 0002:00002A5C       .1
 0002:00004BA4       .1
 0002:00002A4C       .1
 0002:00004BA0       .1
 0002:00004B94       .1
 0002:00004E0C       .1
 0002:000028A0       .1
 0002:000028A4       .1
 0002:00002978       .1
 0002:00002BF8       .1
 0002:00004FE0       .1
 0002:00004FF0       .1
 0002:00002BF4       .1
 0002:00002BE0       .1
 0002:00005034       .1
 0002:00002BDC       .1
 0002:00004B88       .1
 0002:00005000       .1
 0002:00004DB4       .1
 0002:00002B10       .1
 0002:00005014       .1
 0002:00002944       .1
 0002:00004DCC       .1
 0002:00005028       .1
 0002:00002930       .1
 0002:00002A7C       .11
 0002:000028AC       .12
 0002:00002A88       .12
 0002:00005260       .2
 0002:00004DC4       .2
 0002:00004BC0       .2
 0002:00002A94       .2
 0002:00002AF8       .2
 0002:00004DB8       .2
 0002:00004E04       .2
 0002:00005030       .2
 0002:00005244       .2
 0002:00005444       .2
 0002:00002948       .2
 0002:0000524C       .2
 0002:00004D9C       .2
 0002:00005238       .2
 0002:00005054       .2
 0002:00004DE8       .2
 0002:00002908       .2
 0002:00005040       .2
 0002:00004FDC       .2
 0002:0000290C       .21
 0002:00002BA0       .3
 0002:0000267C       .3
 0002:00002954       .3
 0002:00002AD0       .3
 0002:00002950       .3
 0002:00002674       .3
 0002:000027A4       .35
 0002:00002AE8       .36
 0002:00004D98       .4
 0002:00002AA0       .4
 0002:00002A60       .4
 0002:00002BC4       .41
 0002:00002B00       .42
 0002:00002864       .45
 0002:000025B4       .5
 0002:00004B90       .5
 0002:0000289C       .5
 0002:0000280C       .5
 0002:0000298C       .6
 0002:00002854       .6
 0002:00002AD8       .72
 0002:00002B24       .72
 0002:00002B04       .73
 0002:00002B9C       .8
 0002:00002898       .8
 0002:00002AE4       .8
 0002:00002830       .81
 0002:00002BB4       .9
 0001:00001B8C       @AbstractError
 0001:00002F70       @AfterConstruction
 0001:00002DA4       @AsClass
 0001:00001E70       @Assign
 0001:0000206C       @AStrCmp
 0001:00002F80       @BeforeDestruction
 0001:00002DF0       @CallDynaInst
 0001:00002F18       @ClassCreate
 0001:00002F68       @ClassDestroy
 0001:00001F38       @Close
 0001:000018DC       @Copy
 0001:00004744       @CopyArray
 0001:00004628       @CopyRecord
 0001:0000485C       @DispCallByIDError
 0001:0000EA90       @DispInvokeError
 0001:0000484C       @Dispose
 0001:000033FC       @DoneExcept
 0001:00004A8C       @DynArrayAsg
 0001:00004A50       @DynArrayClear
 0001:00004890       @DynArrayHigh
 0001:00004888       @DynArrayLength
 0001:00004A44       @DynArraySetLength
 0001:000020DC       @EofText
 0001:000034E4       @ExceptionHandler
 0001:00002114       @FillChar
 0001:00004604       @Finalize
 0001:00004518       @FinalizeArray
 0001:000044CC       @FinalizeRecord
 0001:00002E08       @FindDynaInst
 0001:00001F2C       @Flush
 0001:00002B30       @FpuInit
 0001:00002A6C       @FpuMaskInit
 0001:0000172C       @FreeMem
 0001:0000170C       @GetMem
 0001:000058B4       @GetTls
 0001:000039B4       @Halt
 0001:000038DC       @Halt0
 0001:00003094       @HandleAnyException
 0001:00003348       @HandleFinally
 0001:000031C0       @HandleOnException
 0001:000044C0       @Initialize
 0001:0000442C       @InitializeArray
 0001:000043FC       @InitializeRecord
 0001:000037A0       @InitImports
 0001:00005900       @InitLib
 0001:00003778       @InitResStringImports
 0001:00003754       @InitResStrings
 0001:00005170       @IntfAddRef
 0001:00005140       @IntfCast
 0001:000050FC       @IntfClear
 0001:00005114       @IntfCopy
 0001:00002D80       @IsClass
 0001:00002A3C       @isNECWindows
 0001:00001920       @LGetDir
 0001:00003E98       @LStrAddRef
 0001:000039F0       @LStrArrayClr
 0001:00003A20       @LStrAsg
 0001:00003CB0       @LStrCat
 0001:00003CF4       @LStrCat3
 0001:00003D68       @LStrCatN
 0001:000039CC       @LStrClr
 0001:00003DF4       @LStrCmp
 0001:00003F08       @LStrCopy
 0001:00003F48       @LStrDelete
 0001:00003C3C       @LStrFromArray
 0001:00003BB4       @LStrFromChar
 0001:00003BC4       @LStrFromPChar
 0001:00003ABC       @LStrFromPCharLen
 0001:00003BF4       @LStrFromPWChar
 0001:00003B28       @LStrFromPWCharLen
 0001:00003C30       @LStrFromString
 0001:00003C54       @LStrFromWArray
 0001:00003C70       @LStrFromWStr
 0001:00003F90       @LStrInsert
 0001:00003A64       @LStrLAsg
 0001:00003CA8       @LStrLen
 0001:00003FEC       @LStrPos
 0001:00004034       @LStrSetLength
 0001:00003EA8       @LStrToPChar
 0001:00003C84       @LStrToString
 0001:00004838       @New
 0001:00003A90       @NewAnsiString
 0001:000040C8       @NewWideString
 0001:00002750       @Pow10
 0001:00001FE8       @PStrCmp
 0001:00001FC0       @PStrCpy
 0001:00001F90       @PStrNCat
 0001:00001FCC       @PStrNCpy
 0001:000033A8       @RaiseAgain
 0001:00003380       @RaiseExcept
 0001:00002170       @ReadChar
 0001:0000232C       @ReadLn
 0001:000021DC       @ReadLong
 0001:000022C0       @ReadLString
 0001:000022B4       @ReadString
 0001:0000174C       @ReallocMem
 0001:00001C00       @ResetText
 0001:00001C0C       @RewritText
 0001:00001B5C       @ROUND
 0001:000039C0       @RunError
 0001:0000235C       @SeekEof
 0001:00002704       @SetElem
 0001:00002728       @SetEq
 0001:0000273C       @SetUnion
 0001:0000368C       @StartLib
 0001:000002E4       @strlen
 0001:0000237C       @StrLong
 0001:00001B68       @TRUNC
 0001:0000342C       @TryFinallyExit
 0001:00003F00       @UniqueStringA
 0001:000023DC       @ValLong
 0001:00010188       @VarAddRef
 0001:0000ED7C       @VarClear
 0001:00004500       @VarClr
 0001:0000ED90       @VarClr
 0001:0000F0A4       @VarCopy
 0001:00004610       @VarCopy
 0001:000100C0       @VarFromBool
 0001:00010110       @VarFromCurr
 0001:00010058       @VarFromInt
 0001:00010094       @VarFromInt64
 0001:00010124       @VarFromLStr
 0001:000100E8       @VarFromReal
 0001:000100FC       @VarFromTDateTime
 0001:00010150       @VarFromWStr
 0001:0000EAE4       @VarNull
 0001:0000F3D0       @VarToLStr
 0001:0000FAF8       @VarToWStr
 0001:00002614       @Write0Bool
 0001:000025C4       @Write0Char
 0001:0000265C       @Write0Long
 0001:00004098       @Write0LString
 0001:00002600       @WriteBool
 0001:000024F4       @WriteBytes
 0001:0000268C       @WriteLn
 0001:0000261C       @WriteLong
 0001:000040A0       @WriteLString
 0001:00002548       @WriteSpaces
 0001:00002664       @WriteString
 0001:00004108       @WStrArrayClr
 0001:0000412C       @WStrAsg
 0001:00004284       @WStrCat3
 0001:000040F0       @WStrClr
 0001:000042E8       @WStrCmp
 0001:0000436C       @WStrCopy
 0001:00004258       @WStrFromLStr
 0001:00004150       @WStrFromPCharLen
 0001:00004200       @WStrFromPWChar
 0001:000041DC       @WStrFromPWCharLen
 0001:0000423C       @WStrFromWArray
 0001:00004278       @WStrLen
 0001:000043B8       @WStrSetLength
 0001:00004268       @WStrToPWChar
 0001:000026E0       @_CLenToPasStr
 0001:000026D4       @_CToPasStr
 0001:00001874       @_IOTest
 0001:00004864       @_llmul
 0001:0003F5DC       AbsMin
 0001:0000BADC       AbstractErrorHandler
 0002:00002028       AbstractErrorProc
 0002:00000350       AccessMode
 0002:00005248       Ace
 0002:0000523C       ace2exe
 0002:0000505C       AceComments
 0002:0000525C       AceFile
 0002:00005240       AceFile
 0002:00005060       AceFile
 0001:000017DC       AcquireExceptionObject
 0001:0001370C       ActivateClassGroup
 0001:00005FEC       ActivateKeyboardLayout
 0002:00002B58       ActiveDrag
 0001:0000680C       ActiveX
 0001:0004E8E0       ActnList
 0001:00000418       AddBlockAfter
 0002:000005C4       AddDataModule
 0001:00016C48       AddFinished
 0001:000520DC       AddIn
 0001:00004FA0       AddModuleUnloadProc
 0001:00004F90       AddModuleUnloadProc
 0001:00016C80       AddNotFinished
 0001:000176A4       AddSubComponentsToLoaded
 0001:0002011C       AdjustColor
 0001:0002C3DC       AdjustColors
 0001:00007E34       AdjustLineBreaks
 0001:000590F4       Adjustment
 0001:00005FF4       AdjustWindowRectEx
 0002:00000FC0       Alignments
 0002:00000FD0       Alignments
 0002:00000CA8       Alignments
 0002:00000D90       Alignments
 0002:00000D80       Alignments
 0002:00000A1C       Alignments
 0002:00000CE8       Alignments
 0001:0005FFEC       AlignWork
 0001:00044C48       AlignWork
 0001:0001AD98       AllocateHWnd
 0001:00028ED4       AllocFilterStr
 0001:00007950       AllocMem
 0002:000025AC       AllocMemCount
 0002:000025B0       AllocMemSize
 0001:00025284       AllocPatternBitmap
 0001:000057E4       AllocTlsBuffer
 0002:00000DAC       AnchorAlign
 0002:00000DA0       AnimateWindowProc
 0002:00000EA8       AnimationStyle
 0001:00007B18       AnsiCompareStr
 0001:00007B50       AnsiCompareText
 0001:00007D34       AnsiExtractQuotedStr
 0001:000085A4       AnsiLastChar
 0001:00005FFC       AnsiLower
 0001:00007AE4       AnsiLowerCase
 0001:0000C504       AnsiLowerCaseFileName
 0001:0000C4CC       AnsiPos
 0001:00007C10       AnsiQuotedStr
 0001:000568F0       AnsiSameCaption
 0001:00007B88       AnsiSameText
 0001:00007BA0       AnsiStrLIComp
 0001:0000C590       AnsiStrPos
 0001:0000C630       AnsiStrRScan
 0001:0000C658       AnsiStrScan
 0001:00005570       AnsiToUtf8
 0001:000711DC       AnsiUpperCase
 0001:00007AB0       AnsiUpperCase
 0002:00004234       api0
 0002:00004238       api1
 0002:00004298       api10
 0002:0000429C       api11
 0002:000042A0       api12
 0002:000042A4       api13
 0002:000042A8       api14
 0002:000042AC       api15
 0002:000042B0       api16
 0002:000042B4       api17
 0002:000042B8       api18
 0002:000042BC       api19
 0002:0000423C       api2
 0002:000042C0       api20
 0002:000042C4       api21
 0002:000042C8       api22
 0002:000042CC       api23
 0002:000042D0       api24
 0002:000042D4       api25
 0002:000042D8       api26
 0002:000042DC       api27
 0002:000042E0       api28
 0002:000042E4       api29
 0002:00004240       api3
 0002:000042E8       api30
 0002:000042EC       api31
 0002:000042F0       api32
 0002:000042F4       api33
 0002:000042F8       api34
 0002:000042FC       api35
 0002:00004300       api36
 0002:00004304       api37
 0002:00004308       api38
 0002:0000430C       api39
 0002:00004244       api4
 0002:00004310       api40
 0002:00004314       api41
 0002:00004318       api42
 0002:0000431C       api43
 0002:000043E0       api44
 0002:000043E4       api45
 0002:000043E8       api46
 0002:000043EC       api47
 0002:000043F0       api48
 0002:00004248       api5
 0002:0000424C       api6
 0002:00004250       api7
 0002:00004290       api8
 0002:00004294       api9
 0002:00004348       apiAbout0
 0002:0000434C       apiAbout1
 0002:00004350       apiAbout2
 0002:00004354       apiAbout3
 0002:00004274       apiCompress
 0002:0000427C       apiCompressEmail
 0002:00004288       apiCompressEmailHint
 0002:00004280       apiCompressHint
 0002:00004278       apiCompressNow
 0002:00004284       apiCompressNowHint
 0002:0000428C       apiCompressShellHint
 0002:00004254       apiExtract
 0002:0000425C       apiExtractFolder
 0002:00004270       apiExtractFolderHint
 0002:00004258       apiExtractHere
 0002:0000426C       apiExtractHereHint
 0002:00004268       apiExtractHint
 0002:00004410       apiGenFail
 0002:00004394       apiLic0
 0002:00004398       apiLic1
 0002:000043BC       apiLic10
 0002:000043C0       apiLic11
 0002:000043C4       apiLic12
 0002:000043C8       apiLic13
 0002:000043CC       apiLic14
 0002:000043D0       apiLic15
 0002:000043D4       apiLic16
 0002:000043D8       apiLic17
 0002:000043DC       apiLic18
 0002:000043F4       apiLic19
 0002:0000439C       apiLic2
 0002:000043F8       apiLic20
 0002:000043FC       apiLic21
 0002:00004400       apiLic22
 0002:00004404       apiLic23
 0002:00004408       apiLic24
 0002:0000440C       apiLic25
 0002:000043A0       apiLic3
 0002:000043A4       apiLic4
 0002:000043A8       apiLic5
 0002:000043AC       apiLic6
 0002:000043B0       apiLic7
 0002:000043B4       apiLic8
 0002:000043B8       apiLic9
 0002:00004260       apiNoOpen
 0002:00004264       apiReInstall
 0002:00004320       apiSheet0
 0002:00004324       apiSheet1
 0002:00004328       apiSheet2
 0002:0000432C       apiSheet3
 0002:00004330       apiSheet4
 0002:00004334       apiSheet5
 0002:00004338       apiSheet6
 0002:0000433C       apiSheet7
 0002:00004340       apiSheet8
 0002:00004344       apiSheet9
 0002:00004358       apiTip0
 0002:0000435C       apiTip1
 0002:00004380       apiTip10
 0002:00004384       apiTip11
 0002:00004388       apiTip12
 0002:0000438C       apiTip13
 0002:00004390       apiTip14
 0002:00004360       apiTip2
 0002:00004364       apiTip3
 0002:00004368       apiTip4
 0002:0000436C       apiTip5
 0002:00004370       apiTip6
 0002:00004374       apiTip7
 0002:00004378       apiTip8
 0002:0000437C       apiTip9
 0001:00009AD0       AppendChars
 0001:00009E94       AppendFormat
 0001:00009B34       AppendNumber
 0001:00009B14       AppendString
 0002:00004E00       ApplExe
 0002:00002BBC       Application
 0002:000005D4       ApplicationHandleException
 0002:000005DC       ApplicationShowException
 0002:000010FC       AppVisible
 0001:00070F68       AssertDir
 0001:00063960       AssertDir
 0001:000639AC       AssertDirectoryFormat
 0001:0000BAC0       AssertErrorHandler
 0002:00002020       AssertErrorProc
 0001:00010E1C       AssignLongStr
 0001:000111C0       AssignVariant
 0002:00000C2C       ATickMarks
 0002:00002604       avail
 0001:000087A8       BackfillGetDiskFreeSpaceEx
 0001:00042170       BackgroundClipped
 0001:0000DA84       BackupVarBoolFromStr
 0001:0000DBE4       BackupVarBStrFromBool
 0001:0000DB04       BackupVarBStrFromCy
 0001:0000DB74       BackupVarBStrFromDate
 0001:0000DA18       BackupVarCyFromStr
 0001:0000D9AC       BackupVarDateFromStr
 0001:0000D868       BackupVarI4FromStr
 0001:0000D814       BackupVariantChangeTypeEx
 0001:0000D8D4       BackupVarR4FromStr
 0001:0000D940       BackupVarR8FromStr
 0001:00013A64       BeginGlobalLoading
 0001:00006004       BeginPaint
 0001:00020128       BetterSize
 0001:0002BCCC       BevelLine
 0001:0002BBDC       BevelRect
 0001:00052F50       BiDiDraw
 0001:00005DCC       BitBlt
 0002:00000BA4       BitBtnCaptions
 0002:00002AA4       BitBtnGlyphs
 0002:000008F0       BitmapCanvasList
 0002:000028C4       BitmapImageLock
 0001:0000D850       BiUnimplemented
 0002:000005FC       BlockCode
 0002:000025DC       blockDescBlockList
 0002:000025E0       blockDescFreeList
 0002:000005B8       BooleanIdents
 0002:00000534       BooleanToStringRule
 0002:00000068       BoolStrs
 0001:00008364       BoolToStr
 0001:0000F158       BoolToWStrViaOS
 0002:00000CA0       BorderStyles
 0002:00000A14       BorderStyles
 0001:000059A4       Bounds
 0001:000129F0       Bounds
 0001:0006A7D0       BrandName
 0002:0000110C       BraZipFix
 0002:00000F68       Breaks
 0002:000028FC       BrushManager
 0001:00055704       BuildImage
 0002:000009E8       ButtonCaptions
 0002:00000BD4       ButtonCount
 0002:000009BC       ButtonNames
 0001:0002FB08       Buttons
 0002:00000FE4       Buttons
 0002:00000D78       ButtonStyles
 0001:0001F908       BytesPerScanline
 0001:0001FC60       ByteSwapColors
 0001:0000C190       ByteToCharIndex
 0001:0000C168       ByteToCharLen
 0001:0000C12C       ByteType
 0001:0000C0B4       ByteTypeTest
 0002:00005048       c
 0002:00005254       c
 0002:00005270       c
 0002:00005064       c
 0002:00003098       cab1
 0002:00003094       cab512
 0002:000030B0       cabAutoFolder
 0002:0000307C       cabBadHeader
 0002:000030A0       cabBytes
 0002:000030A8       cabBytesEach
 0002:00003068       cabCabinetExists
 0002:0000306C       cabDiskette
 0002:00003074       cabDiskSpace
 0002:000030B8       cabEXEDOS
 0002:000030B4       cabEXEWin
 0002:000030CC       cabFileAbsent
 0002:0000308C       cabHistory
 0002:000030C8       cabInsertContainingDisk
 0002:00003078       cabInsertDisk
 0002:00003084       cabLZX
 0002:00003080       cabMSZIP
 0002:000030AC       cabMultiNote
 0002:000030A4       cabMultiple
 0002:00003070       cabNewDisk
 0002:000030C4       cabNextPartMissing
 0002:00003090       cabNote
 0002:000030BC       cabPlatformID
 0002:0000309C       cabReserve
 0002:000030C0       cabSeaText
 0002:00003088       cabStrength
 0002:000030D0       cabvEXE
 0002:000030D8       cabvEXEHint
 0002:000030D4       cabvTest
 0002:000030DC       cabvTestHint
 0002:00002BA4       CachedComCtrlVer
 0002:00002EE0       cAction
 0002:00002EA4       cActionError
 0002:00002D2C       cAddFiles
 0001:0001ACD4       CalcJmpOffset
 0001:0004C94C       CalcSplitterPos
 0002:00002C6C       cAlgorithm
 0002:00002D54       cAllArchives
 0002:00002D3C       cAllCompressedFiles
 0002:00002CB4       cAllFiles
 0001:0000600C       CallNextHookEx
 0001:0000CD24       CallTerminateProcs
 0001:00006014       CallWindowProc
 0001:00040614       CancelDrag
 0002:00002B6C       CanvasList
 0002:00002900       CanvasList
 0002:00002C38       cApply
 0002:000009A8       Captions
 0002:00000E64       CaptureControl
 0002:00002DB0       cArchive
 0002:00002DCC       cArchiveDone
 0002:00002E58       cArchiveOp
 0002:00002D58       cArchiveQuote
 0002:00002D4C       cArcsSupported
 0002:00002C80       cAutoFolder
 0002:00002E78       cAV0
 0002:00002E7C       cAV1
 0002:00002E80       cAV2
 0002:00002E84       cAV3
 0002:00002CEC       cBack
 0002:00002E60       cBadAV1
 0002:00002E64       cBadAV2
 0002:00002DA4       cBadCompEngine
 0002:00002EB4       cBadDelete
 0002:00002F24       cBadDir
 0002:00002DA8       cBadExtEngine
 0002:00002E90       cBadExtract
 0002:00002DFC       cBadIconSubsystem
 0002:0000304C       cBadLic
 0002:00002DD0       cBadMenu
 0002:00002EB0       cBadMulti
 0002:00002DBC       cBadToolEngine
 0002:00002E24       cBadUpdateSubsystem
 0002:00002D0C       cBasedOn
 0002:00000F08       cBooleanToItemAutoFlag
 0002:00002D28       cBrowse
 0002:00002BFC       cCancel
 0002:00002E1C       cCheckingOut
 0002:00002E28       cCheckOutDone
 0002:00002D34       cClear
 0002:00002D08       cClickNext
 0002:00002CAC       cClickToConvert
 0002:00002CE8       cClose
 0002:00002D48       cCodexGetNewPlug
 0002:00002D40       cCodexNoPlug
 0002:00002D44       cCodexPlugUpdate
 0002:00002F38       cCodexUnableToOpen
 0002:00002EFC       cComments
 0002:00002F00       cCommentsHint
 0002:00002ECC       cCompFast
 0002:00002EC4       cCompMax
 0002:00002EC8       cCompNorm
 0002:00002C28       cCompress
 0002:00002E98       cCompressed
 0002:00003064       cCompressedX
 0002:00002E94       cCompressing
 0002:00002EB8       cCompressionCancelled
 0002:00002EC0       cCompressionKind
 0002:00002D98       cCompressPhase
 0002:00002ED0       cCompSuper
 0002:00002DB8       cConvertDone
 0002:00002CB0       cConverting
 0002:00002D90       cConvertingTitle
 0002:00002F6C       cCopy
 0002:00002F74       cCopyHint
 0002:00002E20       cCreatingIcons
 0002:00002F88       cD1
 0002:00002FAC       cD10
 0002:00002FB0       cD11
 0002:00002FB4       cD12
 0002:00002FB8       cD13
 0002:00002FBC       cD14
 0002:00002FC0       cD15
 0002:00002FC4       cD16
 0002:00002FC8       cD17
 0002:00002FCC       cD18
 0002:00002FD0       cD19
 0002:00002F8C       cD2
 0002:00002FD4       cD20
 0002:00002FD8       cD21
 0002:00002FDC       cD22
 0002:00002FE0       cD23
 0002:00002FE4       cD24
 0002:00002FE8       cD25
 0002:00002FEC       cD26
 0002:00002FF0       cD27
 0002:00002FF4       cD28
 0002:00002FF8       cD29
 0002:00002F90       cD3
 0002:00002FFC       cD30
 0002:00003000       cD31
 0002:00003004       cD32
 0002:00003008       cD33
 0002:0000300C       cD34
 0002:00003010       cD35
 0002:00003014       cD36
 0002:00003018       cD37
 0002:0000301C       cD38
 0002:00003020       cD39
 0002:00002F94       cD4
 0002:00003024       cD40
 0002:00003028       cD41
 0002:0000302C       cD42
 0002:00003030       cD43
 0002:00003034       cD44
 0002:00003038       cD45
 0002:0000303C       cD46
 0002:00003040       cD47
 0002:00003044       cD48
 0002:00002F98       cD5
 0002:00002F9C       cD6
 0002:00002FA0       cD7
 0002:00002FA4       cD8
 0002:00002FA8       cD9
 0002:00002EA8       cDecryptPassword
 0002:00002EE4       cDefault
 0002:00002ED4       cDelAfterComp
 0002:00002ED8       cDelete
 0002:00002D74       cDeleteProfile
 0002:00002CF8       cDesignedAt
 0002:00002F68       cEdit
 0002:00002D70       cEditProfile
 0002:00002EF0       cEncrypt
 0001:000287E4       CenterWindow
 0002:00002C0C       cError
 0002:00002CB8       cEXEFiles
 0002:00002C98       cEXEMaker
 0002:00002C9C       cEXEMakerExplanation
 0002:00002CA0       cEXEMakerKind
 0002:00002F18       cExtract
 0002:00002E8C       cExtracted
 0002:00002E88       cExtracting
 0002:00002EAC       cExtractNewFolder
 0002:00002D94       cExtractPhase
 0002:00002E9C       cFailConfComp
 0002:00002EA0       cFailConfExt
 0002:00002E50       cFailedRun
 0002:00002E54       cFailedRun_
 0002:00002EEC       cFasterTighter
 0002:00002C14       cFatalError
 0002:00002D00       cFeaturing
 0002:00002F10       cFile
 0002:00002C74       cFolder
 0002:00002C78       cFolderRelative
 0002:00002E4C       cForOp
 0002:00002DC0       cForPlugIn
 0002:00002A92       CF_COMPONENT
 0002:00002A90       CF_PICTURE
 0002:00002C24       cGeneral
 0002:00002828       ChangeAnyProc
 0001:0003EB40       ChangeBiDiModeAlignment
 0002:00000D2C       CharCases
 0002:00000CC8       CharCases
 0001:00003AEC       CharFromWChar
 0001:0000C364       CharLength
 0001:0000601C       CharLowerBuff
 0001:00000254       CharNext
 0001:00006024       CharNext
 0001:0001E10C       CharsetToIdent
 0001:0000C278       CharToByteIndex
 0001:0000C2DC       CharToByteLen
 0001:0000602C       CharToOem
 0001:00006034       CharToOemA
 0001:0006358C       CharToOEMEx
 0001:00064290       CharToOEMEx
 0001:0000603C       CharUpperBuff
 0002:00002EBC       cHasOccured
 0001:000018C4       ChDir
 0001:000018B0       ChDir
 0001:000206F0       CheckBool
 0001:00003010       CheckJmp
 0001:00070068       CheckLst
 0001:00006044       CheckMenuItem
 0002:00000F58       Checks
 0001:000176E0       CheckSubComponents
 0001:00019AAC       CheckSynchronize
 0001:00058B28       CheckTaskWindow
 0001:000402C8       CheckUndock
 0001:0000BFA8       CheckWin32Version
 0002:00002CF4       cHelp
 0002:00002C4C       cHigher
 0002:00002C48       cHighest
 0002:00002C5C       cIdle
 0002:00002F3C       cIllustration
 0002:00002E34       cIn
 0002:00002DF4       cInArchive
 0002:00002E2C       cInstalling
 0002:00002C64       cInteractive
 0002:00002F20       cInternal
 0002:00000538       CInvalidCustomVariantType
 0002:00002CC8       cInvalidSaveName
 0002:00002F80       cInvalidSplitSize
 0002:00000F0C       cItemAutoFlagToBoolean
 0002:00000F04       cItemAutoFlagToMenu
 0002:00002EF8       cKB
 0001:0001AF24       Classes
 0001:0001349C       ClassNotFound
 0002:00002824       ClearAnyProc
 0001:0001D99C       ClearColor
 0001:000104C4       ClearVariantTypeList
 0001:0000604C       ClientToScreen
 0001:00049EF0       ClientToWindow
 0002:000008E8       ClipboardFormats
 0001:0002D36C       Clipbrd
 0002:00002F28       cLock
 0002:00002CC4       cLogDialogSaveAs
 0002:00002C68       cLogged
 0001:00005B1C       CloseHandle
 0001:000001F4       CloseHandle
 0002:00002994       CloseThemeData
 0002:00002C88       clOverwrite
 0002:00002C54       cLower
 0002:00002C58       cLowest
 0002:00002C3C       clPriority
 0002:00002C40       clUserMode
 0002:00003048       cMaxLic
 0002:00002D78       cMB
 0002:0000203C       CmdLine
 0002:00002038       CmdShow
 0002:00000F00       cMenuAutoFlagToItem
 0002:00002EE8       cMinMax
 0002:00002EF4       cMist
 0001:0000D85C       CmpUnimplemented
 0002:00002C30       cMultiPart
 0002:00002C60       cNew
 0002:00002D6C       cNewProfile
 0002:00002CF0       cNext
 0002:00002CD8       cNo
 0002:00002F40       cNoArchivable
 0002:00002D7C       cNoArchiveSelected
 0002:00002E40       cNoAutoSetup1
 0002:00002E44       cNoAutoSetup2
 0002:00002E04       cNoCheckOutRights1
 0002:00002E08       cNoCheckOutRights2
 0002:00002E68       cNoPlugAV
 0002:00002E14       cNoPlugCheckOut
 0002:00002D88       cNoPlugCompConv1
 0002:00002D8C       cNoPlugCompConv2
 0002:00002E0C       cNoPlugExt
 0002:00002D80       cNoPlugExtConv1
 0002:00002D84       cNoPlugExtConv2
 0002:00002E38       cNoPlugOp
 0002:00002DD4       cNoPlugTools
 0002:00002DD8       cNoPlugToolsHint
 0002:00002DE8       cNoPlugView1
 0002:00002DEC       cNoPlugView2
 0002:00002C50       cNormal
 0002:00002CDC       cNoToAll
 0002:00002D18       cNoWriteReg
 0001:000067D4       CoCreateGuid
 0002:00004BA8       Codecs
 0002:00004DEC       Codex
 0001:000700B0       CodexAbout
 0002:00004FEC       CodexAssemblyDir
 0001:000706C8       CodexBindPlugIn
 0002:00004FF4       CodexDLLStub
 0002:00005010       CodexDLLStub
 0001:000796FC       CodexRegisterPlugIn
 0001:000788C4       CodexStandardFunction
 0001:00070928       CodexUnBindPlugIn
 0001:000799B4       CodexUnRegisterPlugIn
 0002:00002DA0       cOf
 0002:00002C34       cOK
 0002:00000668       Colors
 0001:0001DF04       ColorToIdent
 0002:00000A2C       ColorToPretyName
 0001:0001DEF4       ColorToRGB
 0002:000030F0       comA
 0002:000030F4       comAR
 0002:00003158       comArcSpecTools
 0002:00000D18       ComboBoxStyles
 0002:0000313C       comBYTES
 0002:00003184       comBYTES_
 0002:00003104       comC
 0002:000030EC       comCommands
 0002:00003130       comComplete
 0002:00003190       comCompressing
 0002:00003160       comConvertEffect
 0002:00002684       ComCtl32DLL
 0002:00002AF4       ComCtlVersion
 0001:00030F90       ComCtrls
 0002:0000317C       comDirList
 0002:000030FC       comE
 0002:00003150       comErrNoPlug
 0002:00003178       comExtracting
 0002:0000312C       comFailed
 0002:00003138       comFILES
 0002:00003124       comFileSupport
 0002:00003180       comFILES_
 0002:00003170       comFindExtract
 0002:00003148       comFindingFilesForTool
 0002:00003140       comFindingTool
 0002:00003144       comForArchive
 0002:0000316C       comInArchive
 0002:000030F8       comL
 0002:00003120       comLoadPlugs
 0002:00002BB8       CommandPool
 0001:000069A4       CommCtrl
 0001:00028004       CommDlg
 0001:000006F8       Commit
 0002:00002620       committedRoot
 0002:00003188       comNoCompPlug
 0002:0000315C       comNoTools
 0002:00003134       comOpening
 0002:00003110       comPA
 0001:000516C0       CompareFront
 0001:00007A18       CompareMem
 0001:000079E8       CompareStr
 0001:00005B24       CompareString
 0001:00007A38       CompareText
 0001:0000828C       CompareWith
 0002:00003128       comParsing
 0002:00004DFC       CompCapt
 0002:00003114       comPE
 0002:0000310C       comPI
 0002:00003194       comPIExec
 0001:000177C0       ComponentCreated
 0002:00003118       comPT
 0001:000204C0       ComputeAldusChecksum
 0002:000030E4       comSmart
 0002:0000318C       comStartComp
 0002:00003164       comStartConvert
 0002:00003174       comStartExtract
 0002:0000314C       comStartingTool
 0002:00003154       comStartWeb
 0001:0002D328       ComStrs
 0002:00003108       comT
 0002:000030E0       comTitle
 0002:000030E8       comUsage
 0002:00003100       comV
 0002:00003168       comViewUpdate
 0002:0000311C       comW
 0002:00002F84       cOnlineUpdate
 0001:0001C63C       Consts
 0001:00025784       Contnrs
 0002:00002B2A       ControlAtom
 0002:00002B30       ControlAtomString
 0001:0005D8BC       ControlHasHelp
 0001:0004D5E8       Controls
 0001:0000B51C       ConvertAddr
 0001:00009C24       ConvertEraString
 0001:000078CC       ConvertError
 0001:000078E4       ConvertErrorFmt
 0001:00009D8C       ConvertYearString
 0001:00004898       CopyArray
 0001:00022874       CopyBitmap
 0001:00022F3C       CopyBitmapAsMask
 0001:00005DD4       CopyEnhMetaFile
 0001:00005B2C       CopyFile
 0001:0002F908       CopyImage
 0001:00022ED8       CopyPalette
 0002:00000C3C       Copyright
 0001:000547B0       CopyToBest
 0001:00007910       CoTaskMemFree
 0001:0000C1E8       CountChars
 0002:000028DC       CounterLock
 0002:00002C18       cOverwrite
 0002:00002C8C       cOverwriteAlways
 0002:00002C90       cOverwriteAsk
 0002:00002C94       cOverwriteNever
 0002:00002CE0       cOverwriteQuery
 0002:00002CE4       cOverwriteQueryCaption
 0002:00003E08       coxAdd0
 0002:00003E0C       coxAdd1
 0002:00003E10       coxAdd2
 0002:00003E14       coxAdd3
 0002:00003E18       coxAdd4
 0002:00003E1C       coxAdd5
 0002:00003E20       coxAdd6
 0002:00003E24       coxAdd7
 0002:00003E28       coxAdd8
 0002:00003DC8       coxAlt0
 0002:00003DD0       coxAlt1
 0002:00003DF4       coxAlt10
 0002:00003DF8       coxAlt11
 0002:00003DFC       coxAlt12
 0002:00003DD4       coxAlt2
 0002:00003DD8       coxAlt3
 0002:00003DDC       coxAlt4
 0002:00003DE0       coxAlt5
 0002:00003DE4       coxAlt6
 0002:00003DE8       coxAlt7
 0002:00003DEC       coxAlt8
 0002:00003DF0       coxAlt9
 0002:00003E7C       coxChk0
 0002:00003E80       coxChk1
 0002:00003E84       coxChk2
 0002:00003E88       coxChk3
 0002:00003E8C       coxChk4
 0002:00003E90       coxChk5
 0002:00003E94       coxChk6
 0002:00003E98       coxChk7
 0002:00003E9C       coxChk8
 0002:00003EA0       coxChk9
 0002:00003EB0       coxConf0
 0002:00003EB4       coxConf1
 0002:00003ED8       coxConf10
 0002:00003EDC       coxConf11
 0002:00003EE0       coxConf12
 0002:00003EE4       coxConf13
 0002:00003EE8       coxConf14
 0002:00003EEC       coxConf15
 0002:00003EF0       coxConf16
 0002:00003EF4       coxConf17
 0002:00003EF8       coxConf18
 0002:00003EFC       coxConf19
 0002:00003EB8       coxConf2
 0002:00003F00       coxConf20
 0002:00003F04       coxConf21
 0002:00003F08       coxConf22
 0002:00003F0C       coxConf23
 0002:00003F10       coxConf24
 0002:00003F14       coxConf25
 0002:00003F18       coxConf26
 0002:00003F1C       coxConf27
 0002:00003F20       coxConf28
 0002:00003F24       coxConf29
 0002:00003EBC       coxConf3
 0002:00003F28       coxConf30
 0002:00003F2C       coxConf31
 0002:00003F30       coxConf32
 0002:00003F34       coxConf33
 0002:00003F38       coxConf34
 0002:00003F3C       coxConf35
 0002:00003F40       coxConf36
 0002:00003F44       coxConf37
 0002:00003F48       coxConf38
 0002:00003F4C       coxConf39
 0002:00003EC0       coxConf4
 0002:00003F50       coxConf40
 0002:00003F54       coxConf41
 0002:00003F58       coxConf42
 0002:00003F5C       coxConf43
 0002:00003F60       coxConf44
 0002:00003F64       coxConf45
 0002:00003F68       coxConf46
 0002:00003F6C       coxConf47
 0002:00003F70       coxConf48
 0002:00003F74       coxConf49
 0002:00003EC4       coxConf5
 0002:00003EC8       coxConf6
 0002:00003ECC       coxConf7
 0002:00003ED0       coxConf8
 0002:00003ED4       coxConf9
 0002:00003DBC       coxDlg0
 0002:00003DC0       coxDlg1
 0002:00003DC4       coxDlg2
 0002:00003E2C       coxEx0
 0002:00003E30       coxEx1
 0002:00003E54       coxEx10
 0002:00003E58       coxEx11
 0002:00003E34       coxEx2
 0002:00003E38       coxEx3
 0002:00003E3C       coxEx4
 0002:00003E40       coxEx5
 0002:00003E44       coxEx6
 0002:00003E48       coxEx7
 0002:00003E4C       coxEx8
 0002:00003E50       coxEx9
 0002:00003DA0       coxList0
 0002:00003DA4       coxList1
 0002:00003DA8       coxList2
 0002:00003DAC       coxList3
 0002:00003DB0       coxList4
 0002:00003DB4       coxList5
 0002:00003DB8       coxList6
 0002:00003EA4       coxMail0
 0002:00003EA8       coxMail1
 0002:00003EAC       coxMail2
 0002:00003E00       coxMap0
 0002:00003E04       coxMap1
 0002:00003CE4       coxMenu0
 0002:00003CE8       coxMenu1
 0002:00003D0C       coxMenu10
 0002:00003D10       coxMenu11
 0002:00003D14       coxMenu12
 0002:00003D18       coxMenu13
 0002:00003D1C       coxMenu14
 0002:00003D20       coxMenu15
 0002:00003D24       coxMenu16
 0002:00003D28       coxMenu17
 0002:00003D2C       coxMenu18
 0002:00003D30       coxMenu19
 0002:00003CEC       coxMenu2
 0002:00003D34       coxMenu20
 0002:00003D38       coxMenu21
 0002:00003D3C       coxMenu22
 0002:00003D40       coxMenu23
 0002:00003D44       coxMenu24
 0002:00003D48       coxMenu25
 0002:00003D4C       coxMenu26
 0002:00003D50       coxMenu27
 0002:00003D54       coxMenu28
 0002:00003D58       coxMenu29
 0002:00003CF0       coxMenu3
 0002:00003D5C       coxMenu30
 0002:00003D60       coxMenu31
 0002:00003D64       coxMenu32
 0002:00003D68       coxMenu33
 0002:00003D6C       coxMenu34
 0002:00003D74       coxMenu35
 0002:00003D78       coxMenu36
 0002:00003D7C       coxMenu37
 0002:00003CF4       coxMenu4
 0002:00003CF8       coxMenu5
 0002:00003CFC       coxMenu6
 0002:00003D00       coxMenu7
 0002:00003D04       coxMenu8
 0002:00003D08       coxMenu9
 0002:00003E5C       coxOut0
 0002:00003E60       coxOut1
 0002:00003E64       coxOut2
 0002:00003E68       coxOut3
 0002:00003E6C       coxOut4
 0002:00003E70       coxOut5
 0002:00003E74       coxOut6
 0002:00003E78       coxOut7
 0002:00003D70       coxPlugBeg
 0002:00003D80       coxTool0
 0002:00003D84       coxTool1
 0002:00003D88       coxTool2
 0002:00003D8C       coxTool3
 0002:00003D90       coxTool4
 0002:00003D94       coxTool5
 0002:00003D98       coxTool6
 0002:00003D9C       coxTool7
 0002:00003DCC       coxTool8
 0002:00002F70       cPaste
 0002:00002F78       cPasteHint
 0002:00002C00       cPause
 0002:0000415C       cpl0
 0002:00004160       cpl1
 0002:00004164       cpl2
 0002:00004168       cpl3
 0002:0000416C       cpl4
 0002:00004170       cpl5
 0002:00004174       cpl6
 0002:00004178       cpl7
 0002:0000417C       cplCaption
 0002:00004188       cplCodex
 0002:00004184       cplContext
 0002:00004180       cplHelpText
 0002:00002E18       cPlugCheckOutReq
 0002:00002E10       cPlugExtReq
 0002:00002D14       cPlugIn
 0002:00002D60       cPlugInLibBad
 0002:00002D68       cPlugInLibNoDec
 0002:00002D64       cPlugInLibNoEnc
 0002:00002E3C       cPlugOpReq
 0002:00002D10       cPlugRegFailure
 0002:00002D1C       cPlugRegSuccess
 0002:00002DAC       cPlugReInstall
 0002:00002DC4       cPlugReInstallAlt
 0002:00002E6C       cPlugReqAV
 0002:00002D50       cPlugsSupported
 0002:00002D20       cPlugUnRegFailure
 0002:00002D24       cPlugUnRegSuccess
 0002:00002F34       cPortionsBy
 0002:00002E48       cPreparing
 0002:00002DF0       cPrepView
 0002:00002C84       cPreservePath
 0002:00002F30       cProfile
 0002:00002F2C       cProtect
 0002:00002F5C       cQComp
 0002:00002F60       cQDec
 0002:00002E70       cQuarantine
 0002:00002D5C       cQuoteExtracted
 0002:0000053C       CRangeToType
 0001:0000BA04       CreateAssertException
 0001:0000BB8C       CreateAVObject
 0001:00005DDC       CreateBitmap
 0001:00005DE4       CreateBrushIndirect
 0001:00005DEC       CreateCompatibleBitmap
 0001:00005DF4       CreateCompatibleDC
 0001:00017840       CreateComponent
 0001:00005E04       CreateDIBitmap
 0001:00005DFC       CreateDIBSection
 0001:00005B34       CreateEvent
 0001:00005B3C       CreateFile
 0001:000001FC       CreateFileA
 0001:00005E0C       CreateFontIndirect
 0001:00005E14       CreateHalftonePalette
 0001:00006054       CreateIcon
 0001:0000B930       CreateInOutError
 0001:0000605C       CreateMenu
 0001:00005E1C       CreatePalette
 0001:00005E24       CreatePenIndirect
 0001:00006064       CreatePopupMenu
 0001:00005B44       CreateProcess
 0001:00005E2C       CreateRectRgn
 0001:00005E34       CreateSolidBrush
 0001:0001FCB8       CreateSystemPalette
 0001:00005B4C       CreateThread
 0001:00006614       CreateWindow
 0001:000065BC       CreateWindowEx
 0002:00000DA4       CreationControl
 0002:00000944       CreationControl
 0002:000005A4       CRelationshipToBoolean
 0002:00002D30       cRemove
 0002:00002F04       cRepair
 0002:00002F14       cRepaired
 0002:00002F08       cRepairHint
 0002:00002F0C       cRepairProgress
 0002:00002CFC       cResearchLabs
 0002:00000520       CResult
 0002:00002C04       cResume
 0002:00002C10       cRetry
 0002:00002E30       cRunning
 0002:00002CA8       cSaveAs
 0002:00002CA4       cSEAAs
 0002:00002CBC       cSEADialogSaveAs
 0002:00000348       cSimpleBoolStrs
 0002:00002CCC       cSkipFile
 0002:0000305C       cSlowDown
 0002:00002EDC       cSpan
 0002:00003060       cSpeedUp
 0002:00002F7C       cSplit
 0002:00002E5C       cStartOrFinish
 0002:00002D9C       cStep
 0002:00002F1C       cStop
 0002:00002C2C       cSwitches
 0002:00002C1C       cTest
 0002:00002C20       cTestComplete
 0002:00000550       CText
 0002:00002CC0       cTextFiles
 0002:00002C44       cTimeCritical
 0002:00002F44       cTipCaption
 0002:00002F50       cTipNext
 0002:00002F4C       cTipShow
 0002:00002F48       cTipTitle
 0002:00000D70       Ctl3DStyles
 0002:00000EA0       Ctl3DStyles
 0002:00002DC8       cTool
 0002:00002C70       cTradeOff
 0002:00002D38       cTryAgain
 0002:00002F64       cUltra
 0002:00003050       cUpdate1
 0002:00003054       cUpdate2
 0002:00003058       cUpdate3
 0002:00002618       curAlloc
 0002:0000269C       CurrencyDecimals
 0002:00002698       CurrencyFormat
 0002:00002694       CurrencyString
 0001:00009ABC       CurrentYear
 0001:00009654       CurrToStr
 0001:0000F0E8       CurrToWStrViaOS
 0002:00001080       CursorMap
 0002:00000DB4       Cursors
 0001:0003EE60       CursorToIdent
 0002:00001070       cUseAlpha
 0002:00001078       cUseColorKey
 0002:00002DB4       cUsingArchiveType
 0001:000764E8       CutOut
 0001:0007199C       CutOut
 0002:00002F54       cVAS
 0002:00002D04       cVersion
 0002:00002DDC       cViewEXE0
 0002:00002DE0       cViewEXE1
 0002:00002DE4       cViewEXE2
 0002:00002E00       cViewUpdateDone
 0002:00002DF8       cViewUpdating
 0002:00002E74       cVirusScan
 0001:00008000       CvtInt
 0001:0000806C       CvtInt64
 0002:00004760       cw0
 0002:00004764       cw1
 0002:00004768       cw2
 0002:0000476C       cw3
 0002:00002C08       cWait
 0002:00002F58       cWinCox
 0002:00000388       CWNear
 0002:00002C7C       cxOverwrite
 0002:00002CD0       cYes
 0002:00002CD4       cYesToAll
 0001:0001B814       DataTypeToRegData
 0002:0000269D       DateSeparator
 0001:0000A6A4       DateTimeToStr
 0001:0000A648       DateTimeToString
 0001:00009714       DateTimeToTimeStamp
 0001:0000F120       DateToWStrViaOS
 0001:00070420       DateUtils
 0001:00009A94       DayOfWeek
 0002:00000384       DCon10
 0002:00000664       DDBsOnly
 0001:0001AE4C       DeallocateHWnd
 0002:00000028       DebugHook
 0002:0000269B       DecimalSeparator
 0001:00009A74       DecodeDate
 0001:00009928       DecodeDateFully
 0001:000097C8       DecodeTime
 0001:0000078C       Decommit
 0001:00000DA8       DecommitFree
 0002:000025F4       decommittedRoot
 0001:00060C14       Default
 0001:0005B544       Default
 0002:00000020       Default8087CW
 0002:00000DA8       DefaultDockTreeClass
 0002:00000034       DefaultTextLineBreakStyle
 0002:000025B8       DefaultUserCodePage
 0002:000008B8       DefBrushData
 0002:00000638       DefFontData
 0001:0000606C       DefFrameProc
 0002:00000414       DefLongDayNames
 0002:000003C8       DefLongMonthNames
 0001:00006074       DefMDIChildProc
 0002:00000898       DefPenData
 0002:000003F8       DefShortDayNames
 0002:00000398       DefShortMonthNames
 0001:0000607C       DefWindowProc
 0001:00004AE4       DelayLoadResourceModule
 0001:00000448       DeleteBlock
 0001:000003B8       DeleteCriticalSection
 0001:00005B54       DeleteCriticalSection
 0001:00005E3C       DeleteDC
 0001:00005E44       DeleteEnhMetaFile
 0001:00005B5C       DeleteFile
 0001:00008568       DeleteFile
 0001:00000BF0       DeleteFree
 0001:00006084       DeleteMenu
 0001:00005E4C       DeleteObject
 0001:0003A084       DeleteSelectedText
 0001:00022430       DeselectBitmap
 0001:0000608C       DestroyCursor
 0001:00006094       DestroyIcon
 0001:0002FA38       DestroyLocals
 0001:0000609C       DestroyMenu
 0001:000060A4       DestroyWindow
 0001:0003C268       DialogEnumerationTester
 0001:00028898       DialogHook
 0001:0002979C       Dialogs
 0002:000008F4       DIBPalSizes
 0002:00000290       dig
 0002:00004BBC       DirectiveFiles
 0001:00008544       DirectoryExists
 0001:00063CC8       DirectoryExists
 0001:0005897C       DisableTaskWindows
 0001:000060AC       DispatchMessage
 0001:0005EB9C       DispatchShortCut
 0002:00002000       DispCallByIDProc
 0001:000078B0       DivMod
 0001:0002803C       Dlgs
 0002:00002664       DllProc
 0001:00044AD8       DoAlign
 0001:0005FEA0       DoAlign
 0001:00048BD0       DoCalcConstraints
 0002:00002B60       DockSiteList
 0001:000553D0       DoClick
 0001:0004621C       DoControlMsg
 0001:0005892C       DoDisableWindow
 0001:0003FBF4       DoDragOver
 0001:0004AC20       DoFindControlZone
 0001:00058A68       DoFindWindow
 0001:0004B1AC       DoFindZone
 0001:0004ACA4       DoForEach
 0001:0004C5B0       DoGetNextLimit
 0001:000588F4       DoneApplication
 0001:0004D310       DoneControls
 0001:0000BEB8       DoneExceptions
 0001:0005CF18       DoNestedActivation
 0001:00019A6C       DoneThreadSynchronization
 0001:00044698       DoPosition
 0001:0005FCF0       DoPosition
 0001:0004BBD8       DoPrune
 0001:0002B440       DoRect
 0001:0004C0B0       DoSaveZone
 0001:0004C2B4       DoSetNewBounds
 0002:000005C0       DotSep
 0002:00000BD8       DownStyles
 0001:00020948       DoWrite
 0001:0004FD20       DoWrite
 0001:000148B0       DoWrite
 0001:0002154C       DoWrite
 0001:00045804       DoWriteDesignSize
 0001:00043270       DoWriteIsControl
 0002:00002B44       DragCapture
 0002:00002B38       DragControl
 0001:0004033C       DragDone
 0001:0003FBA4       DragFindTarget
 0001:0003FB78       DragFindWindow
 0002:00002B5C       DragImageList
 0001:0003FF94       DragInit
 0001:00040104       DragInitControl
 0002:00002B40       DragInternalObject
 0001:0003FAC0       DragMessage
 0002:00002B3C       DragObject
 0002:00002B68       DragSave
 0002:00002B50       DragSaveCursor
 0002:00002B48       DragStartPos
 0002:00002B54       DragThreshold
 0001:0003FCC4       DragTo
 0001:00060C50       DrawAppIcon
 0001:0004B744       DrawCloseButton
 0001:000060B4       DrawEdge
 0001:000060BC       DrawFocusRect
 0001:000060C4       DrawFrameControl
 0001:0004B79C       DrawGrabberLine
 0001:000060CC       DrawIcon
 0001:000060D4       DrawIconEx
 0002:00000EDC       DrawingStyles
 0001:000060DC       DrawMenuBar
 0001:00056710       DrawMenuItem
 0001:000060E4       DrawText
 0002:00002998       DrawThemeBackground
 0002:000029BC       DrawThemeEdge
 0002:000029C0       DrawThemeIcon
 0002:00002A44       DrawThemeParentBackground
 0002:0000299C       DrawThemeText
 0001:0001F788       DupBits
 0001:000048B0       DynArrayClear
 0001:000048B8       DynArraySetLength
 0002:00000FC8       EdgeStyle
 0002:00000E90       EdgeStyles
 0002:00000D60       EdgeStyles
 0001:0000B904       EHeapException.FreeInstance
 0001:00070CA4       ElimDoubleQuotes
 0002:00000CE4       Empty
 0002:00002810       EmptyParam
 0002:000002D0       EmptyStr
 0002:000002D4       EmptyWideStr
 0001:000060EC       EnableMenuItem
 0002:00000F60       Enables
 0001:000060F4       EnableScrollBar
 0001:00058A30       EnableTaskWindows
 0002:00002A2C       EnableThemeDialogTexture
 0002:00002A48       EnableTheming
 0001:000060FC       EnableWindow
 0001:00013AEC       EndGlobalLoading
 0001:00006104       EndPaint
 0001:000003A8       EnterCriticalSection
 0001:00005B64       EnterCriticalSection
 0001:00005B6C       EnumCalendarInfoA
 0002:0000292C       EnumDisplayMonitors
 0001:0000B190       EnumEraNames
 0001:0000B1CC       EnumEraYearOffsets
 0001:0005BB08       EnumMonitorsProc
 0001:0000610C       EnumThreadWindows
 0001:00016FF0       EnumValue
 0001:00006114       EnumWindows
 0001:0000611C       EqualRect
 0002:00002764       EraNames
 0001:0000A91C       EraToYear
 0002:00002780       EraYearOffsets
 0002:00000268       errCaption
 0001:000167D4       Error
 0001:00013040       Error
 0001:00001868       Error
 0001:00051410       Error
 0002:00000004       ErrorAddr
 0001:0000181C       ErrorAt
 0001:0000B9B0       ErrorHandler
 0002:00000430       ErrorMap
 0002:00002008       ErrorProc
 0002:000023E0       ErrOutput
 0001:000017BC       ExceptAddr
 0002:0000200C       ExceptClsProc
 0001:0000BE24       ExceptHandler
 0001:000647D4       ExceptHandler
 0001:0000B778       Exception.Create
 0001:0000B7B4       Exception.CreateFmt
 0001:0000B834       Exception.CreateRes
 0001:0000B870       Exception.CreateResFmt
 0002:0000201C       ExceptionClass
 0001:0000B528       ExceptionErrorMessage
 0002:00000468       ExceptMap
 0001:0000179C       ExceptObject
 0002:00002010       ExceptObjProc
 0002:00002004       ExceptProc
 0001:00005E54       ExcludeClipRect
 0001:0000C494       ExcludeTrailingPathDelimiter
 0002:00005264       EXE
 0002:00005058       EXE
 0002:00000000       ExitCode
 0001:00003820       ExitDll
 0002:00002040       ExitProc
 0001:0000025C       ExitProcess
 0002:00002024       ExitProcessProc
 0001:00005890       ExitProcessTLS
 0001:00005868       ExitThreadTLS
 0001:0000876C       ExpandFileName
 0001:00028B70       ExplorerHook
 0001:0002FC24       ExtActns
 0001:0002D2C8       ExtCtrls
 0001:0002FB60       ExtDlgs
 0001:00071018       ExtractFileDir
 0001:00008658       ExtractFileDrive
 0001:00008724       ExtractFileExt
 0001:000291E8       ExtractFileName
 0001:000086EC       ExtractFileName
 0001:00063824       ExtractFileNameOnly
 0001:00029230       ExtractFileNames
 0001:00008624       ExtractFilePath
 0001:00005E5C       ExtTextOut
 0002:000027A0       FalseBoolStrs
 0002:00004DC0       FCheckHeight
 0002:00004DBC       FCheckWidth
 0002:00002A98       FClipboard
 0002:00000378       FCon1E18
 0001:000641A0       FileAge
 0001:000084CC       FileAge
 0001:000084C4       FileClose
 0001:00008408       FileCreate
 0001:0000842C       FileCreate
 0001:0006F7AC       FileCtrl
 0001:00008534       FileExists
 0001:00064240       FileExists
 0002:000008EC       FileFormats
 0002:00000008       FileMode
 0001:00001C54       FileNOPProc
 0001:000083B0       FileOpen
 0001:00008434       FileRead
 0002:000005EC       FilerSignature
 0002:00004FF8       Files
 0001:0000848C       FileSeek
 0001:00005B74       FileTimeToDosDateTime
 0001:00005B7C       FileTimeToLocalFileTime
 0001:00008460       FileWrite
 0001:00000CD8       FillAfterGap
 0001:00000C84       FillBeforeGap
 0001:00000D70       FillerSizeAfterGap
 0001:00000D00       FillerSizeBeforeGap
 0001:00006124       FillRect
 0002:00000BE0       FillStyles
 0001:000069AC       Finalization
 0001:00070078       Finalization
 0001:00070038       Finalization
 0001:000702DC       Finalization
 0001:0006FEC4       Finalization
 0001:00006CCC       Finalization
 0001:0002800C       Finalization
 0001:0007036C       Finalization
 0001:000703A4       Finalization
 0001:0006FBA0       Finalization
 0001:00071264       Finalization
 0001:000703F0       Finalization
 0001:00070554       Finalization
 0001:0000568C       Finalization
 0001:00026F44       Finalization
 0001:0006FB68       Finalization
 0001:0006FA9C       Finalization
 0001:00026EFC       Finalization
 0001:0001C60C       Finalization
 0001:0006FA50       Finalization
 0001:0001C32C       Finalization
 0001:0006FA18       Finalization
 0001:000252BC       Finalization
 0001:00077FA4       Finalization
 0001:0002549C       Finalization
 0001:0007051C       Finalization
 0001:0001C2D4       Finalization
 0001:000704E4       Finalization
 0001:0002744C       Finalization
 0001:000753F8       Finalization
 0001:00005948       Finalization
 0001:0006F9CC       Finalization
 0001:00030F18       Finalization
 0001:0006F978       Finalization
 0001:000059C0       Finalization
 0001:00025754       Finalization
 0001:0006F940       Finalization
 0001:0006F908       Finalization
 0001:0006F888       Finalization
 0001:00070B4C       Finalization
 0001:00010910       Finalization
 0001:00062F58       Finalization
 0001:0001AE74       Finalization
 0001:00064070       Finalization
 0001:00010B34       Finalization
 0001:00031C84       Finalization
 0001:0002FB30       Finalization
 0001:0006F77C       Finalization
 0001:00025ED4       Finalization
 0001:0003C4E0       Finalization
 0001:00073590       Finalization
 0001:0002FAD0       Finalization
 0001:00063D2C       Finalization
 0001:00025F14       Finalization
 0001:0002D280       Finalization
 0001:000112FC       Finalization
 0001:00070428       Finalization
 0001:0003B85C       Finalization
 0001:0002D3C4       Finalization
 0001:0003B6F4       Finalization
 0001:0002D330       Finalization
 0001:000569EC       Finalization
 0001:00079CC8       Finalization
 0001:000272A0       Finalization
 0001:00078700       Finalization
 0001:0002D2F8       Finalization
 0001:00026F7C       Finalization
 0001:0001B68C       Finalization
 0001:0000DFB0       Finalization
 0001:00006974       Finalization
 0001:00062F20       Finalization
 0001:000067DC       Finalization
 0001:0006A7FC       Finalization
 0001:00027FD4       Finalization
 0001:0002FB7C       Finalization
 0001:00027F8C       Finalization
 0001:000738B8       Finalization
 0001:00050470       Finalization
 0001:000700B8       Finalization
 0001:00027DD0       Finalization
 0001:00074C78       Finalization
 0001:0007769C       Finalization
 0001:0002FC2C       Finalization
 0001:0000D5F4       Finalization
 0001:000701F8       Finalization
 0001:00074328       Finalization
 0001:00027F20       Finalization
 0001:00027E40       Finalization
 0001:00006764       Finalization
 0001:00027E78       Finalization
 0001:00029740       Finalization
 0001:0000679C       Finalization
 0001:00027EE8       Finalization
 0001:0002FBD4       Finalization
 0001:00027EB0       Finalization
 0001:0004E8B0       Finalization
 0001:0007122C       Finalization
 0001:00062CE8       Finalization
 0001:0004D580       Finalization
 0001:00075F68       Finalization
 0001:000048A8       FinalizeArray
 0001:000035CC       FinalizeUnits
 0001:00055190       Find
 0001:00004B54       FindBS
 0001:0001355C       FindClass
 0001:00004ADC       FindClassHInstance
 0001:00005B84       FindClose
 0001:0000026C       FindClose
 0001:00000C54       FindCommitted
 0001:0003EC40       FindControl
 0001:0004B3D8       FindControlAtPos
 0001:00010820       FindCustomVariantType
 0001:00010768       FindCustomVariantType
 0001:00040660       FindDragTarget
 0001:0001C324       FindExecutable
 0001:000179F0       FindExistingComponent
 0001:00005B8C       FindFirstFile
 0001:00000274       FindFirstFile
 0001:00005B94       FindFirstFileA
 0001:00005B9C       FindFirstFileW
 0001:00058B74       FindGlobalComponent
 0001:0001397C       FindGlobalComponent
 0002:00002870       FindGlobalComponentProcs
 0001:00004AB4       FindHInstance
 0001:00013824       FindIdentToInt
 0001:00062F90       FindMatchingFileInUnicode
 0002:00002A84       FindMsg
 0001:00016B80       FindNestedComponent
 0001:00005BA4       FindNextFileA
 0001:00005BAC       FindNextFileW
 0001:000513D8       FindPopupControl
 0001:0000DC78       FindProc
 0001:00005BB4       FindResource
 0001:00004B2C       FindResourceHInstance
 0001:0006253C       FindScanline
 0001:00058ACC       FindTopMostWindow
 0001:000188D4       FindUniqueName
 0001:0004062C       FindVCLWindow
 0001:0000612C       FindWindow
 0001:0003C2C0       FindWinHelp
 0001:00022828       FixupBitFields
 0002:00000FD8       Flags
 0002:000027B0       FLanguages
 0001:000272D0       FlatSB
 0002:00002958       FlatSB_EnableScrollBar
 0002:00002964       FlatSB_GetScrollInfo
 0002:00002968       FlatSB_GetScrollPos
 0002:00002960       FlatSB_GetScrollRange
 0002:00002970       FlatSB_SetScrollInfo
 0002:0000296C       FlatSB_SetScrollPos
 0001:00026FC0       FlatSB_SetScrollProp
 0002:00002974       FlatSB_SetScrollRange
 0002:0000295C       FlatSB_ShowScrollBar
 0001:000092E4       FloatToDecimal
 0001:00009624       FloatToStr
 0001:00009010       FloatToText
 0001:00001F20       Flush
 0002:0000038C       FMSecsPerDay
 0001:00008F0C       FmtStr
 0002:00000FF4       FocusCount
 0002:00000FF0       FocusMessages
 0002:00000808       FontCharsets
 0002:000028F4       FontManager
 0002:00000940       ForceCurrentDirectory
 0001:00058B48       ForegroundTask
 0002:00000394       Format
 0001:00008EF8       Format
 0001:00008B00       FormatBuf
 0001:00008AF4       FormatClearStr
 0001:00008A78       FormatError
 0002:00000370       FormatErrorStrs
 0001:00005BBC       FormatMessage
 0002:00005448       FormatsFull
 0001:00008AD0       FormatVarToStr
 0001:00062D44       Forms
 0001:00002748       FPower10
 0002:0000093C       FPrinter
 0001:0002B504       Frame3D
 0001:00006134       FrameRect
 0001:0000D1D4       FreeAndNil
 0001:000009C0       FreeCommitted
 0001:00000EE0       FreeCurAlloc
 0001:00040720       FreeDeviceContext
 0001:000407DC       FreeDeviceContexts
 0001:0001AC40       FreeIntConstList
 0001:00005BC4       FreeLibrary
 0001:0000027C       FreeLibrary
 0001:00022384       FreeMemoryContexts
 0001:00058BF4       FreeObjectInstance
 0001:0001AD74       FreeObjectInstance
 0001:00005BD4       FreeResource
 0001:00000640       FreeSpace
 0001:0000CD40       FreeTerminateProcs
 0001:00027484       FreeThemeLibrary
 0002:00002AF0       FRichEditModule
 0001:0001F778       GDICheck
 0001:0001F6D0       GDIError
 0002:00005008       GenericView
 0001:00001B54       Get8087CW
 0001:00005BDC       GetACP
 0001:0000613C       GetActiveWindow
 0001:000700F0       GetAllPlugIns
 0001:0006037C       GetAnimation
 0001:00078758       GetArchiveError
 0001:000788B8       GetArchiveInfo
 0001:0006FCB4       GetArchives
 0001:0006FBD8       GetArchivesByPlugIn
 0001:00005E64       GetBitmapBits
 0001:000003C0       GetBlockDesc
 0001:00005E6C       GetBrushOrgEx
 0001:00006144       GetCapture
 0001:0003EF5C       GetCaptureControl
 0001:0006FFB4       GetCheckSize
 0001:00013508       GetClass
 0001:0000614C       GetClassInfo
 0001:00006154       GetClassName
 0001:0000615C       GetClientRect
 0001:00006164       GetClipboardData
 0001:00021110       GetClipboardFormats
 0001:00005E74       GetClipBox
 0001:0000035C       GetCmdShow
 0001:0004EB08       GetColor
 0001:0003053C       GetComCtlVersion
 0001:00000284       GetCommandLine
 0001:0000080C       GetCommitted
 0001:0000089C       GetCommittedAt
 0001:00045DD0       GetControlAtPos
 0001:00009B80       GetCount
 0001:00005BE4       GetCPInfo
 0001:0000028C       GetCurrentDirectory
 0001:00005E7C       GetCurrentPositionEx
 0001:00005BEC       GetCurrentProcessId
 0002:00002A3C       GetCurrentThemeName
 0001:00005BF4       GetCurrentThreadId
 0001:0000034C       GetCurrentThreadId
 0001:00006510       GetCurrentTime
 0001:0000616C       GetCursor
 0001:0006254C       GetCursorHeightMargin
 0001:00006174       GetCursorPos
 0001:00009BAC       GetDate
 0001:00005BFC       GetDateFormat
 0001:0000A834       GetDateOrder
 0001:0000617C       GetDC
 0001:00006184       GetDCEx
 0001:00005E84       GetDCOrgEx
 0001:00024ECC       GetDefFontCharSet
 0001:0000618C       GetDesktopWindow
 0001:00005E9C       GetDeviceCaps
 0001:000206D8       GetDIB
 0001:00005E8C       GetDIBColorTable
 0001:00005E94       GetDIBits
 0001:00020620       GetDIBSizes
 0001:0001F8E8       GetDInColors
 0001:00005C04       GetDiskFreeSpaceA
 0002:00000344       GetDiskFreeSpaceEx
 0001:00006194       GetDlgItem
 0001:0004C690       GetDockAlign
 0001:0003F904       GetDockSiteAtPos
 0001:0003FC30       GetDropCtl
 0001:00002DC0       GetDynaMethod
 0001:00005EA4       GetEnhMetaFileBits
 0001:00005EAC       GetEnhMetaFileHeader
 0001:00005EB4       GetEnhMetaFilePaletteEntries
 0001:00010BA4       GetEnumNameValue
 0001:00010BF0       GetEnumValue
 0001:0000B244       GetEraNamesAndYearOffsets
 0001:0000A8C8       GetEraYearOffset
 0001:0000BB74       GetExceptionClass
 0001:0000BD58       GetExceptionObject
 0001:00013490       GetFieldClassTable
 0001:00005C0C       GetFileAttributes
 0001:00062D88       GetFileDisplayVersion
 0001:000210F0       GetFileFormats
 0001:0000020C       GetFileSize
 0001:00000204       GetFileType
 0001:0000BFC8       GetFileVersion
 0001:00062E5C       GetFileVersion
 0001:00005DB4       GetFileVersionInfo
 0001:00005DBC       GetFileVersionInfoSize
 0001:0000619C       GetFocus
 0001:0001E12C       GetFontData
 0001:000061A4       GetForegroundWindow
 0001:0000C8F8       GetFormatSettings
 0001:00005C14       GetFullPathName
 0001:0001D698       GetHashCode
 0001:0005D8F4       GetHelpInfo
 0001:00026394       GetHelpSystem
 0001:00060160       GetHint
 0001:00060198       GetHintControl
 0001:0005688C       GetHotkey
 0001:000061AC       GetIconInfo
 0001:000061C4       GetKeyboardLayout
 0001:000061CC       GetKeyboardLayoutList
 0001:000061D4       GetKeyboardState
 0001:00002A34       GetKeyboardType
 0001:000061B4       GetKeyNameText
 0001:000061BC       GetKeyState
 0001:000061DC       GetLastActivePopup
 0001:0004A958       GetLastChildZone
 0001:00005C1C       GetLastError
 0001:00000294       GetLastError
 0001:0000B008       GetLocaleChar
 0001:0000029C       GetLocaleInfo
 0001:00005C2C       GetLocaleInfo
 0001:0000AFBC       GetLocaleStr
 0001:00005C24       GetLocalTime
 0001:0003EEC4       GetLongHint
 0001:000061E4       GetMenu
 0001:0005D87C       GetMenuHelpContext
 0001:000061EC       GetMenuItemCount
 0001:000061F4       GetMenuItemID
 0001:000061FC       GetMenuItemInfo
 0001:000539DC       GetMenuSize
 0001:00006204       GetMenuState
 0001:0000620C       GetMenuString
 0001:00005C34       GetModuleFileName
 0001:000002A4       GetModuleFileName
 0001:00005C3C       GetModuleHandle
 0001:000002AC       GetModuleHandle
 0002:00002920       GetMonitorInfo
 0002:00002924       GetMonitorInfoA
 0002:00002928       GetMonitorInfoW
 0001:0000B06C       GetMonthDayNames
 0001:00006214       GetNextWindow
 0001:00005EBC       GetObject
 0001:00027FC4       GetOpenFileName
 0001:00010CC4       GetOrdProp
 0001:00005EC4       GetPaletteEntries
 0001:000019F8       GetParamStr
 0001:0000621C       GetParent
 0001:00058D48       GetParentForm
 0001:00005ECC       GetPixel
 0001:0006FE40       GetPlugIns
 0001:000002B4       GetProcAddress
 0001:00005C44       GetProcAddress
 0001:00006224       GetProp
 0001:00010C54       GetPropInfo
 0001:00059208       GetRealScrollPosition
 0001:0004EAE8       GetRGBColor
 0001:00027FCC       GetSaveFileName
 0001:0000622C       GetScrollInfo
 0001:00006234       GetScrollPos
 0001:0000623C       GetScrollRange
 0001:0003EE80       GetShortHint
 0001:00005C4C       GetShortPathName
 0001:00005C54       GetShortPathNameW
 0001:00000564       GetSpace
 0001:000005C8       GetSpaceAt
 0001:00051468       GetSpecialName
 0001:000002BC       GetStartupInfo
 0001:00005C5C       GetStdHandle
 0001:00000214       GetStdHandle
 0001:00005ED4       GetStockObject
 0001:00005C64       GetStringTypeEx
 0001:00006244       GetSubMenu
 0001:0000624C       GetSysColor
 0001:00006254       GetSysColorBrush
 0001:00005C6C       GetSystemDirectory
 0001:00005C74       GetSystemInfo
 0001:0000625C       GetSystemMenu
 0002:00002910       GetSystemMetrics
 0001:00006264       GetSystemMetrics
 0001:00005EDC       GetSystemPaletteEntries
 0001:00005C7C       GetTempFileName
 0001:00005C84       GetTempPath
 0001:00005EE4       GetTextExtentPoint32
 0001:00005EEC       GetTextMetrics
 0002:00002A34       GetThemeAppProperties
 0002:000029A0       GetThemeBackgroundContentRect
 0002:000029A4       GetThemeBackgroundExtent
 0002:000029B4       GetThemeBackgroundRegion
 0002:000029D8       GetThemeBool
 0002:000029CC       GetThemeColor
 0002:00002A40       GetThemeDocumentationProperty
 0002:000029E0       GetThemeEnumValue
 0002:00002A00       GetThemeFilename
 0002:000029E8       GetThemeFont
 0002:000029DC       GetThemeInt
 0002:000029F4       GetThemeIntList
 0002:000029F0       GetThemeMargins
 0002:000029D0       GetThemeMetric
 0002:000029A8       GetThemePartSize
 0002:000029E4       GetThemePosition
 0002:000029F8       GetThemePropertyOrigin
 0002:000029EC       GetThemeRect
 0002:000029D4       GetThemeString
 0002:00002A0C       GetThemeSysBool
 0002:00002A04       GetThemeSysColor
 0002:00002A08       GetThemeSysColorBrush
 0002:00002A14       GetThemeSysFont
 0002:00002A1C       GetThemeSysInt
 0002:00002A10       GetThemeSysSize
 0002:00002A18       GetThemeSysString
 0002:000029AC       GetThemeTextExtent
 0002:000029B0       GetThemeTextMetrics
 0001:00005C8C       GetThreadLocale
 0001:000002C4       GetThreadLocale
 0001:00005C94       GetTickCount
 0001:00009BE4       GetTime
 0001:000057F0       GetTlsSize
 0001:0006092C       GetTopMostWindows
 0001:0003F064       GetTopParent
 0001:0000626C       GetTopWindow
 0001:00010B98       GetTypeData
 0001:000640C0       GetUACDir
 0001:00000354       GetVersion
 0001:00005C9C       GetVersion
 0001:00005CA4       GetVersionEx
 0001:00006274       GetWindow
 0001:0000627C       GetWindowDC
 0001:00006284       GetWindowLong
 0001:00005EFC       GetWindowOrgEx
 0001:0000628C       GetWindowPlacement
 0001:00006294       GetWindowRect
 0001:00005CAC       GetWindowsDirectory
 0001:0000629C       GetWindowText
 0002:00002A28       GetWindowTheme
 0001:000062A4       GetWindowThreadProcessId
 0001:000062AC       GetWindowThreadProcessId
 0001:00005EF4       GetWinMetaFileBits
 0001:00005CB4       GlobalAddAtom
 0001:00005CBC       GlobalAlloc
 0001:0000651C       GlobalAllocPtr
 0001:00005CC4       GlobalDeleteAtom
 0001:00005CCC       GlobalFindAtom
 0002:00002874       GlobalFixupList
 0001:00016CC8       GlobalFixupReferences
 0001:00005CD4       GlobalFree
 0001:00006548       GlobalFreePtr
[...]
   269 0001:00070EC4   270 0001:00070ED5   271 0001:00070EDE   272 0001:00070EE7
   273 0001:00070F2A   333 0001:00070F68   334 0001:00070F8F   335 0001:00070FA5
   337 0001:00070FB1   338 0001:00070FB8   340 0001:00070FBA   341 0001:00070FD9
   342 0001:00071005   357 0001:00071018   358 0001:00071042   359 0001:00071058
   360 0001:00071069   361 0001:00071093   362 0001:000710CB   363 0001:000710D3
   364 0001:000710E6   365 0001:000710EB   366 0001:00071129   385 0001:00071130
   386 0001:00071157   388 0001:0007116F   387 0001:0007118B   389 0001:0007119C
   390 0001:000711C8   486 0001:000711DC   487 0001:000711E6   488 0001:000711EF
   489 0001:000711F8   490 0001:000711FB   491 0001:00071201   493 0001:00071205
   494 0001:0007120A   495 0001:00071214   496 0001:0007121A   497 0001:0007121D
   498 0001:00071221   491 0001:00071222   500 0001:00071226   502 0001:0007125C
   502 0001:00071263

Line numbers for uSharedDLL(uSharedDLL.pas) segment .text

    11 0001:000712BC    11 0001:000712C3

Line numbers for mrarprefs(mrarprefs.pas) segment .text

   115 0001:0007199C   116 0001:000719D1   117 0001:000719EC   118 0001:00071A03
   119 0001:00071A1D   120 0001:00071A4A   127 0001:00071A50   128 0001:00071A72
   129 0001:00071A95   131 0001:00071AA9   132 0001:00071ABC   133 0001:00071ACC
   134 0001:00071ADA   135 0001:00071AF1   136 0001:00071B03   137 0001:00071B18
   138 0001:00071B2D   140 0001:00071B40   141 0001:00071B51   143 0001:00071B84
   144 0001:00071B91   145 0001:00071BC2   146 0001:00071BE6   148 0001:00071BE8
   149 0001:00071BE9   150 0001:00071BF0   151 0001:00071BF5   153 0001:00071C00
   154 0001:00071C20   156 0001:00071C36   157 0001:00071C47   160 0001:00071C59
   161 0001:00071C69   163 0001:00071C9A   164 0001:00071CAB   167 0001:00071CBD
   168 0001:00071CCD   170 0001:00071CFE   171 0001:00071D0F   173 0001:00071D21
   174 0001:00071D31   175 0001:00071D42   177 0001:00071D54   178 0001:00071D64
   179 0001:00071D75   181 0001:00071D87   182 0001:00071D97   183 0001:00071DA8
   186 0001:00071DBD   187 0001:00071DCD   188 0001:00071E41   191 0001:00071ED6
   192 0001:00071EDF   193 0001:00071EFF   194 0001:00071F1F   195 0001:00071F31
   197 0001:00071F5D   198 0001:00071F6A   199 0001:00071F8A   200 0001:00071FAA
   201 0001:00071FCA   202 0001:00071FEA   203 0001:0007202F   204 0001:00072041
   206 0001:0007206D   207 0001:0007207D   208 0001:000720B5   209 0001:000720D7
   210 0001:000720F7   211 0001:00072117   212 0001:00072137   213 0001:00072145
   214 0001:00072153   215 0001:00072161   216 0001:0007217F   220 0001:00072191
   221 0001:000721A1   223 0001:00072220   226 0001:000723A0   227 0001:000723A3
   228 0001:000723BE   229 0001:000723D9   230 0001:000723F4   231 0001:0007240F
   232 0001:0007242A   233 0001:00072445   236 0001:00072448   237 0001:0007245E
   238 0001:000724A6   242 0001:000724AC   243 0001:000724BC   247 0001:000724D0
   248 0001:000724E0   252 0001:000724F8   253 0001:00072508   257 0001:0007251C
   258 0001:00072526   264 0001:00072528   265 0001:00072557   266 0001:0007256A
   267 0001:0007257A   268 0001:00072597   269 0001:000725B3   270 0001:000725CF
   271 0001:000725EB   273 0001:00072605   274 0001:00072614   275 0001:00072646
   276 0001:00072678   277 0001:0007267D   278 0001:0007268D   277 0001:00072693
   279 0001:00072696   281 0001:000726BE   283 0001:000726D4   284 0001:00072702
   285 0001:00072734   286 0001:00072762   287 0001:00072794   288 0001:000727C2
   289 0001:000727DC   290 0001:0007280A   291 0001:00072824   292 0001:00072852
   293 0001:0007286C   294 0001:0007289A   296 0001:000728E4   297 0001:00072910
   298 0001:00072961   299 0001:0007299F   300 0001:000729CB   301 0001:000729F7
   303 0001:00072A09   304 0001:00072A37   306 0001:00072A76   307 0001:00072AA2
   308 0001:00072ACE   309 0001:00072AFA   310 0001:00072B31   311 0001:00072B91
   312 0001:00072BC8   313 0001:00072BE3   314 0001:00072C18   317 0001:00072DC0
   318 0001:00072DC4   319 0001:00072DD3   320 0001:00072DDD   324 0001:00072DE0
   325 0001:00072DF0   328 0001:00072E08   329 0001:00072E0C   331 0001:00072E1B
   332 0001:00072E3A   336 0001:00072E5E   337 0001:00072E7F   339 0001:00072E9E
   344 0001:00072EA8   345 0001:00072EC1   346 0001:00072EE3   347 0001:00072EF6
   348 0001:00072F09   349 0001:00072F1C   350 0001:00072F2F   351 0001:00072F42
   352 0001:00072F55   353 0001:00072F68   354 0001:00072F7E   355 0001:00072FA9
   356 0001:00072FBC   357 0001:00072FCF   358 0001:00072FE2   359 0001:00072FF2
   360 0001:00073003   361 0001:0007301C   362 0001:00073035   363 0001:0007304E
   364 0001:00073067   365 0001:00073077   366 0001:0007308A   367 0001:0007309D
   368 0001:000730B0   369 0001:000730C3   370 0001:000730D6   371 0001:000730E9
   372 0001:000730FC   373 0001:0007310F   374 0001:00073122   375 0001:00073135
   376 0001:00073148   377 0001:0007315B   378 0001:0007316E   379 0001:00073181
   380 0001:00073194   381 0001:000731A7   382 0001:000731BA   383 0001:000731CD
   384 0001:000731E0   385 0001:000731F3   386 0001:00073206   387 0001:00073219
   388 0001:00073245   389 0001:0007327A   393 0001:000732C8   394 0001:000732D8
   398 0001:000732EC   399 0001:000732FC   403 0001:00073314   404 0001:00073324
   408 0001:0007333C   409 0001:0007334C   413 0001:00073360   414 0001:00073370
   417 0001:00073388   418 0001:0007338B   419 0001:000733A6   420 0001:000733C1
   421 0001:000733DC   422 0001:000733F7   423 0001:00073412   424 0001:0007342D
   425 0001:00073448   426 0001:00073463   427 0001:0007347E   428 0001:00073499
   429 0001:000734B4   430 0001:000734CF   431 0001:000734EA   432 0001:00073505
   433 0001:00073520   434 0001:0007353B   435 0001:00073556   436 0001:00073571
   437 0001:0007358C   439 0001:000735C0   439 0001:000735C7

Line numbers for mMist(mMist.pas) segment .text

   146 0001:000735C8   147 0001:00073618   148 0001:00073626   149 0001:00073630
   150 0001:0007364B   151 0001:00073658   152 0001:00073666   153 0001:00073671
   154 0001:0007368A   155 0001:00073695   156 0001:000736A3   157 0001:000736B3
   158 0001:000736EB   159 0001:00073723   160 0001:00073730   161 0001:00073740
   162 0001:0007374E   163 0001:00073754   165 0001:000737A8   166 0001:000737B3
   167 0001:000737C5   168 0001:000737CF   169 0001:000737D9   170 0001:000737E2
   172 0001:0007380A   174 0001:00073820   176 0001:00073877   332 0001:000738E8
   332 0001:000738EF

Line numbers for mrarexe(mrarexe.pas) segment .text

    47 0001:00073BA0    48 0001:00073BAA    53 0001:00073BAC    54 0001:00073BE0
    55 0001:00073BF3    56 0001:00073C03    57 0001:00073C13    58 0001:00073C23
    59 0001:00073C75    60 0001:00073CBB    67 0001:00073CD0    68 0001:00073CF8
    69 0001:00073D06    71 0001:00073D12    72 0001:00073D3E    74 0001:00073D43
    75 0001:00073D51    76 0001:00073D5E    77 0001:00073D6B    78 0001:00073D78
    79 0001:00073D84    80 0001:00073DA3    81 0001:00073DC2    82 0001:00073DE1
    83 0001:00073E00    85 0001:00073E2D    87 0001:00073E61    89 0001:00073EC6
    91 0001:00073EFE    92 0001:00073F0A    93 0001:00073F19    96 0001:00073F6C
    99 0001:00073FD1   100 0001:00074005   101 0001:00074046   104 0001:00074100
   105 0001:00074116   106 0001:0007415E   109 0001:00074164   110 0001:0007417C
   111 0001:000741AD   112 0001:000741C0   113 0001:000741D3   114 0001:000741E6
   115 0001:000741F9   116 0001:0007420C   117 0001:0007421F   118 0001:00074232
   119 0001:00074245   120 0001:0007425B   121 0001:00074286   122 0001:00074299
   123 0001:000742AC   124 0001:000742BF   125 0001:000742F4   127 0001:00074364
   127 0001:0007436B

Line numbers for mrepairrar(mrepairrar.pas) segment .text

    53 0001:000745E8    54 0001:0007461C    55 0001:0007462F    56 0001:0007463F
    57 0001:0007464F    58 0001:0007465F    59 0001:000746B8    60 0001:000746FE
    64 0001:00074710    65 0001:0007471A    70 0001:0007471C    71 0001:00074743
    72 0001:00074751    74 0001:0007475D    75 0001:00074789    77 0001:0007478E
    78 0001:0007479C    79 0001:000747A9    80 0001:000747B6    81 0001:000747C3
    82 0001:000747CF    83 0001:000747E6    84 0001:0007480B    85 0001:00074830
    86 0001:0007485F    88 0001:0007489A    89 0001:000748A6    90 0001:000748BA
    92 0001:000748DD    93 0001:00074929    97 0001:00074945    98 0001:00074991
   100 0001:000749AB   102 0001:000749D2   103 0001:00074A06   106 0001:00074A84
   107 0001:00074A9A   108 0001:00074AE2   111 0001:00074AE8   112 0001:00074B00
   113 0001:00074B31   114 0001:00074B44   115 0001:00074B57   116 0001:00074B6A
   117 0001:00074B7D   118 0001:00074B90   119 0001:00074BA3   120 0001:00074BB6
   121 0001:00074BC9   122 0001:00074BDF   123 0001:00074C31   125 0001:00074CBC
   125 0001:00074CC3

Line numbers for mAceComments(mAceComments.pas) segment .text

    46 0001:00074ECC    47 0001:00074ED6    52 0001:00074ED8    53 0001:00074EDE
    54 0001:00074EED    55 0001:00074EF9    56 0001:00074F05    57 0001:00074F11
    58 0001:00074F23    63 0001:00074F2C    64 0001:00074F4B    65 0001:00074F6B
    66 0001:00074F7A    67 0001:00074F99    66 0001:00074FEB    68 0001:00074FEE
    71 0001:00074FFD    72 0001:0007503C    73 0001:0007507A    74 0001:00075087
    75 0001:000750A8    76 0001:000750D7    79 0001:0007516C    80 0001:0007518F
    81 0001:000751C0    82 0001:000751D3    83 0001:000751E6    84 0001:000751F9
    85 0001:00075205    87 0001:00075226    88 0001:00075262    89 0001:0007529C
    90 0001:000752A9    93 0001:000752D7    94 0001:000752F7    96 0001:00075306
    97 0001:00075312    98 0001:00075325    99 0001:00075338   101 0001:00075369
   103 0001:00075448   103 0001:0007544F

Line numbers for maceexe(maceexe.pas) segment .text

    48 0001:00075700    49 0001:0007570A    54 0001:0007570C    55 0001:00075740
    56 0001:00075753    57 0001:00075763    58 0001:00075773    59 0001:00075783
    60 0001:000757D5    61 0001:0007581B    68 0001:00075830    69 0001:00075858
    70 0001:00075866    72 0001:00075872    73 0001:0007589E    75 0001:000758A3
    76 0001:000758B1    77 0001:000758BE    78 0001:000758CB    79 0001:000758D8
    80 0001:000758E4    81 0001:00075905    82 0001:00075926    83 0001:00075947
    85 0001:00075966    87 0001:00075993    88 0001:000759C7    90 0001:000759FB
    91 0001:00075A2A    93 0001:00075A8F    95 0001:00075AC7    96 0001:00075AD3
    97 0001:00075AE2   100 0001:00075B35   101 0001:00075B56   104 0001:00075BBB
   105 0001:00075BEF   106 0001:00075C17   107 0001:00075C5B   110 0001:00075D40
   111 0001:00075D56   112 0001:00075D9E   115 0001:00075DA4   116 0001:00075DBC
   117 0001:00075DED   118 0001:00075E00   119 0001:00075E13   120 0001:00075E26
   121 0001:00075E39   122 0001:00075E4C   123 0001:00075E5F   124 0001:00075E72
   125 0001:00075E85   126 0001:00075E9B   127 0001:00075EC6   128 0001:00075ED9
   129 0001:00075EEC   130 0001:00075EFF   131 0001:00075F34   133 0001:00075FA4
   133 0001:00075FAB

Line numbers for maceprefs(maceprefs.pas) segment .text

    85 0001:000764E8    86 0001:0007651D    87 0001:00076538    88 0001:0007654F
    89 0001:00076569    90 0001:00076596    97 0001:0007659C    98 0001:000765E6
    99 0001:00076609   101 0001:0007661D   102 0001:00076630   103 0001:00076640
   104 0001:0007664E   105 0001:0007665F   106 0001:0007666D   107 0001:00076684
   108 0001:00076696   109 0001:000766AB   110 0001:000766C0   112 0001:000766D3
   113 0001:00076704   114 0001:0007672B   116 0001:0007672D   117 0001:0007672E
   118 0001:0007673B   119 0001:00076741   120 0001:0007674E   121 0001:0007676E
   122 0001:0007678E   123 0001:000767AE   124 0001:000767C0   126 0001:000767EC
   127 0001:000767F9   128 0001:00076819   129 0001:00076839   130 0001:00076859
   131 0001:00076879   132 0001:0007688B   134 0001:000768B7   135 0001:000768C7
   136 0001:000768FF   137 0001:00076921   138 0001:00076941   139 0001:0007694F
   140 0001:0007695D   141 0001:0007696B   142 0001:00076989   146 0001:0007699B
   147 0001:000769AB   148 0001:000769BE   150 0001:00076A3D   153 0001:00076AF0
   154 0001:00076AF3   155 0001:00076B0E   156 0001:00076B29   157 0001:00076B44
   158 0001:00076B5F   161 0001:00076B64   162 0001:00076B7A   163 0001:00076BC2
   167 0001:00076BC8   168 0001:00076BD8   172 0001:00076BEC   173 0001:00076BFC
   177 0001:00076C14   178 0001:00076C24   182 0001:00076C38   183 0001:00076C42
   189 0001:00076C44   190 0001:00076C73   191 0001:00076C86   192 0001:00076C96
   193 0001:00076CB1   194 0001:00076CCE   195 0001:00076CEA   196 0001:00076D06
   197 0001:00076D22   199 0001:00076D3C   200 0001:00076D6E   201 0001:00076D73
   202 0001:00076D83   201 0001:00076D89   203 0001:00076D8C   204 0001:00076DB4
   205 0001:00076DE0   206 0001:00076E0C   207 0001:00076E5D   208 0001:00076E8B
   209 0001:00076EA5   210 0001:00076ED1   212 0001:00076EE3   213 0001:00076F11
   215 0001:00076F50   216 0001:00076F7C   217 0001:00076FB3   218 0001:00077013
   219 0001:0007704A   220 0001:00077065   221 0001:0007709A   224 0001:00077164
   225 0001:00077168   226 0001:00077177   227 0001:00077181   231 0001:00077184
   232 0001:00077194   237 0001:000771AC   238 0001:000771C5   239 0001:000771E7
   240 0001:000771FA   241 0001:0007720D   242 0001:00077220   243 0001:00077233
   244 0001:00077246   245 0001:00077256   246 0001:00077267   247 0001:00077280
   248 0001:00077299   249 0001:000772B2   250 0001:000772CB   251 0001:000772DB
   252 0001:000772EE   253 0001:00077301   254 0001:00077314   255 0001:00077327
   256 0001:0007733A   257 0001:0007734D   258 0001:00077360   259 0001:00077376
   260 0001:000773A1   261 0001:000773B1   262 0001:000773C2   263 0001:000773DB
   264 0001:000773F4   265 0001:0007740D   266 0001:00077426   267 0001:00077436
   268 0001:00077449   269 0001:0007745C   270 0001:0007746F   271 0001:00077482
   272 0001:00077495   273 0001:000774A8   274 0001:000774BB   275 0001:000774CE
   276 0001:000774E1   277 0001:000774F4   278 0001:00077507   279 0001:0007751A
   280 0001:0007752D   281 0001:00077540   282 0001:00077553   283 0001:00077566
   284 0001:000775B4   288 0001:00077604   289 0001:00077614   293 0001:00077628
   294 0001:00077638   298 0001:00077650   299 0001:00077660   303 0001:00077678
   304 0001:00077688   306 0001:000776CC   306 0001:000776D3

Line numbers for mrepairace(mrepairace.pas) segment .text

    53 0001:00077950    54 0001:00077984    55 0001:00077997    56 0001:000779A7
    57 0001:000779B7    58 0001:000779C7    59 0001:00077A20    60 0001:00077A66
    64 0001:00077A78    65 0001:00077A82    70 0001:00077A84    71 0001:00077AAC
    72 0001:00077ABA    74 0001:00077AC6    75 0001:00077AF2    77 0001:00077AF7
    78 0001:00077B04    79 0001:00077B11    80 0001:00077B1E    81 0001:00077B25
    83 0001:00077B4D    84 0001:00077B80    86 0001:00077BBB    87 0001:00077BC2
    88 0001:00077BD6    89 0001:00077BF3    91 0001:00077C1D    92 0001:00077C69
    93 0001:00077C86    97 0001:00077CAF    98 0001:00077CFB    99 0001:00077D39
   102 0001:00077DB0   103 0001:00077DC6   104 0001:00077E0E   107 0001:00077E14
   108 0001:00077E2C   109 0001:00077E5D   110 0001:00077E70   111 0001:00077E83
   112 0001:00077E96   113 0001:00077EA9   114 0001:00077EBC   115 0001:00077ECF
   116 0001:00077EE2   117 0001:00077EF5   118 0001:00077F0B   119 0001:00077F5D
   121 0001:00077FE8   121 0001:00077FEF

Line numbers for mRarComments(mRarComments.pas) segment .text

    44 0001:000781F8    45 0001:00078202    50 0001:00078204    51 0001:0007820A
    52 0001:00078219    53 0001:00078225    54 0001:00078231    55 0001:0007823D
    56 0001:0007824F    61 0001:00078258    62 0001:00078277    63 0001:00078297
    64 0001:000782A6    65 0001:000782C5    64 0001:00078317    66 0001:0007831A
    67 0001:00078329    68 0001:00078368    69 0001:000783A6    70 0001:000783B3
    71 0001:000783D4    72 0001:00078403    75 0001:00078480    76 0001:000784A3
    77 0001:000784D4    78 0001:000784E7    79 0001:000784FA    80 0001:0007850D
    81 0001:0007852E    82 0001:0007856A    83 0001:000785A4    84 0001:000785B1
    87 0001:000785DF    88 0001:000785FF    90 0001:0007860E    91 0001:0007861A
    92 0001:0007862D    93 0001:00078640    95 0001:00078671    97 0001:00078750
    97 0001:00078757

Line numbers for mTVEx(F:\Codex Suite\Power Toys\Extended Archives\mTVEx\mTVEx.dpr) segment .text

    47 0001:00078758    48 0001:0007875B    49 0001:00078765    54 0001:0007876C
    55 0001:00078784    56 0001:00078793    61 0001:0007881C    65 0001:000788B8
    66 0001:000788BB    68 0001:000788BE    71 0001:000788C4    72 0001:000788EC
    73 0001:000788F6    74 0001:00078903    76 0001:0007891C    79 0001:00078965
    81 0001:0007897E    84 0001:000789BB    86 0001:000789D4    89 0001:00078A11
    91 0001:00078A2A    94 0001:00078A67    96 0001:00078A80    99 0001:00078ABD
   101 0001:00078AD6   104 0001:00078B1F   106 0001:00078B38   109 0001:00078B75
   111 0001:00078B8E   114 0001:00078BCB   116 0001:00078BE4   119 0001:00078C21
   121 0001:00078C3A   124 0001:00078C77   126 0001:00078C90   127 0001:00078CA6
   128 0001:00078CB5   130 0001:00078CC1   132 0001:00078CDA   133 0001:00078CF0
   134 0001:00078CFF   136 0001:00078D0B   138 0001:00078D2A   139 0001:00078D40
   140 0001:00078D4F   142 0001:00078D5B   144 0001:00078D7A   145 0001:00078D90
   146 0001:00078D9F   148 0001:00078DAB   150 0001:00078DCA   151 0001:00078DE0
   152 0001:00078DEF   154 0001:00078DFB   156 0001:00078E1A   157 0001:00078E30
   158 0001:00078E3F   160 0001:00078E4B   162 0001:00078E6A   163 0001:00078E80
   164 0001:00078E8F   166 0001:00078E9B   168 0001:00078EBA   169 0001:00078ED0
   170 0001:00078EDF   172 0001:00078F10   177 0001:00079180   178 0001:000791AA
   179 0001:000791B8   180 0001:000791C4   181 0001:000791E0   182 0001:00079204
   183 0001:0007922D   184 0001:00079234   185 0001:0007925A   186 0001:00079284
   187 0001:000792AE   188 0001:000792F8   190 0001:0007930B   191 0001:0007933A
   192 0001:00079369   193 0001:00079398   194 0001:000793C7   195 0001:000793F6
   197 0001:00079425   199 0001:00079438   200 0001:00079467   201 0001:00079496
   203 0001:000794C5   204 0001:000794F4   206 0001:00079523   207 0001:0007952A
   208 0001:00079553   215 0001:000796FC   216 0001:0007971C   220 0001:00079729
   221 0001:000797AA   223 0001:000797AF   225 0001:000797BD   226 0001:000797C9
   227 0001:000797D7   228 0001:000797DE   230 0001:000797F3   231 0001:0007980B
   232 0001:00079838   228 0001:00079839   233 0001:0007983C   234 0001:00079856
   237 0001:000798ED   244 0001:000799B4   245 0001:000799D4   249 0001:000799E1
   250 0001:00079A62   252 0001:00079A67   253 0001:00079A76   254 0001:00079A83
   256 0001:00079A98   257 0001:00079AC3   258 0001:00079AF0   254 0001:00079AF1
   259 0001:00079AF4   260 0001:00079B01   261 0001:00079B09   262 0001:00079B23
   265 0001:00079BBA   275 0001:0007A018   276 0001:0007A048   277 0001:0007A059
   278 0001:0007A065   279 0001:0007A07B   280 0001:0007A087   281 0001:0007A0B4
   282 0001:0007A0D5   283 0001:0007A0E4   284 0001:0007A105   285 0001:0007A114
   286 0001:0007A13D

Bound resource files

f:\packages\delphi7\XPTheme.res
c:\program files\borland\delphi7\Lib\Buttons.res
c:\program files\borland\delphi7\Lib\ExtDlgs.res
c:\program files\borland\delphi7\Lib\Controls.res
c:\program files\borland\delphi7\Lib\FileCtrl.res
c:\program files\borland\delphi7\Lib\Tabs.res
f:\Codex Suite\API\CodexShellHandler\uAbout.DFM
f:\Codex Suite\API\Bindings\uBindingsGui.dfm
f:\Codex Suite\API\CodexShellHandler\uCodexShellReg.DFM
f:\Codex Suite\API\CodexShellHandler\uSplash.DFM
f:\Codex Suite\Control Panel\uContextMenus.dfm
mrarprefs.DFM
mrarexe.DFM
mrepairrar.DFM
mAceComments.DFM
maceexe.DFM
maceprefs.DFM
mrepairace.DFM
mRarComments.DFM
f:\Codex Suite\API\CodexShellHandler\mCodex.res
mTVEx.res
mTVEx.drf


Program entry point at 0001:0007A018
